Archive member included to satisfy reference by file (symbol)

c:/st/stm32cubeide_1.6.1/stm32cubeide/plugins/com.st.stm32cube.ide.mcu.externaltools.gnu-tools-for-stm32.9-2020-q2-update.win32_1.5.0.202011040924/tools/bin/../lib/gcc/arm-none-eabi/9.3.1/../../../../arm-none-eabi/lib/thumb/v7-m/nofp\libc_nano.a(lib_a-errno.o)
                              Src/syscalls.o (__errno)
c:/st/stm32cubeide_1.6.1/stm32cubeide/plugins/com.st.stm32cube.ide.mcu.externaltools.gnu-tools-for-stm32.9-2020-q2-update.win32_1.5.0.202011040924/tools/bin/../lib/gcc/arm-none-eabi/9.3.1/../../../../arm-none-eabi/lib/thumb/v7-m/nofp\libc_nano.a(lib_a-exit.o)
                              c:/st/stm32cubeide_1.6.1/stm32cubeide/plugins/com.st.stm32cube.ide.mcu.externaltools.gnu-tools-for-stm32.9-2020-q2-update.win32_1.5.0.202011040924/tools/bin/../lib/gcc/arm-none-eabi/9.3.1/../../../../arm-none-eabi/lib/thumb/v7-m/nofp/crt0.o (exit)
c:/st/stm32cubeide_1.6.1/stm32cubeide/plugins/com.st.stm32cube.ide.mcu.externaltools.gnu-tools-for-stm32.9-2020-q2-update.win32_1.5.0.202011040924/tools/bin/../lib/gcc/arm-none-eabi/9.3.1/../../../../arm-none-eabi/lib/thumb/v7-m/nofp\libc_nano.a(lib_a-impure.o)
                              c:/st/stm32cubeide_1.6.1/stm32cubeide/plugins/com.st.stm32cube.ide.mcu.externaltools.gnu-tools-for-stm32.9-2020-q2-update.win32_1.5.0.202011040924/tools/bin/../lib/gcc/arm-none-eabi/9.3.1/../../../../arm-none-eabi/lib/thumb/v7-m/nofp\libc_nano.a(lib_a-exit.o) (_global_impure_ptr)
c:/st/stm32cubeide_1.6.1/stm32cubeide/plugins/com.st.stm32cube.ide.mcu.externaltools.gnu-tools-for-stm32.9-2020-q2-update.win32_1.5.0.202011040924/tools/bin/../lib/gcc/arm-none-eabi/9.3.1/../../../../arm-none-eabi/lib/thumb/v7-m/nofp\libc_nano.a(lib_a-init.o)
                              c:/st/stm32cubeide_1.6.1/stm32cubeide/plugins/com.st.stm32cube.ide.mcu.externaltools.gnu-tools-for-stm32.9-2020-q2-update.win32_1.5.0.202011040924/tools/bin/../lib/gcc/arm-none-eabi/9.3.1/../../../../arm-none-eabi/lib/thumb/v7-m/nofp/crt0.o (__libc_init_array)
c:/st/stm32cubeide_1.6.1/stm32cubeide/plugins/com.st.stm32cube.ide.mcu.externaltools.gnu-tools-for-stm32.9-2020-q2-update.win32_1.5.0.202011040924/tools/bin/../lib/gcc/arm-none-eabi/9.3.1/../../../../arm-none-eabi/lib/thumb/v7-m/nofp\libc_nano.a(lib_a-memset.o)
                              c:/st/stm32cubeide_1.6.1/stm32cubeide/plugins/com.st.stm32cube.ide.mcu.externaltools.gnu-tools-for-stm32.9-2020-q2-update.win32_1.5.0.202011040924/tools/bin/../lib/gcc/arm-none-eabi/9.3.1/../../../../arm-none-eabi/lib/thumb/v7-m/nofp/crt0.o (memset)
c:/st/stm32cubeide_1.6.1/stm32cubeide/plugins/com.st.stm32cube.ide.mcu.externaltools.gnu-tools-for-stm32.9-2020-q2-update.win32_1.5.0.202011040924/tools/bin/../lib/gcc/arm-none-eabi/9.3.1/thumb/v7-m/nofp\libgcc.a(_arm_muldf3.o)
                              Src/IMU.o (__aeabi_dmul)
c:/st/stm32cubeide_1.6.1/stm32cubeide/plugins/com.st.stm32cube.ide.mcu.externaltools.gnu-tools-for-stm32.9-2020-q2-update.win32_1.5.0.202011040924/tools/bin/../lib/gcc/arm-none-eabi/9.3.1/thumb/v7-m/nofp\libgcc.a(_arm_addsubdf3.o)
                              Src/IMU.o (__aeabi_i2d)
c:/st/stm32cubeide_1.6.1/stm32cubeide/plugins/com.st.stm32cube.ide.mcu.externaltools.gnu-tools-for-stm32.9-2020-q2-update.win32_1.5.0.202011040924/tools/bin/../lib/gcc/arm-none-eabi/9.3.1/thumb/v7-m/nofp\libgcc.a(_arm_fixdfsi.o)
                              Src/IMU.o (__aeabi_d2iz)

Allocating common symbols
Common symbol       size              file

sFilterConfig       0x28              Src/can.o
accelY              0x2               Src/IMU.o
accelX              0x2               Src/IMU.o
hi2c1               0x54              Src/IMU.o
gyroX               0x2               Src/IMU.o
hcan                0x28              Src/can.o
uwTick              0x4               Drivers/STM32F1xx_HAL_Driver/Src/stm32f1xx_hal.o
temp                0x2               Src/IMU.o
pFlash              0x20              Drivers/STM32F1xx_HAL_Driver/Src/stm32f1xx_hal_flash.o
gyroZ               0x2               Src/IMU.o
huart1              0x40              Src/usart.o
TxData              0x8               Src/can.o
TxMailbox           0x4               Src/can.o
accelZ              0x2               Src/IMU.o
timer1              0x4               Src/IMU.o
RxData              0x8               Src/can.o
TxHeader            0x18              Src/can.o
gyroY               0x2               Src/IMU.o
RxHeader            0x1c              Src/can.o

Discarded input sections

 .text          0x0000000000000000        0x0 c:/st/stm32cubeide_1.6.1/stm32cubeide/plugins/com.st.stm32cube.ide.mcu.externaltools.gnu-tools-for-stm32.9-2020-q2-update.win32_1.5.0.202011040924/tools/bin/../lib/gcc/arm-none-eabi/9.3.1/thumb/v7-m/nofp/crti.o
[...]
Memory Configuration

Name             Origin             Length             Attributes
RAM              0x0000000020000000 0x0000000000005000 xrw
FLASH            0x0000000008000000 0x0000000000010000 xr
*default*        0x0000000000000000 0xffffffffffffffff

Linker script and memory map

LOAD c:/st/stm32cubeide_1.6.1/stm32cubeide/plugins/com.st.stm32cube.ide.mcu.externaltools.gnu-tools-for-stm32.9-2020-q2-update.win32_1.5.0.202011040924/tools/bin/../lib/gcc/arm-none-eabi/9.3.1/thumb/v7-m/nofp/crti.o
LOAD c:/st/stm32cubeide_1.6.1/stm32cubeide/plugins/com.st.stm32cube.ide.mcu.externaltools.gnu-tools-for-stm32.9-2020-q2-update.win32_1.5.0.202011040924/tools/bin/../lib/gcc/arm-none-eabi/9.3.1/thumb/v7-m/nofp/crtbegin.o
LOAD c:/st/stm32cubeide_1.6.1/stm32cubeide/plugins/com.st.stm32cube.ide.mcu.externaltools.gnu-tools-for-stm32.9-2020-q2-update.win32_1.5.0.202011040924/tools/bin/../lib/gcc/arm-none-eabi/9.3.1/../../../../arm-none-eabi/lib/thumb/v7-m/nofp/crt0.o
LOAD Drivers/STM32F1xx_HAL_Driver/Src/stm32f1xx_hal.o
LOAD Drivers/STM32F1xx_HAL_Driver/Src/stm32f1xx_hal_can.o
LOAD Drivers/STM32F1xx_HAL_Driver/Src/stm32f1xx_hal_cortex.o
LOAD Drivers/STM32F1xx_HAL_Driver/Src/stm32f1xx_hal_dma.o
LOAD Drivers/STM32F1xx_HAL_Driver/Src/stm32f1xx_hal_exti.o
LOAD Drivers/STM32F1xx_HAL_Driver/Src/stm32f1xx_hal_flash.o
LOAD Drivers/STM32F1xx_HAL_Driver/Src/stm32f1xx_hal_flash_ex.o
LOAD Drivers/STM32F1xx_HAL_Driver/Src/stm32f1xx_hal_gpio.o
LOAD Drivers/STM32F1xx_HAL_Driver/Src/stm32f1xx_hal_gpio_ex.o
LOAD Drivers/STM32F1xx_HAL_Driver/Src/stm32f1xx_hal_i2c.o
LOAD Drivers/STM32F1xx_HAL_Driver/Src/stm32f1xx_hal_pwr.o
LOAD Drivers/STM32F1xx_HAL_Driver/Src/stm32f1xx_hal_rcc.o
LOAD Drivers/STM32F1xx_HAL_Driver/Src/stm32f1xx_hal_rcc_ex.o
LOAD Drivers/STM32F1xx_HAL_Driver/Src/stm32f1xx_hal_tim.o
LOAD Drivers/STM32F1xx_HAL_Driver/Src/stm32f1xx_hal_tim_ex.o
LOAD Drivers/STM32F1xx_HAL_Driver/Src/stm32f1xx_hal_uart.o
LOAD Src/IMU.o
LOAD Src/can.o
LOAD Src/can_log.o
LOAD Src/gpio.o
LOAD Src/i2c.o
LOAD Src/main.o
LOAD Src/stm32f1xx_hal_msp.o
LOAD Src/stm32f1xx_it.o
LOAD Src/syscalls.o
LOAD Src/system_stm32f1xx.o
LOAD Src/usart.o
LOAD startup/startup_stm32f103xb.o
START GROUP
LOAD c:/st/stm32cubeide_1.6.1/stm32cubeide/plugins/com.st.stm32cube.ide.mcu.externaltools.gnu-tools-for-stm32.9-2020-q2-update.win32_1.5.0.202011040924/tools/bin/../lib/gcc/arm-none-eabi/9.3.1/../../../../arm-none-eabi/lib/thumb/v7-m/nofp\libc_nano.a
LOAD c:/st/stm32cubeide_1.6.1/stm32cubeide/plugins/com.st.stm32cube.ide.mcu.externaltools.gnu-tools-for-stm32.9-2020-q2-update.win32_1.5.0.202011040924/tools/bin/../lib/gcc/arm-none-eabi/9.3.1/../../../../arm-none-eabi/lib/thumb/v7-m/nofp\libm.a
END GROUP
START GROUP
LOAD c:/st/stm32cubeide_1.6.1/stm32cubeide/plugins/com.st.stm32cube.ide.mcu.externaltools.gnu-tools-for-stm32.9-2020-q2-update.win32_1.5.0.202011040924/tools/bin/../lib/gcc/arm-none-eabi/9.3.1/thumb/v7-m/nofp\libgcc.a
LOAD c:/st/stm32cubeide_1.6.1/stm32cubeide/plugins/com.st.stm32cube.ide.mcu.externaltools.gnu-tools-for-stm32.9-2020-q2-update.win32_1.5.0.202011040924/tools/bin/../lib/gcc/arm-none-eabi/9.3.1/../../../../arm-none-eabi/lib/thumb/v7-m/nofp\libc_nano.a
END GROUP
START GROUP
LOAD c:/st/stm32cubeide_1.6.1/stm32cubeide/plugins/com.st.stm32cube.ide.mcu.externaltools.gnu-tools-for-stm32.9-2020-q2-update.win32_1.5.0.202011040924/tools/bin/../lib/gcc/arm-none-eabi/9.3.1/thumb/v7-m/nofp\libgcc.a
LOAD c:/st/stm32cubeide_1.6.1/stm32cubeide/plugins/com.st.stm32cube.ide.mcu.externaltools.gnu-tools-for-stm32.9-2020-q2-update.win32_1.5.0.202011040924/tools/bin/../lib/gcc/arm-none-eabi/9.3.1/../../../../arm-none-eabi/lib/thumb/v7-m/nofp\libc_nano.a
LOAD c:/st/stm32cubeide_1.6.1/stm32cubeide/plugins/com.st.stm32cube.ide.mcu.externaltools.gnu-tools-for-stm32.9-2020-q2-update.win32_1.5.0.202011040924/tools/bin/../lib/gcc/arm-none-eabi/9.3.1/../../../../arm-none-eabi/lib/thumb/v7-m/nofp\libnosys.a
END GROUP
START GROUP
LOAD c:/st/stm32cubeide_1.6.1/stm32cubeide/plugins/com.st.stm32cube.ide.mcu.externaltools.gnu-tools-for-stm32.9-2020-q2-update.win32_1.5.0.202011040924/tools/bin/../lib/gcc/arm-none-eabi/9.3.1/thumb/v7-m/nofp\libgcc.a
LOAD c:/st/stm32cubeide_1.6.1/stm32cubeide/plugins/com.st.stm32cube.ide.mcu.externaltools.gnu-tools-for-stm32.9-2020-q2-update.win32_1.5.0.202011040924/tools/bin/../lib/gcc/arm-none-eabi/9.3.1/../../../../arm-none-eabi/lib/thumb/v7-m/nofp\libc_nano.a
LOAD c:/st/stm32cubeide_1.6.1/stm32cubeide/plugins/com.st.stm32cube.ide.mcu.externaltools.gnu-tools-for-stm32.9-2020-q2-update.win32_1.5.0.202011040924/tools/bin/../lib/gcc/arm-none-eabi/9.3.1/../../../../arm-none-eabi/lib/thumb/v7-m/nofp\libnosys.a
END GROUP
LOAD c:/st/stm32cubeide_1.6.1/stm32cubeide/plugins/com.st.stm32cube.ide.mcu.externaltools.gnu-tools-for-stm32.9-2020-q2-update.win32_1.5.0.202011040924/tools/bin/../lib/gcc/arm-none-eabi/9.3.1/thumb/v7-m/nofp/crtend.o
LOAD c:/st/stm32cubeide_1.6.1/stm32cubeide/plugins/com.st.stm32cube.ide.mcu.externaltools.gnu-tools-for-stm32.9-2020-q2-update.win32_1.5.0.202011040924/tools/bin/../lib/gcc/arm-none-eabi/9.3.1/thumb/v7-m/nofp/crtn.o
                0x0000000020005000                _estack = 0x20005000
                0x0000000000000200                _Min_Heap_Size = 0x200
                0x0000000000000400                _Min_Stack_Size = 0x400

.isr_vector     0x0000000008000000      0x10c
                0x0000000008000000                . = ALIGN (0x4)
 *(.isr_vector)
 .isr_vector    0x0000000008000000      0x10c startup/startup_stm32f103xb.o
                0x0000000008000000                g_pfnVectors
                0x000000000800010c                . = ALIGN (0x4)

.text           0x000000000800010c     0x2ad4
                0x000000000800010c                . = ALIGN (0x4)
 *(.text)
 .text          0x000000000800010c       0x40 c:/st/stm32cubeide_1.6.1/stm32cubeide/plugins/com.st.stm32cube.ide.mcu.externaltools.gnu-tools-for-stm32.9-2020-q2-update.win32_1.5.0.202011040924/tools/bin/../lib/gcc/arm-none-eabi/9.3.1/thumb/v7-m/nofp/crtbegin.o
 .text          0x000000000800014c      0x254 c:/st/stm32cubeide_1.6.1/stm32cubeide/plugins/com.st.stm32cube.ide.mcu.externaltools.gnu-tools-for-stm32.9-2020-q2-update.win32_1.5.0.202011040924/tools/bin/../lib/gcc/arm-none-eabi/9.3.1/thumb/v7-m/nofp\libgcc.a(_arm_muldf3.o)
                0x000000000800014c                __muldf3
                0x000000000800014c                __aeabi_dmul
 .text          0x00000000080003a0      0x378 c:/st/stm32cubeide_1.6.1/stm32cubeide/plugins/com.st.stm32cube.ide.mcu.externaltools.gnu-tools-for-stm32.9-2020-q2-update.win32_1.5.0.202011040924/tools/bin/../lib/gcc/arm-none-eabi/9.3.1/thumb/v7-m/nofp\libgcc.a(_arm_addsubdf3.o)
                0x00000000080003a0                __aeabi_drsub
                0x00000000080003a8                __aeabi_dsub
                0x00000000080003a8                __subdf3
                0x00000000080003ac                __aeabi_dadd
                0x00000000080003ac                __adddf3
                0x0000000008000624                __floatunsidf
                0x0000000008000624                __aeabi_ui2d
                0x0000000008000644                __floatsidf
                0x0000000008000644                __aeabi_i2d
                0x0000000008000668                __aeabi_f2d
                0x0000000008000668                __extendsfdf2
                0x00000000080006ac                __floatundidf
                0x00000000080006ac                __aeabi_ul2d
                0x00000000080006bc                __floatdidf
                0x00000000080006bc                __aeabi_l2d
 .text          0x0000000008000718       0x50 c:/st/stm32cubeide_1.6.1/stm32cubeide/plugins/com.st.stm32cube.ide.mcu.externaltools.gnu-tools-for-stm32.9-2020-q2-update.win32_1.5.0.202011040924/tools/bin/../lib/gcc/arm-none-eabi/9.3.1/thumb/v7-m/nofp\libgcc.a(_arm_fixdfsi.o)
                0x0000000008000718                __aeabi_d2iz
                0x0000000008000718                __fixdfsi
 *(.text*)
 .text.HAL_InitTick
                0x0000000008000768       0x48 Drivers/STM32F1xx_HAL_Driver/Src/stm32f1xx_hal.o
                0x0000000008000768                HAL_InitTick
 .text.HAL_Init
                0x00000000080007b0       0x24 Drivers/STM32F1xx_HAL_Driver/Src/stm32f1xx_hal.o
                0x00000000080007b0                HAL_Init
 .text.HAL_IncTick
                0x00000000080007d4       0x18 Drivers/STM32F1xx_HAL_Driver/Src/stm32f1xx_hal.o
                0x00000000080007d4                HAL_IncTick
 .text.HAL_GetTick
                0x00000000080007ec        0xc Drivers/STM32F1xx_HAL_Driver/Src/stm32f1xx_hal.o
                0x00000000080007ec                HAL_GetTick
 .text.HAL_Delay
                0x00000000080007f8       0x28 Drivers/STM32F1xx_HAL_Driver/Src/stm32f1xx_hal.o
                0x00000000080007f8                HAL_Delay
 .text.HAL_CAN_Init
                0x0000000008000820      0x14c Drivers/STM32F1xx_HAL_Driver/Src/stm32f1xx_hal_can.o
                0x0000000008000820                HAL_CAN_Init
 .text.HAL_CAN_TxMailbox0CompleteCallback
                0x000000000800096c        0x2 Drivers/STM32F1xx_HAL_Driver/Src/stm32f1xx_hal_can.o
                0x000000000800096c                HAL_CAN_TxMailbox0CompleteCallback
 .text.HAL_CAN_TxMailbox1CompleteCallback
                0x000000000800096e        0x2 Drivers/STM32F1xx_HAL_Driver/Src/stm32f1xx_hal_can.o
                0x000000000800096e                HAL_CAN_TxMailbox1CompleteCallback
 .text.HAL_CAN_TxMailbox2CompleteCallback
                0x0000000008000970        0x2 Drivers/STM32F1xx_HAL_Driver/Src/stm32f1xx_hal_can.o
                0x0000000008000970                HAL_CAN_TxMailbox2CompleteCallback
 .text.HAL_CAN_TxMailbox0AbortCallback
                0x0000000008000972        0x2 Drivers/STM32F1xx_HAL_Driver/Src/stm32f1xx_hal_can.o
                0x0000000008000972                HAL_CAN_TxMailbox0AbortCallback
 .text.HAL_CAN_TxMailbox1AbortCallback
                0x0000000008000974        0x2 Drivers/STM32F1xx_HAL_Driver/Src/stm32f1xx_hal_can.o
                0x0000000008000974                HAL_CAN_TxMailbox1AbortCallback
 .text.HAL_CAN_TxMailbox2AbortCallback
                0x0000000008000976        0x2 Drivers/STM32F1xx_HAL_Driver/Src/stm32f1xx_hal_can.o
                0x0000000008000976                HAL_CAN_TxMailbox2AbortCallback
 .text.HAL_CAN_RxFifo0MsgPendingCallback
                0x0000000008000978        0x2 Drivers/STM32F1xx_HAL_Driver/Src/stm32f1xx_hal_can.o
                0x0000000008000978                HAL_CAN_RxFifo0MsgPendingCallback
 .text.HAL_CAN_RxFifo0FullCallback
                0x000000000800097a        0x2 Drivers/STM32F1xx_HAL_Driver/Src/stm32f1xx_hal_can.o
                0x000000000800097a                HAL_CAN_RxFifo0FullCallback
 .text.HAL_CAN_RxFifo1MsgPendingCallback
                0x000000000800097c        0x2 Drivers/STM32F1xx_HAL_Driver/Src/stm32f1xx_hal_can.o
                0x000000000800097c                HAL_CAN_RxFifo1MsgPendingCallback
 .text.HAL_CAN_RxFifo1FullCallback
                0x000000000800097e        0x2 Drivers/STM32F1xx_HAL_Driver/Src/stm32f1xx_hal_can.o
                0x000000000800097e                HAL_CAN_RxFifo1FullCallback
 .text.HAL_CAN_SleepCallback
                0x0000000008000980        0x2 Drivers/STM32F1xx_HAL_Driver/Src/stm32f1xx_hal_can.o
                0x0000000008000980                HAL_CAN_SleepCallback
 .text.HAL_CAN_WakeUpFromRxMsgCallback
                0x0000000008000982        0x2 Drivers/STM32F1xx_HAL_Driver/Src/stm32f1xx_hal_can.o
                0x0000000008000982                HAL_CAN_WakeUpFromRxMsgCallback
 .text.HAL_CAN_ErrorCallback
                0x0000000008000984        0x2 Drivers/STM32F1xx_HAL_Driver/Src/stm32f1xx_hal_can.o
                0x0000000008000984                HAL_CAN_ErrorCallback
 .text.HAL_CAN_IRQHandler
                0x0000000008000986      0x24a Drivers/STM32F1xx_HAL_Driver/Src/stm32f1xx_hal_can.o
                0x0000000008000986                HAL_CAN_IRQHandler
 .text.HAL_NVIC_SetPriorityGrouping
                0x0000000008000bd0       0x24 Drivers/STM32F1xx_HAL_Driver/Src/stm32f1xx_hal_cortex.o
                0x0000000008000bd0                HAL_NVIC_SetPriorityGrouping
 .text.HAL_NVIC_SetPriority
                0x0000000008000bf4       0x68 Drivers/STM32F1xx_HAL_Driver/Src/stm32f1xx_hal_cortex.o
                0x0000000008000bf4                HAL_NVIC_SetPriority
 .text.HAL_NVIC_EnableIRQ
                0x0000000008000c5c       0x1c Drivers/STM32F1xx_HAL_Driver/Src/stm32f1xx_hal_cortex.o
                0x0000000008000c5c                HAL_NVIC_EnableIRQ
 .text.HAL_SYSTICK_Config
                0x0000000008000c78       0x2c Drivers/STM32F1xx_HAL_Driver/Src/stm32f1xx_hal_cortex.o
                0x0000000008000c78                HAL_SYSTICK_Config
 .text.HAL_GPIO_Init
                0x0000000008000ca4      0x220 Drivers/STM32F1xx_HAL_Driver/Src/stm32f1xx_hal_gpio.o
                0x0000000008000ca4                HAL_GPIO_Init
 .text.HAL_GPIO_WritePin
                0x0000000008000ec4        0xc Drivers/STM32F1xx_HAL_Driver/Src/stm32f1xx_hal_gpio.o
                0x0000000008000ec4                HAL_GPIO_WritePin
 .text.HAL_GPIO_TogglePin
                0x0000000008000ed0       0x12 Drivers/STM32F1xx_HAL_Driver/Src/stm32f1xx_hal_gpio.o
                0x0000000008000ed0                HAL_GPIO_TogglePin
 .text.I2C_IsAcknowledgeFailed
                0x0000000008000ee2       0x32 Drivers/STM32F1xx_HAL_Driver/Src/stm32f1xx_hal_i2c.o
 .text.I2C_WaitOnFlagUntilTimeout
                0x0000000008000f14       0x74 Drivers/STM32F1xx_HAL_Driver/Src/stm32f1xx_hal_i2c.o
 .text.I2C_WaitOnMasterAddressFlagUntilTimeout
                0x0000000008000f88       0xaa Drivers/STM32F1xx_HAL_Driver/Src/stm32f1xx_hal_i2c.o
 *fill*         0x0000000008001032        0x2 
 .text.I2C_MasterRequestWrite
                0x0000000008001034       0xb4 Drivers/STM32F1xx_HAL_Driver/Src/stm32f1xx_hal_i2c.o
 .text.I2C_MasterRequestRead
                0x00000000080010e8      0x120 Drivers/STM32F1xx_HAL_Driver/Src/stm32f1xx_hal_i2c.o
 .text.I2C_WaitOnTXEFlagUntilTimeout
                0x0000000008001208       0x54 Drivers/STM32F1xx_HAL_Driver/Src/stm32f1xx_hal_i2c.o
 .text.I2C_RequestMemoryWrite
                0x000000000800125c       0xd8 Drivers/STM32F1xx_HAL_Driver/Src/stm32f1xx_hal_i2c.o
 .text.I2C_WaitOnBTFFlagUntilTimeout
                0x0000000008001334       0x54 Drivers/STM32F1xx_HAL_Driver/Src/stm32f1xx_hal_i2c.o
 .text.I2C_WaitOnRXNEFlagUntilTimeout
                0x0000000008001388       0x6a Drivers/STM32F1xx_HAL_Driver/Src/stm32f1xx_hal_i2c.o
 *fill*         0x00000000080013f2        0x2 
 .text.HAL_I2C_Init
                0x00000000080013f4      0x1bc Drivers/STM32F1xx_HAL_Driver/Src/stm32f1xx_hal_i2c.o
                0x00000000080013f4                HAL_I2C_Init
 .text.HAL_I2C_Master_Transmit
                0x00000000080015b0      0x178 Drivers/STM32F1xx_HAL_Driver/Src/stm32f1xx_hal_i2c.o
                0x00000000080015b0                HAL_I2C_Master_Transmit
 .text.HAL_I2C_Master_Receive
                0x0000000008001728      0x340 Drivers/STM32F1xx_HAL_Driver/Src/stm32f1xx_hal_i2c.o
                0x0000000008001728                HAL_I2C_Master_Receive
 .text.HAL_I2C_Mem_Write
                0x0000000008001a68      0x164 Drivers/STM32F1xx_HAL_Driver/Src/stm32f1xx_hal_i2c.o
                0x0000000008001a68                HAL_I2C_Mem_Write
 .text.RCC_Delay
                0x0000000008001bcc       0x2c Drivers/STM32F1xx_HAL_Driver/Src/stm32f1xx_hal_rcc.o
 .text.HAL_RCC_OscConfig
                0x0000000008001bf8      0x410 Drivers/STM32F1xx_HAL_Driver/Src/stm32f1xx_hal_rcc.o
                0x0000000008001bf8                HAL_RCC_OscConfig
 .text.HAL_RCC_GetSysClockFreq
                0x0000000008002008       0x6c Drivers/STM32F1xx_HAL_Driver/Src/stm32f1xx_hal_rcc.o
                0x0000000008002008                HAL_RCC_GetSysClockFreq
 .text.HAL_RCC_ClockConfig
                0x0000000008002074      0x16c Drivers/STM32F1xx_HAL_Driver/Src/stm32f1xx_hal_rcc.o
                0x0000000008002074                HAL_RCC_ClockConfig
 .text.HAL_RCC_GetHCLKFreq
                0x00000000080021e0        0xc Drivers/STM32F1xx_HAL_Driver/Src/stm32f1xx_hal_rcc.o
                0x00000000080021e0                HAL_RCC_GetHCLKFreq
 .text.HAL_RCC_GetPCLK1Freq
                0x00000000080021ec       0x20 Drivers/STM32F1xx_HAL_Driver/Src/stm32f1xx_hal_rcc.o
                0x00000000080021ec                HAL_RCC_GetPCLK1Freq
 .text.HAL_RCC_GetPCLK2Freq
                0x000000000800220c       0x20 Drivers/STM32F1xx_HAL_Driver/Src/stm32f1xx_hal_rcc.o
                0x000000000800220c                HAL_RCC_GetPCLK2Freq
 .text.UART_SetConfig
                0x000000000800222c       0x90 Drivers/STM32F1xx_HAL_Driver/Src/stm32f1xx_hal_uart.o
 .text.HAL_UART_Init
                0x00000000080022bc       0x5e Drivers/STM32F1xx_HAL_Driver/Src/stm32f1xx_hal_uart.o
                0x00000000080022bc                HAL_UART_Init
 *fill*         0x000000000800231a        0x2 
 .text.Evita_travamento
                0x000000000800231c       0x20 Src/IMU.o
                0x000000000800231c                Evita_travamento
 .text.SetupACEL
                0x000000000800233c      0x10c Src/IMU.o
                0x000000000800233c                SetupACEL
 .text.recordAccelRegisters
                0x0000000008002448      0x100 Src/IMU.o
                0x0000000008002448                recordAccelRegisters
 .text.recordGyroRegisters
                0x0000000008002548       0xcc Src/IMU.o
                0x0000000008002548                recordGyroRegisters
 .text.Pisca_SOS
                0x0000000008002614      0x148 Src/IMU.o
                0x0000000008002614                Pisca_SOS
 .text.Checa_leitura
                0x000000000800275c       0x10 Src/IMU.o
                0x000000000800275c                Checa_leitura
 .text.MX_CAN_Init
                0x000000000800276c       0x40 Src/can.o
                0x000000000800276c                MX_CAN_Init
 .text.HAL_CAN_MspInit
                0x00000000080027ac       0x98 Src/can.o
                0x00000000080027ac                HAL_CAN_MspInit
 .text.MX_GPIO_Init
                0x0000000008002844       0x8c Src/gpio.o
                0x0000000008002844                MX_GPIO_Init
 .text.MX_I2C1_Init
                0x00000000080028d0       0x3c Src/i2c.o
                0x00000000080028d0                MX_I2C1_Init
 .text.HAL_I2C_MspInit
                0x000000000800290c       0x64 Src/i2c.o
                0x000000000800290c                HAL_I2C_MspInit
 .text.SystemClock_Config
                0x0000000008002970       0x52 Src/main.o
                0x0000000008002970                SystemClock_Config
 .text.main     0x00000000080029c2       0x42 Src/main.o
                0x00000000080029c2                main
 .text.Error_Handler
                0x0000000008002a04        0x2 Src/main.o
                0x0000000008002a04                Error_Handler
 *fill*         0x0000000008002a06        0x2 
 .text.HAL_MspInit
                0x0000000008002a08       0x44 Src/stm32f1xx_hal_msp.o
                0x0000000008002a08                HAL_MspInit
 .text.NMI_Handler
                0x0000000008002a4c        0x2 Src/stm32f1xx_it.o
                0x0000000008002a4c                NMI_Handler
 .text.HardFault_Handler
                0x0000000008002a4e        0x2 Src/stm32f1xx_it.o
                0x0000000008002a4e                HardFault_Handler
 .text.MemManage_Handler
                0x0000000008002a50        0x2 Src/stm32f1xx_it.o
                0x0000000008002a50                MemManage_Handler
 .text.BusFault_Handler
                0x0000000008002a52        0x2 Src/stm32f1xx_it.o
                0x0000000008002a52                BusFault_Handler
 .text.UsageFault_Handler
                0x0000000008002a54        0x2 Src/stm32f1xx_it.o
                0x0000000008002a54                UsageFault_Handler
 .text.SVC_Handler
                0x0000000008002a56        0x2 Src/stm32f1xx_it.o
                0x0000000008002a56                SVC_Handler
 .text.DebugMon_Handler
                0x0000000008002a58        0x2 Src/stm32f1xx_it.o
                0x0000000008002a58                DebugMon_Handler
 .text.PendSV_Handler
                0x0000000008002a5a        0x2 Src/stm32f1xx_it.o
                0x0000000008002a5a                PendSV_Handler
 .text.SysTick_Handler
                0x0000000008002a5c        0x8 Src/stm32f1xx_it.o
                0x0000000008002a5c                SysTick_Handler
 .text.USB_HP_CAN1_TX_IRQHandler
                0x0000000008002a64       0x10 Src/stm32f1xx_it.o
                0x0000000008002a64                USB_HP_CAN1_TX_IRQHandler
 .text.USB_LP_CAN1_RX0_IRQHandler
                0x0000000008002a74       0x10 Src/stm32f1xx_it.o
                0x0000000008002a74                USB_LP_CAN1_RX0_IRQHandler
 .text.SystemInit
                0x0000000008002a84        0x2 Src/system_stm32f1xx.o
                0x0000000008002a84                SystemInit
 *fill*         0x0000000008002a86        0x2 
 .text.MX_USART1_UART_Init
                0x0000000008002a88       0x34 Src/usart.o
                0x0000000008002a88                MX_USART1_UART_Init
 .text.HAL_UART_MspInit
                0x0000000008002abc       0x78 Src/usart.o
                0x0000000008002abc                HAL_UART_MspInit
 .text.Reset_Handler
                0x0000000008002b34       0x48 startup/startup_stm32f103xb.o
                0x0000000008002b34                Reset_Handler
 .text.Default_Handler
                0x0000000008002b7c        0x2 startup/startup_stm32f103xb.o
                0x0000000008002b7c                RTC_Alarm_IRQHandler
                0x0000000008002b7c                EXTI2_IRQHandler
                0x0000000008002b7c                TIM1_CC_IRQHandler
                0x0000000008002b7c                PVD_IRQHandler
                0x0000000008002b7c                EXTI3_IRQHandler
                0x0000000008002b7c                EXTI0_IRQHandler
                0x0000000008002b7c                I2C2_EV_IRQHandler
                0x0000000008002b7c                ADC1_2_IRQHandler
                0x0000000008002b7c                SPI1_IRQHandler
                0x0000000008002b7c                TAMPER_IRQHandler
                0x0000000008002b7c                DMA1_Channel4_IRQHandler
                0x0000000008002b7c                USART3_IRQHandler
                0x0000000008002b7c                RTC_IRQHandler
                0x0000000008002b7c                DMA1_Channel7_IRQHandler
                0x0000000008002b7c                CAN1_RX1_IRQHandler
                0x0000000008002b7c                TIM4_IRQHandler
                0x0000000008002b7c                I2C1_EV_IRQHandler
                0x0000000008002b7c                DMA1_Channel6_IRQHandler
                0x0000000008002b7c                TIM3_IRQHandler
                0x0000000008002b7c                RCC_IRQHandler
                0x0000000008002b7c                TIM1_TRG_COM_IRQHandler
                0x0000000008002b7c                DMA1_Channel1_IRQHandler
                0x0000000008002b7c                Default_Handler
                0x0000000008002b7c                EXTI15_10_IRQHandler
                0x0000000008002b7c                EXTI9_5_IRQHandler
                0x0000000008002b7c                SPI2_IRQHandler
                0x0000000008002b7c                DMA1_Channel5_IRQHandler
                0x0000000008002b7c                EXTI4_IRQHandler
                0x0000000008002b7c                DMA1_Channel3_IRQHandler
                0x0000000008002b7c                TIM1_UP_IRQHandler
                0x0000000008002b7c                WWDG_IRQHandler
                0x0000000008002b7c                TIM2_IRQHandler
                0x0000000008002b7c                TIM1_BRK_IRQHandler
                0x0000000008002b7c                EXTI1_IRQHandler
                0x0000000008002b7c                USART2_IRQHandler
                0x0000000008002b7c                I2C2_ER_IRQHandler
                0x0000000008002b7c                DMA1_Channel2_IRQHandler
                0x0000000008002b7c                CAN1_SCE_IRQHandler
                0x0000000008002b7c                FLASH_IRQHandler
                0x0000000008002b7c                USART1_IRQHandler
                0x0000000008002b7c                I2C1_ER_IRQHandler
                0x0000000008002b7c                USBWakeUp_IRQHandler
 *fill*         0x0000000008002b7e        0x2 
 .text.__libc_init_array
                0x0000000008002b80       0x48 c:/st/stm32cubeide_1.6.1/stm32cubeide/plugins/com.st.stm32cube.ide.mcu.externaltools.gnu-tools-for-stm32.9-2020-q2-update.win32_1.5.0.202011040924/tools/bin/../lib/gcc/arm-none-eabi/9.3.1/../../../../arm-none-eabi/lib/thumb/v7-m/nofp\libc_nano.a(lib_a-init.o)
                0x0000000008002b80                __libc_init_array
 *(.glue_7)
 .glue_7        0x0000000008002bc8        0x0 linker stubs
 *(.glue_7t)
 .glue_7t       0x0000000008002bc8        0x0 linker stubs
 *(.eh_frame)
 .eh_frame      0x0000000008002bc8        0x0 c:/st/stm32cubeide_1.6.1/stm32cubeide/plugins/com.st.stm32cube.ide.mcu.externaltools.gnu-tools-for-stm32.9-2020-q2-update.win32_1.5.0.202011040924/tools/bin/../lib/gcc/arm-none-eabi/9.3.1/thumb/v7-m/nofp/crtbegin.o
 *(.init)
 .init          0x0000000008002bc8        0x4 c:/st/stm32cubeide_1.6.1/stm32cubeide/plugins/com.st.stm32cube.ide.mcu.externaltools.gnu-tools-for-stm32.9-2020-q2-update.win32_1.5.0.202011040924/tools/bin/../lib/gcc/arm-none-eabi/9.3.1/thumb/v7-m/nofp/crti.o
                0x0000000008002bc8                _init
 .init          0x0000000008002bcc        0x8 c:/st/stm32cubeide_1.6.1/stm32cubeide/plugins/com.st.stm32cube.ide.mcu.externaltools.gnu-tools-for-stm32.9-2020-q2-update.win32_1.5.0.202011040924/tools/bin/../lib/gcc/arm-none-eabi/9.3.1/thumb/v7-m/nofp/crtn.o
 *(.fini)
 .fini          0x0000000008002bd4        0x4 c:/st/stm32cubeide_1.6.1/stm32cubeide/plugins/com.st.stm32cube.ide.mcu.externaltools.gnu-tools-for-stm32.9-2020-q2-update.win32_1.5.0.202011040924/tools/bin/../lib/gcc/arm-none-eabi/9.3.1/thumb/v7-m/nofp/crti.o
                0x0000000008002bd4                _fini
 .fini          0x0000000008002bd8        0x8 c:/st/stm32cubeide_1.6.1/stm32cubeide/plugins/com.st.stm32cube.ide.mcu.externaltools.gnu-tools-for-stm32.9-2020-q2-update.win32_1.5.0.202011040924/tools/bin/../lib/gcc/arm-none-eabi/9.3.1/thumb/v7-m/nofp/crtn.o
                0x0000000008002be0                . = ALIGN (0x4)
                0x0000000008002be0                _etext = .

.vfp11_veneer   0x0000000008002be0        0x0
 .vfp11_veneer  0x0000000008002be0        0x0 linker stubs

.v4_bx          0x0000000008002be0        0x0
 .v4_bx         0x0000000008002be0        0x0 linker stubs

.iplt           0x0000000008002be0        0x0
 .iplt          0x0000000008002be0        0x0 c:/st/stm32cubeide_1.6.1/stm32cubeide/plugins/com.st.stm32cube.ide.mcu.externaltools.gnu-tools-for-stm32.9-2020-q2-update.win32_1.5.0.202011040924/tools/bin/../lib/gcc/arm-none-eabi/9.3.1/thumb/v7-m/nofp/crtbegin.o

.rodata         0x0000000008002be0       0x2c
                0x0000000008002be0                . = ALIGN (0x4)
 *(.rodata)
 .rodata        0x0000000008002be0       0x18 Src/system_stm32f1xx.o
                0x0000000008002be0                AHBPrescTable
                0x0000000008002bf0                APBPrescTable
 *(.rodata*)
 .rodata.str1.4
                0x0000000008002bf8       0x11 Drivers/STM32F1xx_HAL_Driver/Src/stm32f1xx_hal_rcc.o
                0x0000000008002c0c                . = ALIGN (0x4)
 *fill*         0x0000000008002c09        0x3 

.rel.dyn        0x0000000008002c0c        0x0
 .rel.iplt      0x0000000008002c0c        0x0 c:/st/stm32cubeide_1.6.1/stm32cubeide/plugins/com.st.stm32cube.ide.mcu.externaltools.gnu-tools-for-stm32.9-2020-q2-update.win32_1.5.0.202011040924/tools/bin/../lib/gcc/arm-none-eabi/9.3.1/thumb/v7-m/nofp/crtbegin.o

.ARM.extab
 *(.ARM.extab* .gnu.linkonce.armextab.*)

.ARM            0x0000000008002c0c        0x0
                0x0000000008002c0c                __exidx_start = .
 *(.ARM.exidx*)
                0x0000000008002c0c                __exidx_end = .

.preinit_array  0x0000000008002c0c        0x0
                0x0000000008002c0c                PROVIDE (__preinit_array_start = .)
 *(.preinit_array*)
                0x0000000008002c0c                PROVIDE (__preinit_array_end = .)

.init_array     0x0000000008002c0c        0x4
                0x0000000008002c0c                PROVIDE (__init_array_start = .)
 *(SORT_BY_NAME(.init_array.*))
 *(.init_array*)
 .init_array    0x0000000008002c0c        0x4 c:/st/stm32cubeide_1.6.1/stm32cubeide/plugins/com.st.stm32cube.ide.mcu.externaltools.gnu-tools-for-stm32.9-2020-q2-update.win32_1.5.0.202011040924/tools/bin/../lib/gcc/arm-none-eabi/9.3.1/thumb/v7-m/nofp/crtbegin.o
                0x0000000008002c10                PROVIDE (__init_array_end = .)

.fini_array     0x0000000008002c10        0x4
                [!provide]                        PROVIDE (__fini_array_start = .)
 *(SORT_BY_NAME(.fini_array.*))
 *(.fini_array*)
 .fini_array    0x0000000008002c10        0x4 c:/st/stm32cubeide_1.6.1/stm32cubeide/plugins/com.st.stm32cube.ide.mcu.externaltools.gnu-tools-for-stm32.9-2020-q2-update.win32_1.5.0.202011040924/tools/bin/../lib/gcc/arm-none-eabi/9.3.1/thumb/v7-m/nofp/crtbegin.o
                [!provide]                        PROVIDE (__fini_array_end = .)
                0x0000000008002c14                _sidata = LOADADDR (.data)

.data           0x0000000020000000       0x10 load address 0x0000000008002c14
                0x0000000020000000                . = ALIGN (0x4)
                0x0000000020000000                _sdata = .
 *(.data)
 .data          0x0000000020000000        0x8 Drivers/STM32F1xx_HAL_Driver/Src/stm32f1xx_hal.o
                0x0000000020000000                uwTickFreq
                0x0000000020000004                uwTickPrio
 .data          0x0000000020000008        0x1 Src/IMU.o
                0x0000000020000008                _accel_ok
 *fill*         0x0000000020000009        0x3 
 .data          0x000000002000000c        0x4 Src/system_stm32f1xx.o
                0x000000002000000c                SystemCoreClock
 *(.data*)
                0x0000000020000010                . = ALIGN (0x4)
                0x0000000020000010                _edata = .

.igot.plt       0x0000000020000010        0x0 load address 0x0000000008002c24
 .igot.plt      0x0000000020000010        0x0 c:/st/stm32cubeide_1.6.1/stm32cubeide/plugins/com.st.stm32cube.ide.mcu.externaltools.gnu-tools-for-stm32.9-2020-q2-update.win32_1.5.0.202011040924/tools/bin/../lib/gcc/arm-none-eabi/9.3.1/thumb/v7-m/nofp/crtbegin.o
                0x0000000020000010                . = ALIGN (0x4)

.bss            0x0000000020000010      0x16c load address 0x0000000008002c24
                0x0000000020000010                _sbss = .
                0x0000000020000010                __bss_start__ = _sbss
 *(.bss)
 .bss           0x0000000020000010       0x1c c:/st/stm32cubeide_1.6.1/stm32cubeide/plugins/com.st.stm32cube.ide.mcu.externaltools.gnu-tools-for-stm32.9-2020-q2-update.win32_1.5.0.202011040924/tools/bin/../lib/gcc/arm-none-eabi/9.3.1/thumb/v7-m/nofp/crtbegin.o
 .bss           0x000000002000002c        0xc Src/IMU.o
                0x000000002000002c                buffer
                0x0000000020000034                timer
 *(.bss*)
 *(COMMON)
 COMMON         0x0000000020000038        0x4 Drivers/STM32F1xx_HAL_Driver/Src/stm32f1xx_hal.o
                0x0000000020000038                uwTick
 COMMON         0x000000002000003c       0x66 Src/IMU.o
                0x000000002000003c                accelY
                0x000000002000003e                accelX
                0x0000000020000040                hi2c1
                0x0000000020000094                gyroX
                0x0000000020000096                temp
                0x0000000020000098                gyroZ
                0x000000002000009a                accelZ
                0x000000002000009c                timer1
                0x00000000200000a0                gyroY
 *fill*         0x00000000200000a2        0x2 
 COMMON         0x00000000200000a4       0x98 Src/can.o
                0x00000000200000a4                sFilterConfig
                0x00000000200000cc                hcan
                0x00000000200000f4                TxData
                0x00000000200000fc                TxMailbox
                0x0000000020000100                RxData
                0x0000000020000108                TxHeader
                0x0000000020000120                RxHeader
 COMMON         0x000000002000013c       0x40 Src/usart.o
                0x000000002000013c                huart1
                0x000000002000017c                . = ALIGN (0x4)
                0x000000002000017c                _ebss = .
                0x000000002000017c                __bss_end__ = _ebss

._user_heap_stack
                0x000000002000017c      0x604 load address 0x0000000008002c24
                0x0000000020000180                . = ALIGN (0x8)
 *fill*         0x000000002000017c        0x4 
                0x0000000020000180                PROVIDE (end = .)
                [!provide]                        PROVIDE (_end = .)
                0x0000000020000380                . = (. + _Min_Heap_Size)
 *fill*         0x0000000020000180      0x200 
                0x0000000020000780                . = (. + _Min_Stack_Size)
 *fill*         0x0000000020000380      0x400 
                0x0000000020000780                . = ALIGN (0x8)

/DISCARD/
 libc.a(*)
 libm.a(*)
 libgcc.a(*)

.ARM.attributes
                0x0000000000000000       0x29
 *(.ARM.attributes)
 .ARM.attributes
                0x0000000000000000       0x1d c:/st/stm32cubeide_1.6.1/stm32cubeide/plugins/com.st.stm32cube.ide.mcu.externaltools.gnu-tools-for-stm32.9-2020-q2-update.win32_1.5.0.202011040924/tools/bin/../lib/gcc/arm-none-eabi/9.3.1/thumb/v7-m/nofp/crti.o
 .ARM.attributes
                0x000000000000001d       0x2d c:/st/stm32cubeide_1.6.1/stm32cubeide/plugins/com.st.stm32cube.ide.mcu.externaltools.gnu-tools-for-stm32.9-2020-q2-update.win32_1.5.0.202011040924/tools/bin/../lib/gcc/arm-none-eabi/9.3.1/thumb/v7-m/nofp/crtbegin.o
 .ARM.attributes
                0x000000000000004a       0x2d Drivers/STM32F1xx_HAL_Driver/Src/stm32f1xx_hal.o
 .ARM.attributes
                0x0000000000000077       0x2d Drivers/STM32F1xx_HAL_Driver/Src/stm32f1xx_hal_can.o
 .ARM.attributes
                0x00000000000000a4       0x2d Drivers/STM32F1xx_HAL_Driver/Src/stm32f1xx_hal_cortex.o
 .ARM.attributes
                0x00000000000000d1       0x2d Drivers/STM32F1xx_HAL_Driver/Src/stm32f1xx_hal_gpio.o
 .ARM.attributes
                0x00000000000000fe       0x2d Drivers/STM32F1xx_HAL_Driver/Src/stm32f1xx_hal_i2c.o
 .ARM.attributes
                0x000000000000012b       0x2d Drivers/STM32F1xx_HAL_Driver/Src/stm32f1xx_hal_rcc.o
 .ARM.attributes
                0x0000000000000158       0x2d Drivers/STM32F1xx_HAL_Driver/Src/stm32f1xx_hal_uart.o
 .ARM.attributes
                0x0000000000000185       0x2d Src/IMU.o
 .ARM.attributes
                0x00000000000001b2       0x2d Src/can.o
 .ARM.attributes
                0x00000000000001df       0x2d Src/gpio.o
 .ARM.attributes
                0x000000000000020c       0x2d Src/i2c.o
 .ARM.attributes
                0x0000000000000239       0x2d Src/main.o
 .ARM.attributes
                0x0000000000000266       0x2d Src/stm32f1xx_hal_msp.o
 .ARM.attributes
                0x0000000000000293       0x2d Src/stm32f1xx_it.o
 .ARM.attributes
                0x00000000000002c0       0x2d Src/system_stm32f1xx.o
 .ARM.attributes
                0x00000000000002ed       0x2d Src/usart.o
 .ARM.attributes
                0x000000000000031a       0x21 startup/startup_stm32f103xb.o
 .ARM.attributes
                0x000000000000033b       0x2d c:/st/stm32cubeide_1.6.1/stm32cubeide/plugins/com.st.stm32cube.ide.mcu.externaltools.gnu-tools-for-stm32.9-2020-q2-update.win32_1.5.0.202011040924/tools/bin/../lib/gcc/arm-none-eabi/9.3.1/../../../../arm-none-eabi/lib/thumb/v7-m/nofp\libc_nano.a(lib_a-init.o)
 .ARM.attributes
                0x0000000000000368       0x1d c:/st/stm32cubeide_1.6.1/stm32cubeide/plugins/com.st.stm32cube.ide.mcu.externaltools.gnu-tools-for-stm32.9-2020-q2-update.win32_1.5.0.202011040924/tools/bin/../lib/gcc/arm-none-eabi/9.3.1/thumb/v7-m/nofp\libgcc.a(_arm_muldf3.o)
 .ARM.attributes
                0x0000000000000385       0x1d c:/st/stm32cubeide_1.6.1/stm32cubeide/plugins/com.st.stm32cube.ide.mcu.externaltools.gnu-tools-for-stm32.9-2020-q2-update.win32_1.5.0.202011040924/tools/bin/../lib/gcc/arm-none-eabi/9.3.1/thumb/v7-m/nofp\libgcc.a(_arm_addsubdf3.o)
 .ARM.attributes
                0x00000000000003a2       0x1d c:/st/stm32cubeide_1.6.1/stm32cubeide/plugins/com.st.stm32cube.ide.mcu.externaltools.gnu-tools-for-stm32.9-2020-q2-update.win32_1.5.0.202011040924/tools/bin/../lib/gcc/arm-none-eabi/9.3.1/thumb/v7-m/nofp\libgcc.a(_arm_fixdfsi.o)
 .ARM.attributes
                0x00000000000003bf       0x1d c:/st/stm32cubeide_1.6.1/stm32cubeide/plugins/com.st.stm32cube.ide.mcu.externaltools.gnu-tools-for-stm32.9-2020-q2-update.win32_1.5.0.202011040924/tools/bin/../lib/gcc/arm-none-eabi/9.3.1/thumb/v7-m/nofp/crtn.o
OUTPUT(ConversorIMU_2.0.elf elf32-littlearm)
LOAD linker stubs
LOAD c:/st/stm32cubeide_1.6.1/stm32cubeide/plugins/com.st.stm32cube.ide.mcu.externaltools.gnu-tools-for-stm32.9-2020-q2-update.win32_1.5.0.202011040924/tools/bin/../lib/gcc/arm-none-eabi/9.3.1/../../../../arm-none-eabi/lib/thumb/v7-m/nofp\libc.a
LOAD c:/st/stm32cubeide_1.6.1/stm32cubeide/plugins/com.st.stm32cube.ide.mcu.externaltools.gnu-tools-for-stm32.9-2020-q2-update.win32_1.5.0.202011040924/tools/bin/../lib/gcc/arm-none-eabi/9.3.1/../../../../arm-none-eabi/lib/thumb/v7-m/nofp\libm.a
LOAD c:/st/stm32cubeide_1.6.1/stm32cubeide/plugins/com.st.stm32cube.ide.mcu.externaltools.gnu-tools-for-stm32.9-2020-q2-update.win32_1.5.0.202011040924/tools/bin/../lib/gcc/arm-none-eabi/9.3.1/thumb/v7-m/nofp\libgcc.a

.debug_info     0x0000000000000000     0xe8d1
 .debug_info    0x0000000000000000      0x835 Drivers/STM32F1xx_HAL_Driver/Src/stm32f1xx_hal.o
 .debug_info    0x0000000000000835     0x1336 Drivers/STM32F1xx_HAL_Driver/Src/stm32f1xx_hal_can.o
 .debug_info    0x0000000000001b6b      0xe4a Drivers/STM32F1xx_HAL_Driver/Src/stm32f1xx_hal_cortex.o
 .debug_info    0x00000000000029b5      0x75f Drivers/STM32F1xx_HAL_Driver/Src/stm32f1xx_hal_gpio.o
 .debug_info    0x0000000000003114     0x3b04 Drivers/STM32F1xx_HAL_Driver/Src/stm32f1xx_hal_i2c.o
 .debug_info    0x0000000000006c18      0xaaf Drivers/STM32F1xx_HAL_Driver/Src/stm32f1xx_hal_rcc.o
 .debug_info    0x00000000000076c7     0x191d Drivers/STM32F1xx_HAL_Driver/Src/stm32f1xx_hal_uart.o
 .debug_info    0x0000000000008fe4     0x17da Src/IMU.o
 .debug_info    0x000000000000a7be      0xcc5 Src/can.o
 .debug_info    0x000000000000b483      0x403 Src/gpio.o
 .debug_info    0x000000000000b886      0x977 Src/i2c.o
 .debug_info    0x000000000000c1fd     0x119d Src/main.o
 .debug_info    0x000000000000d39a      0x301 Src/stm32f1xx_hal_msp.o
 .debug_info    0x000000000000d69b      0x666 Src/stm32f1xx_it.o
 .debug_info    0x000000000000dd01      0x2cd Src/system_stm32f1xx.o
 .debug_info    0x000000000000dfce      0x8e1 Src/usart.o
 .debug_info    0x000000000000e8af       0x22 startup/startup_stm32f103xb.o

.debug_abbrev   0x0000000000000000     0x232a
 .debug_abbrev  0x0000000000000000      0x21c Drivers/STM32F1xx_HAL_Driver/Src/stm32f1xx_hal.o
 .debug_abbrev  0x000000000000021c      0x286 Drivers/STM32F1xx_HAL_Driver/Src/stm32f1xx_hal_can.o
 .debug_abbrev  0x00000000000004a2      0x36a Drivers/STM32F1xx_HAL_Driver/Src/stm32f1xx_hal_cortex.o
 .debug_abbrev  0x000000000000080c      0x216 Drivers/STM32F1xx_HAL_Driver/Src/stm32f1xx_hal_gpio.o
 .debug_abbrev  0x0000000000000a22      0x2c2 Drivers/STM32F1xx_HAL_Driver/Src/stm32f1xx_hal_i2c.o
 .debug_abbrev  0x0000000000000ce4      0x290 Drivers/STM32F1xx_HAL_Driver/Src/stm32f1xx_hal_rcc.o
 .debug_abbrev  0x0000000000000f74      0x296 Drivers/STM32F1xx_HAL_Driver/Src/stm32f1xx_hal_uart.o
 .debug_abbrev  0x000000000000120a      0x2d5 Src/IMU.o
 .debug_abbrev  0x00000000000014df      0x24b Src/can.o
 .debug_abbrev  0x000000000000172a      0x17e Src/gpio.o
 .debug_abbrev  0x00000000000018a8      0x1f0 Src/i2c.o
 .debug_abbrev  0x0000000000001a98      0x27d Src/main.o
 .debug_abbrev  0x0000000000001d15      0x131 Src/stm32f1xx_hal_msp.o
 .debug_abbrev  0x0000000000001e46      0x18e Src/stm32f1xx_it.o
 .debug_abbrev  0x0000000000001fd4      0x154 Src/system_stm32f1xx.o
 .debug_abbrev  0x0000000000002128      0x1f0 Src/usart.o
 .debug_abbrev  0x0000000000002318       0x12 startup/startup_stm32f103xb.o

.debug_loc      0x0000000000000000     0x7c2c
 .debug_loc     0x0000000000000000      0x141 Drivers/STM32F1xx_HAL_Driver/Src/stm32f1xx_hal.o
 .debug_loc     0x0000000000000141      0xda6 Drivers/STM32F1xx_HAL_Driver/Src/stm32f1xx_hal_can.o
 .debug_loc     0x0000000000000ee7      0x71f Drivers/STM32F1xx_HAL_Driver/Src/stm32f1xx_hal_cortex.o
 .debug_loc     0x0000000000001606      0x468 Drivers/STM32F1xx_HAL_Driver/Src/stm32f1xx_hal_gpio.o
 .debug_loc     0x0000000000001a6e     0x3eed Drivers/STM32F1xx_HAL_Driver/Src/stm32f1xx_hal_i2c.o
 .debug_loc     0x000000000000595b      0x610 Drivers/STM32F1xx_HAL_Driver/Src/stm32f1xx_hal_rcc.o
 .debug_loc     0x0000000000005f6b     0x1951 Drivers/STM32F1xx_HAL_Driver/Src/stm32f1xx_hal_uart.o
 .debug_loc     0x00000000000078bc       0x78 Src/IMU.o
 .debug_loc     0x0000000000007934       0xf9 Src/can.o
 .debug_loc     0x0000000000007a2d       0x67 Src/i2c.o
 .debug_loc     0x0000000000007a94       0x15 Src/stm32f1xx_hal_msp.o
 .debug_loc     0x0000000000007aa9       0xff Src/system_stm32f1xx.o
 .debug_loc     0x0000000000007ba8       0x84 Src/usart.o

.debug_aranges  0x0000000000000000      0xa10
 .debug_aranges
                0x0000000000000000       0xe0 Drivers/STM32F1xx_HAL_Driver/Src/stm32f1xx_hal.o
 .debug_aranges
                0x00000000000000e0      0x138 Drivers/STM32F1xx_HAL_Driver/Src/stm32f1xx_hal_can.o
 .debug_aranges
                0x0000000000000218       0x90 Drivers/STM32F1xx_HAL_Driver/Src/stm32f1xx_hal_cortex.o
 .debug_aranges
                0x00000000000002a8       0x58 Drivers/STM32F1xx_HAL_Driver/Src/stm32f1xx_hal_gpio.o
 .debug_aranges
                0x0000000000000300      0x2a0 Drivers/STM32F1xx_HAL_Driver/Src/stm32f1xx_hal_i2c.o
 .debug_aranges
                0x00000000000005a0       0x90 Drivers/STM32F1xx_HAL_Driver/Src/stm32f1xx_hal_rcc.o
 .debug_aranges
                0x0000000000000630      0x1d0 Drivers/STM32F1xx_HAL_Driver/Src/stm32f1xx_hal_uart.o
 .debug_aranges
                0x0000000000000800       0x48 Src/IMU.o
 .debug_aranges
                0x0000000000000848       0x38 Src/can.o
 .debug_aranges
                0x0000000000000880       0x20 Src/gpio.o
 .debug_aranges
                0x00000000000008a0       0x30 Src/i2c.o
 .debug_aranges
                0x00000000000008d0       0x30 Src/main.o
 .debug_aranges
                0x0000000000000900       0x20 Src/stm32f1xx_hal_msp.o
 .debug_aranges
                0x0000000000000920       0x70 Src/stm32f1xx_it.o
 .debug_aranges
                0x0000000000000990       0x28 Src/system_stm32f1xx.o
 .debug_aranges
                0x00000000000009b8       0x30 Src/usart.o
 .debug_aranges
                0x00000000000009e8       0x28 startup/startup_stm32f103xb.o

.debug_ranges   0x0000000000000000      0x9b8
 .debug_ranges  0x0000000000000000       0xd0 Drivers/STM32F1xx_HAL_Driver/Src/stm32f1xx_hal.o
 .debug_ranges  0x00000000000000d0      0x128 Drivers/STM32F1xx_HAL_Driver/Src/stm32f1xx_hal_can.o
 .debug_ranges  0x00000000000001f8       0xe0 Drivers/STM32F1xx_HAL_Driver/Src/stm32f1xx_hal_cortex.o
 .debug_ranges  0x00000000000002d8       0x48 Drivers/STM32F1xx_HAL_Driver/Src/stm32f1xx_hal_gpio.o
 .debug_ranges  0x0000000000000320      0x2a8 Drivers/STM32F1xx_HAL_Driver/Src/stm32f1xx_hal_i2c.o
 .debug_ranges  0x00000000000005c8       0xa0 Drivers/STM32F1xx_HAL_Driver/Src/stm32f1xx_hal_rcc.o
 .debug_ranges  0x0000000000000668      0x1c0 Drivers/STM32F1xx_HAL_Driver/Src/stm32f1xx_hal_uart.o
 .debug_ranges  0x0000000000000828       0x38 Src/IMU.o
 .debug_ranges  0x0000000000000860       0x28 Src/can.o
 .debug_ranges  0x0000000000000888       0x10 Src/gpio.o
 .debug_ranges  0x0000000000000898       0x20 Src/i2c.o
 .debug_ranges  0x00000000000008b8       0x38 Src/main.o
 .debug_ranges  0x00000000000008f0       0x10 Src/stm32f1xx_hal_msp.o
 .debug_ranges  0x0000000000000900       0x60 Src/stm32f1xx_it.o
 .debug_ranges  0x0000000000000960       0x18 Src/system_stm32f1xx.o
 .debug_ranges  0x0000000000000978       0x20 Src/usart.o
 .debug_ranges  0x0000000000000998       0x20 startup/startup_stm32f103xb.o

.debug_macro    0x0000000000000000    0x17965
 .debug_macro   0x0000000000000000      0x1c6 Drivers/STM32F1xx_HAL_Driver/Src/stm32f1xx_hal.o
 .debug_macro   0x00000000000001c6      0xa96 Drivers/STM32F1xx_HAL_Driver/Src/stm32f1xx_hal.o
 .debug_macro   0x0000000000000c5c      0x221 Drivers/STM32F1xx_HAL_Driver/Src/stm32f1xx_hal.o
 .debug_macro   0x0000000000000e7d       0x2e Drivers/STM32F1xx_HAL_Driver/Src/stm32f1xx_hal.o
 .debug_macro   0x0000000000000eab       0x22 Drivers/STM32F1xx_HAL_Driver/Src/stm32f1xx_hal.o
 .debug_macro   0x0000000000000ecd       0x22 Drivers/STM32F1xx_HAL_Driver/Src/stm32f1xx_hal.o
 .debug_macro   0x0000000000000eef       0x8e Drivers/STM32F1xx_HAL_Driver/Src/stm32f1xx_hal.o
 .debug_macro   0x0000000000000f7d       0x51 Drivers/STM32F1xx_HAL_Driver/Src/stm32f1xx_hal.o
 .debug_macro   0x0000000000000fce      0x103 Drivers/STM32F1xx_HAL_Driver/Src/stm32f1xx_hal.o
 .debug_macro   0x00000000000010d1       0x6a Drivers/STM32F1xx_HAL_Driver/Src/stm32f1xx_hal.o
 .debug_macro   0x000000000000113b      0x1df Drivers/STM32F1xx_HAL_Driver/Src/stm32f1xx_hal.o
 .debug_macro   0x000000000000131a       0x1c Drivers/STM32F1xx_HAL_Driver/Src/stm32f1xx_hal.o
 .debug_macro   0x0000000000001336       0x22 Drivers/STM32F1xx_HAL_Driver/Src/stm32f1xx_hal.o
 .debug_macro   0x0000000000001358       0xc3 Drivers/STM32F1xx_HAL_Driver/Src/stm32f1xx_hal.o
 .debug_macro   0x000000000000141b      0xd23 Drivers/STM32F1xx_HAL_Driver/Src/stm32f1xx_hal.o
 .debug_macro   0x000000000000213e     0xe097 Drivers/STM32F1xx_HAL_Driver/Src/stm32f1xx_hal.o
 .debug_macro   0x00000000000101d5       0x43 Drivers/STM32F1xx_HAL_Driver/Src/stm32f1xx_hal.o
 .debug_macro   0x0000000000010218     0x3468 Drivers/STM32F1xx_HAL_Driver/Src/stm32f1xx_hal.o
 .debug_macro   0x0000000000013680      0x174 Drivers/STM32F1xx_HAL_Driver/Src/stm32f1xx_hal.o
 .debug_macro   0x00000000000137f4       0x5c Drivers/STM32F1xx_HAL_Driver/Src/stm32f1xx_hal.o
 .debug_macro   0x0000000000013850      0x5be Drivers/STM32F1xx_HAL_Driver/Src/stm32f1xx_hal.o
 .debug_macro   0x0000000000013e0e      0x289 Drivers/STM32F1xx_HAL_Driver/Src/stm32f1xx_hal.o
 .debug_macro   0x0000000000014097      0x1cb Drivers/STM32F1xx_HAL_Driver/Src/stm32f1xx_hal.o
 .debug_macro   0x0000000000014262      0x114 Drivers/STM32F1xx_HAL_Driver/Src/stm32f1xx_hal.o
 .debug_macro   0x0000000000014376      0x1b2 Drivers/STM32F1xx_HAL_Driver/Src/stm32f1xx_hal.o
 .debug_macro   0x0000000000014528       0x27 Drivers/STM32F1xx_HAL_Driver/Src/stm32f1xx_hal.o
 .debug_macro   0x000000000001454f      0x136 Drivers/STM32F1xx_HAL_Driver/Src/stm32f1xx_hal.o
 .debug_macro   0x0000000000014685      0x1bc Drivers/STM32F1xx_HAL_Driver/Src/stm32f1xx_hal.o
 .debug_macro   0x0000000000014841       0x34 Drivers/STM32F1xx_HAL_Driver/Src/stm32f1xx_hal.o
 .debug_macro   0x0000000000014875       0x3c Drivers/STM32F1xx_HAL_Driver/Src/stm32f1xx_hal.o
 .debug_macro   0x00000000000148b1      0x408 Drivers/STM32F1xx_HAL_Driver/Src/stm32f1xx_hal.o
 .debug_macro   0x0000000000014cb9       0x57 Drivers/STM32F1xx_HAL_Driver/Src/stm32f1xx_hal.o
 .debug_macro   0x0000000000014d10       0x88 Drivers/STM32F1xx_HAL_Driver/Src/stm32f1xx_hal.o
 .debug_macro   0x0000000000014d98      0x241 Drivers/STM32F1xx_HAL_Driver/Src/stm32f1xx_hal.o
 .debug_macro   0x0000000000014fd9      0x287 Drivers/STM32F1xx_HAL_Driver/Src/stm32f1xx_hal.o
 .debug_macro   0x0000000000015260      0x141 Drivers/STM32F1xx_HAL_Driver/Src/stm32f1xx_hal.o
 .debug_macro   0x00000000000153a1      0x26b Drivers/STM32F1xx_HAL_Driver/Src/stm32f1xx_hal.o
 .debug_macro   0x000000000001560c       0x83 Drivers/STM32F1xx_HAL_Driver/Src/stm32f1xx_hal.o
 .debug_macro   0x000000000001568f      0x1aa Drivers/STM32F1xx_HAL_Driver/Src/stm32f1xx_hal_can.o
 .debug_macro   0x0000000000015839      0x1a2 Drivers/STM32F1xx_HAL_Driver/Src/stm32f1xx_hal_cortex.o
 .debug_macro   0x00000000000159db      0x20d Drivers/STM32F1xx_HAL_Driver/Src/stm32f1xx_hal_gpio.o
 .debug_macro   0x0000000000015be8      0x1f3 Drivers/STM32F1xx_HAL_Driver/Src/stm32f1xx_hal_i2c.o
 .debug_macro   0x0000000000015ddb       0x16 Drivers/STM32F1xx_HAL_Driver/Src/stm32f1xx_hal_i2c.o
 .debug_macro   0x0000000000015df1      0x1b4 Drivers/STM32F1xx_HAL_Driver/Src/stm32f1xx_hal_rcc.o
 .debug_macro   0x0000000000015fa5      0x1a3 Drivers/STM32F1xx_HAL_Driver/Src/stm32f1xx_hal_uart.o
 .debug_macro   0x0000000000016148      0x297 Src/IMU.o
 .debug_macro   0x00000000000163df       0x10 Src/IMU.o
 .debug_macro   0x00000000000163ef      0x333 Src/IMU.o
 .debug_macro   0x0000000000016722       0x16 Src/IMU.o
 .debug_macro   0x0000000000016738       0x43 Src/IMU.o
 .debug_macro   0x000000000001677b       0x52 Src/IMU.o
 .debug_macro   0x00000000000167cd       0x18 Src/IMU.o
 .debug_macro   0x00000000000167e5       0x3c Src/IMU.o
 .debug_macro   0x0000000000016821       0x34 Src/IMU.o
 .debug_macro   0x0000000000016855       0x3a Src/IMU.o
 .debug_macro   0x000000000001688f       0x10 Src/IMU.o
 .debug_macro   0x000000000001689f       0x58 Src/IMU.o
 .debug_macro   0x00000000000168f7       0x71 Src/IMU.o
 .debug_macro   0x0000000000016968       0x1c Src/IMU.o
 .debug_macro   0x0000000000016984      0x12a Src/IMU.o
 .debug_macro   0x0000000000016aae       0x10 Src/IMU.o
 .debug_macro   0x0000000000016abe       0x35 Src/IMU.o
 .debug_macro   0x0000000000016af3       0x20 Src/IMU.o
 .debug_macro   0x0000000000016b13      0x1bb Src/can.o
 .debug_macro   0x0000000000016cce      0x1bb Src/gpio.o
 .debug_macro   0x0000000000016e89      0x1bb Src/i2c.o
 .debug_macro   0x0000000000017044      0x258 Src/main.o
 .debug_macro   0x000000000001729c      0x1b1 Src/stm32f1xx_hal_msp.o
 .debug_macro   0x000000000001744d      0x1bb Src/stm32f1xx_it.o
 .debug_macro   0x0000000000017608      0x1a2 Src/system_stm32f1xx.o
 .debug_macro   0x00000000000177aa      0x1bb Src/usart.o

.debug_line     0x0000000000000000    0x102db
 .debug_line    0x0000000000000000      0x98e Drivers/STM32F1xx_HAL_Driver/Src/stm32f1xx_hal.o
 .debug_line    0x000000000000098e     0x1575 Drivers/STM32F1xx_HAL_Driver/Src/stm32f1xx_hal_can.o
 .debug_line    0x0000000000001f03      0xb06 Drivers/STM32F1xx_HAL_Driver/Src/stm32f1xx_hal_cortex.o
 .debug_line    0x0000000000002a09      0xa92 Drivers/STM32F1xx_HAL_Driver/Src/stm32f1xx_hal_gpio.o
 .debug_line    0x000000000000349b     0x5732 Drivers/STM32F1xx_HAL_Driver/Src/stm32f1xx_hal_i2c.o
 .debug_line    0x0000000000008bcd     0x106d Drivers/STM32F1xx_HAL_Driver/Src/stm32f1xx_hal_rcc.o
 .debug_line    0x0000000000009c3a     0x2015 Drivers/STM32F1xx_HAL_Driver/Src/stm32f1xx_hal_uart.o
 .debug_line    0x000000000000bc4f      0xb65 Src/IMU.o
 .debug_line    0x000000000000c7b4      0x7b3 Src/can.o
 .debug_line    0x000000000000cf67      0x6ad Src/gpio.o
 .debug_line    0x000000000000d614      0x74c Src/i2c.o
 .debug_line    0x000000000000dd60      0x86e Src/main.o
 .debug_line    0x000000000000e5ce      0x681 Src/stm32f1xx_hal_msp.o
 .debug_line    0x000000000000ec4f      0x78f Src/stm32f1xx_it.o
 .debug_line    0x000000000000f3de      0x71b Src/system_stm32f1xx.o
 .debug_line    0x000000000000faf9      0x765 Src/usart.o
 .debug_line    0x000000000001025e       0x7d startup/startup_stm32f103xb.o

.debug_str      0x0000000000000000    0x85d0a
 .debug_str     0x0000000000000000    0x7ffdf Drivers/STM32F1xx_HAL_Driver/Src/stm32f1xx_hal.o
                                      0x8046d (size before relaxing)
 .debug_str     0x000000000007ffdf      0x7f9 Drivers/STM32F1xx_HAL_Driver/Src/stm32f1xx_hal_can.o
                                      0x805c3 (size before relaxing)
 .debug_str     0x00000000000807d8      0x293 Drivers/STM32F1xx_HAL_Driver/Src/stm32f1xx_hal_cortex.o
                                      0x80430 (size before relaxing)
 .debug_str     0x0000000000080a6b      0x3a3 Drivers/STM32F1xx_HAL_Driver/Src/stm32f1xx_hal_gpio.o
                                      0x8015b (size before relaxing)
 .debug_str     0x0000000000080e0e      0xfc5 Drivers/STM32F1xx_HAL_Driver/Src/stm32f1xx_hal_i2c.o
                                      0x80e65 (size before relaxing)
 .debug_str     0x0000000000081dd3      0x33f Drivers/STM32F1xx_HAL_Driver/Src/stm32f1xx_hal_rcc.o
                                      0x801bb (size before relaxing)
 .debug_str     0x0000000000082112      0x6fc Drivers/STM32F1xx_HAL_Driver/Src/stm32f1xx_hal_uart.o
                                      0x80711 (size before relaxing)
 .debug_str     0x000000000008280e     0x3287 Src/IMU.o
                                      0x83587 (size before relaxing)
 .debug_str     0x0000000000085a95       0x79 Src/can.o
                                      0x8059f (size before relaxing)
 .debug_str     0x0000000000085b0e       0x1b Src/gpio.o
                                      0x7fe43 (size before relaxing)
 .debug_str     0x0000000000085b29       0x24 Src/i2c.o
                                      0x802e7 (size before relaxing)
 .debug_str     0x0000000000085b4d       0x54 Src/main.o
                                      0x8204a (size before relaxing)
 .debug_str     0x0000000000085ba1       0x1b Src/stm32f1xx_hal_msp.o
                                      0x7fdd9 (size before relaxing)
 .debug_str     0x0000000000085bbc       0xb8 Src/stm32f1xx_it.o
                                      0x800e9 (size before relaxing)
 .debug_str     0x0000000000085c74       0x4d Src/system_stm32f1xx.o
                                      0x7fd92 (size before relaxing)
 .debug_str     0x0000000000085cc1       0x1a Src/usart.o
                                      0x80228 (size before relaxing)
 .debug_str     0x0000000000085cdb       0x2f startup/startup_stm32f103xb.o
                                         0x6a (size before relaxing)

.comment        0x0000000000000000       0x53
 .comment       0x0000000000000000       0x53 Drivers/STM32F1xx_HAL_Driver/Src/stm32f1xx_hal.o
                                         0x54 (size before relaxing)
 .comment       0x0000000000000053       0x54 Drivers/STM32F1xx_HAL_Driver/Src/stm32f1xx_hal_can.o
 .comment       0x0000000000000053       0x54 Drivers/STM32F1xx_HAL_Driver/Src/stm32f1xx_hal_cortex.o
 .comment       0x0000000000000053       0x54 Drivers/STM32F1xx_HAL_Driver/Src/stm32f1xx_hal_gpio.o
 .comment       0x0000000000000053       0x54 Drivers/STM32F1xx_HAL_Driver/Src/stm32f1xx_hal_i2c.o
 .comment       0x0000000000000053       0x54 Drivers/STM32F1xx_HAL_Driver/Src/stm32f1xx_hal_rcc.o
 .comment       0x0000000000000053       0x54 Drivers/STM32F1xx_HAL_Driver/Src/stm32f1xx_hal_uart.o
 .comment       0x0000000000000053       0x54 Src/IMU.o
 .comment       0x0000000000000053       0x54 Src/can.o
 .comment       0x0000000000000053       0x54 Src/gpio.o
 .comment       0x0000000000000053       0x54 Src/i2c.o
 .comment       0x0000000000000053       0x54 Src/main.o
 .comment       0x0000000000000053       0x54 Src/stm32f1xx_hal_msp.o
 .comment       0x0000000000000053       0x54 Src/stm32f1xx_it.o
 .comment       0x0000000000000053       0x54 Src/system_stm32f1xx.o
 .comment       0x0000000000000053       0x54 Src/usart.o

.debug_frame    0x0000000000000000     0x1b6c
 .debug_frame   0x0000000000000000      0x1cc Drivers/STM32F1xx_HAL_Driver/Src/stm32f1xx_hal.o
 .debug_frame   0x00000000000001cc      0x2dc Drivers/STM32F1xx_HAL_Driver/Src/stm32f1xx_hal_can.o
 .debug_frame   0x00000000000004a8      0x12c Drivers/STM32F1xx_HAL_Driver/Src/stm32f1xx_hal_cortex.o
 .debug_frame   0x00000000000005d4       0xe8 Drivers/STM32F1xx_HAL_Driver/Src/stm32f1xx_hal_gpio.o
 .debug_frame   0x00000000000006bc      0x968 Drivers/STM32F1xx_HAL_Driver/Src/stm32f1xx_hal_i2c.o
 .debug_frame   0x0000000000001024      0x190 Drivers/STM32F1xx_HAL_Driver/Src/stm32f1xx_hal_rcc.o
 .debug_frame   0x00000000000011b4      0x4e8 Drivers/STM32F1xx_HAL_Driver/Src/stm32f1xx_hal_uart.o
 .debug_frame   0x000000000000169c       0xb0 Src/IMU.o
 .debug_frame   0x000000000000174c       0x7c Src/can.o
 .debug_frame   0x00000000000017c8       0x30 Src/gpio.o
 .debug_frame   0x00000000000017f8       0x60 Src/i2c.o
 .debug_frame   0x0000000000001858       0x58 Src/main.o
 .debug_frame   0x00000000000018b0       0x28 Src/stm32f1xx_hal_msp.o
 .debug_frame   0x00000000000018d8       0xd8 Src/stm32f1xx_it.o
 .debug_frame   0x00000000000019b0       0x30 Src/system_stm32f1xx.o
 .debug_frame   0x00000000000019e0       0x60 Src/usart.o
 .debug_frame   0x0000000000001a40       0x2c c:/st/stm32cubeide_1.6.1/stm32cubeide/plugins/com.st.stm32cube.ide.mcu.externaltools.gnu-tools-for-stm32.9-2020-q2-update.win32_1.5.0.202011040924/tools/bin/../lib/gcc/arm-none-eabi/9.3.1/../../../../arm-none-eabi/lib/thumb/v7-m/nofp\libc_nano.a(lib_a-init.o)
 .debug_frame   0x0000000000001a6c       0x30 c:/st/stm32cubeide_1.6.1/stm32cubeide/plugins/com.st.stm32cube.ide.mcu.externaltools.gnu-tools-for-stm32.9-2020-q2-update.win32_1.5.0.202011040924/tools/bin/../lib/gcc/arm-none-eabi/9.3.1/thumb/v7-m/nofp\libgcc.a(_arm_muldf3.o)
 .debug_frame   0x0000000000001a9c       0xac c:/st/stm32cubeide_1.6.1/stm32cubeide/plugins/com.st.stm32cube.ide.mcu.externaltools.gnu-tools-for-stm32.9-2020-q2-update.win32_1.5.0.202011040924/tools/bin/../lib/gcc/arm-none-eabi/9.3.1/thumb/v7-m/nofp\libgcc.a(_arm_addsubdf3.o)
 .debug_frame   0x0000000000001b48       0x24 c:/st/stm32cubeide_1.6.1/stm32cubeide/plugins/com.st.stm32cube.ide.mcu.externaltools.gnu-tools-for-stm32.9-2020-q2-update.win32_1.5.0.202011040924/tools/bin/../lib/gcc/arm-none-eabi/9.3.1/thumb/v7-m/nofp\libgcc.a(_arm_fixdfsi.o)
