Archive member included to satisfy reference by file (symbol)

g:/stm/stm32cubeide_1.5.1/stm32cubeide/plugins/com.st.stm32cube.ide.mcu.externaltools.gnu-tools-for-stm32.9-2020-q2-update.win32_1.5.0.202011040924/tools/bin/../lib/gcc/arm-none-eabi/9.3.1/../../../../arm-none-eabi/lib/thumb/v7-m/nofp\libc_nano.a(lib_a-errno.o)
                              Src/syscalls.o (__errno)
g:/stm/stm32cubeide_1.5.1/stm32cubeide/plugins/com.st.stm32cube.ide.mcu.externaltools.gnu-tools-for-stm32.9-2020-q2-update.win32_1.5.0.202011040924/tools/bin/../lib/gcc/arm-none-eabi/9.3.1/../../../../arm-none-eabi/lib/thumb/v7-m/nofp\libc_nano.a(lib_a-exit.o)
                              g:/stm/stm32cubeide_1.5.1/stm32cubeide/plugins/com.st.stm32cube.ide.mcu.externaltools.gnu-tools-for-stm32.9-2020-q2-update.win32_1.5.0.202011040924/tools/bin/../lib/gcc/arm-none-eabi/9.3.1/../../../../arm-none-eabi/lib/thumb/v7-m/nofp/crt0.o (exit)
g:/stm/stm32cubeide_1.5.1/stm32cubeide/plugins/com.st.stm32cube.ide.mcu.externaltools.gnu-tools-for-stm32.9-2020-q2-update.win32_1.5.0.202011040924/tools/bin/../lib/gcc/arm-none-eabi/9.3.1/../../../../arm-none-eabi/lib/thumb/v7-m/nofp\libc_nano.a(lib_a-impure.o)
                              g:/stm/stm32cubeide_1.5.1/stm32cubeide/plugins/com.st.stm32cube.ide.mcu.externaltools.gnu-tools-for-stm32.9-2020-q2-update.win32_1.5.0.202011040924/tools/bin/../lib/gcc/arm-none-eabi/9.3.1/../../../../arm-none-eabi/lib/thumb/v7-m/nofp\libc_nano.a(lib_a-exit.o) (_global_impure_ptr)
g:/stm/stm32cubeide_1.5.1/stm32cubeide/plugins/com.st.stm32cube.ide.mcu.externaltools.gnu-tools-for-stm32.9-2020-q2-update.win32_1.5.0.202011040924/tools/bin/../lib/gcc/arm-none-eabi/9.3.1/../../../../arm-none-eabi/lib/thumb/v7-m/nofp\libc_nano.a(lib_a-init.o)
                              g:/stm/stm32cubeide_1.5.1/stm32cubeide/plugins/com.st.stm32cube.ide.mcu.externaltools.gnu-tools-for-stm32.9-2020-q2-update.win32_1.5.0.202011040924/tools/bin/../lib/gcc/arm-none-eabi/9.3.1/../../../../arm-none-eabi/lib/thumb/v7-m/nofp/crt0.o (__libc_init_array)
g:/stm/stm32cubeide_1.5.1/stm32cubeide/plugins/com.st.stm32cube.ide.mcu.externaltools.gnu-tools-for-stm32.9-2020-q2-update.win32_1.5.0.202011040924/tools/bin/../lib/gcc/arm-none-eabi/9.3.1/../../../../arm-none-eabi/lib/thumb/v7-m/nofp\libc_nano.a(lib_a-memset.o)
                              g:/stm/stm32cubeide_1.5.1/stm32cubeide/plugins/com.st.stm32cube.ide.mcu.externaltools.gnu-tools-for-stm32.9-2020-q2-update.win32_1.5.0.202011040924/tools/bin/../lib/gcc/arm-none-eabi/9.3.1/../../../../arm-none-eabi/lib/thumb/v7-m/nofp/crt0.o (memset)
g:/stm/stm32cubeide_1.5.1/stm32cubeide/plugins/com.st.stm32cube.ide.mcu.externaltools.gnu-tools-for-stm32.9-2020-q2-update.win32_1.5.0.202011040924/tools/bin/../lib/gcc/arm-none-eabi/9.3.1/thumb/v7-m/nofp\libgcc.a(_arm_muldf3.o)
                              Src/IMU.o (__aeabi_dmul)
g:/stm/stm32cubeide_1.5.1/stm32cubeide/plugins/com.st.stm32cube.ide.mcu.externaltools.gnu-tools-for-stm32.9-2020-q2-update.win32_1.5.0.202011040924/tools/bin/../lib/gcc/arm-none-eabi/9.3.1/thumb/v7-m/nofp\libgcc.a(_arm_addsubdf3.o)
                              Src/IMU.o (__aeabi_i2d)
g:/stm/stm32cubeide_1.5.1/stm32cubeide/plugins/com.st.stm32cube.ide.mcu.externaltools.gnu-tools-for-stm32.9-2020-q2-update.win32_1.5.0.202011040924/tools/bin/../lib/gcc/arm-none-eabi/9.3.1/thumb/v7-m/nofp\libgcc.a(_arm_fixdfsi.o)
                              Src/IMU.o (__aeabi_d2iz)

Allocating common symbols
Common symbol       size              file

sFilterConfig       0x28              Src/can.o
accelY              0x2               Src/IMU.o
accelX              0x2               Src/IMU.o
hi2c1               0x54              Src/IMU.o
gyroX               0x2               Src/IMU.o
_accel_ok           0x1               Src/IMU.o
hcan                0x28              Src/can.o
uwTick              0x4               Drivers/STM32F1xx_HAL_Driver/Src/stm32f1xx_hal.o
temp                0x2               Src/IMU.o
pFlash              0x20              Drivers/STM32F1xx_HAL_Driver/Src/stm32f1xx_hal_flash.o
gyroZ               0x2               Src/IMU.o
huart1              0x40              Src/usart.o
TxGyro              0x10              Src/can.o
TxMailbox           0x4               Src/can.o
accelZ              0x2               Src/IMU.o
TxAccel             0x10              Src/can.o
timer1              0x4               Src/IMU.o
RxData              0x8               Src/can.o
TxHeader            0x18              Src/can.o
gyroY               0x2               Src/IMU.o
RxHeader            0x1c              Src/can.o

Discarded input sections

 .text          0x0000000000000000        0x0 g:/stm/stm32cubeide_1.5.1/stm32cubeide/plugins/com.st.stm32cube.ide.mcu.externaltools.gnu-tools-for-stm32.9-2020-q2-update.win32_1.5.0.202011040924/tools/bin/../lib/gcc/arm-none-eabi/9.3.1/thumb/v7-m/nofp/crti.o
[...]
Memory Configuration

Name             Origin             Length             Attributes
RAM              0x0000000020000000 0x0000000000005000 xrw
FLASH            0x0000000008000000 0x0000000000010000 xr
*default*        0x0000000000000000 0xffffffffffffffff

Linker script and memory map

LOAD g:/stm/stm32cubeide_1.5.1/stm32cubeide/plugins/com.st.stm32cube.ide.mcu.externaltools.gnu-tools-for-stm32.9-2020-q2-update.win32_1.5.0.202011040924/tools/bin/../lib/gcc/arm-none-eabi/9.3.1/thumb/v7-m/nofp/crti.o
LOAD g:/stm/stm32cubeide_1.5.1/stm32cubeide/plugins/com.st.stm32cube.ide.mcu.externaltools.gnu-tools-for-stm32.9-2020-q2-update.win32_1.5.0.202011040924/tools/bin/../lib/gcc/arm-none-eabi/9.3.1/thumb/v7-m/nofp/crtbegin.o
LOAD g:/stm/stm32cubeide_1.5.1/stm32cubeide/plugins/com.st.stm32cube.ide.mcu.externaltools.gnu-tools-for-stm32.9-2020-q2-update.win32_1.5.0.202011040924/tools/bin/../lib/gcc/arm-none-eabi/9.3.1/../../../../arm-none-eabi/lib/thumb/v7-m/nofp/crt0.o
LOAD Drivers/STM32F1xx_HAL_Driver/Src/stm32f1xx_hal.o
LOAD Drivers/STM32F1xx_HAL_Driver/Src/stm32f1xx_hal_can.o
LOAD Drivers/STM32F1xx_HAL_Driver/Src/stm32f1xx_hal_cortex.o
LOAD Drivers/STM32F1xx_HAL_Driver/Src/stm32f1xx_hal_dma.o
LOAD Drivers/STM32F1xx_HAL_Driver/Src/stm32f1xx_hal_exti.o
LOAD Drivers/STM32F1xx_HAL_Driver/Src/stm32f1xx_hal_flash.o
LOAD Drivers/STM32F1xx_HAL_Driver/Src/stm32f1xx_hal_flash_ex.o
LOAD Drivers/STM32F1xx_HAL_Driver/Src/stm32f1xx_hal_gpio.o
LOAD Drivers/STM32F1xx_HAL_Driver/Src/stm32f1xx_hal_gpio_ex.o
LOAD Drivers/STM32F1xx_HAL_Driver/Src/stm32f1xx_hal_i2c.o
LOAD Drivers/STM32F1xx_HAL_Driver/Src/stm32f1xx_hal_pwr.o
LOAD Drivers/STM32F1xx_HAL_Driver/Src/stm32f1xx_hal_rcc.o
LOAD Drivers/STM32F1xx_HAL_Driver/Src/stm32f1xx_hal_rcc_ex.o
LOAD Drivers/STM32F1xx_HAL_Driver/Src/stm32f1xx_hal_tim.o
LOAD Drivers/STM32F1xx_HAL_Driver/Src/stm32f1xx_hal_tim_ex.o
LOAD Drivers/STM32F1xx_HAL_Driver/Src/stm32f1xx_hal_uart.o
LOAD Src/IMU.o
LOAD Src/can.o
LOAD Src/can_log.o
LOAD Src/dma.o
LOAD Src/gpio.o
LOAD Src/i2c.o
LOAD Src/main.o
LOAD Src/stm32f1xx_hal_msp.o
LOAD Src/stm32f1xx_it.o
LOAD Src/syscalls.o
LOAD Src/system_stm32f1xx.o
LOAD Src/usart.o
LOAD startup/startup_stm32f103xb.o
START GROUP
LOAD g:/stm/stm32cubeide_1.5.1/stm32cubeide/plugins/com.st.stm32cube.ide.mcu.externaltools.gnu-tools-for-stm32.9-2020-q2-update.win32_1.5.0.202011040924/tools/bin/../lib/gcc/arm-none-eabi/9.3.1/../../../../arm-none-eabi/lib/thumb/v7-m/nofp\libc_nano.a
LOAD g:/stm/stm32cubeide_1.5.1/stm32cubeide/plugins/com.st.stm32cube.ide.mcu.externaltools.gnu-tools-for-stm32.9-2020-q2-update.win32_1.5.0.202011040924/tools/bin/../lib/gcc/arm-none-eabi/9.3.1/../../../../arm-none-eabi/lib/thumb/v7-m/nofp\libm.a
END GROUP
START GROUP
LOAD g:/stm/stm32cubeide_1.5.1/stm32cubeide/plugins/com.st.stm32cube.ide.mcu.externaltools.gnu-tools-for-stm32.9-2020-q2-update.win32_1.5.0.202011040924/tools/bin/../lib/gcc/arm-none-eabi/9.3.1/thumb/v7-m/nofp\libgcc.a
LOAD g:/stm/stm32cubeide_1.5.1/stm32cubeide/plugins/com.st.stm32cube.ide.mcu.externaltools.gnu-tools-for-stm32.9-2020-q2-update.win32_1.5.0.202011040924/tools/bin/../lib/gcc/arm-none-eabi/9.3.1/../../../../arm-none-eabi/lib/thumb/v7-m/nofp\libc_nano.a
END GROUP
START GROUP
LOAD g:/stm/stm32cubeide_1.5.1/stm32cubeide/plugins/com.st.stm32cube.ide.mcu.externaltools.gnu-tools-for-stm32.9-2020-q2-update.win32_1.5.0.202011040924/tools/bin/../lib/gcc/arm-none-eabi/9.3.1/thumb/v7-m/nofp\libgcc.a
LOAD g:/stm/stm32cubeide_1.5.1/stm32cubeide/plugins/com.st.stm32cube.ide.mcu.externaltools.gnu-tools-for-stm32.9-2020-q2-update.win32_1.5.0.202011040924/tools/bin/../lib/gcc/arm-none-eabi/9.3.1/../../../../arm-none-eabi/lib/thumb/v7-m/nofp\libc_nano.a
LOAD g:/stm/stm32cubeide_1.5.1/stm32cubeide/plugins/com.st.stm32cube.ide.mcu.externaltools.gnu-tools-for-stm32.9-2020-q2-update.win32_1.5.0.202011040924/tools/bin/../lib/gcc/arm-none-eabi/9.3.1/../../../../arm-none-eabi/lib/thumb/v7-m/nofp\libnosys.a
END GROUP
START GROUP
LOAD g:/stm/stm32cubeide_1.5.1/stm32cubeide/plugins/com.st.stm32cube.ide.mcu.externaltools.gnu-tools-for-stm32.9-2020-q2-update.win32_1.5.0.202011040924/tools/bin/../lib/gcc/arm-none-eabi/9.3.1/thumb/v7-m/nofp\libgcc.a
LOAD g:/stm/stm32cubeide_1.5.1/stm32cubeide/plugins/com.st.stm32cube.ide.mcu.externaltools.gnu-tools-for-stm32.9-2020-q2-update.win32_1.5.0.202011040924/tools/bin/../lib/gcc/arm-none-eabi/9.3.1/../../../../arm-none-eabi/lib/thumb/v7-m/nofp\libc_nano.a
LOAD g:/stm/stm32cubeide_1.5.1/stm32cubeide/plugins/com.st.stm32cube.ide.mcu.externaltools.gnu-tools-for-stm32.9-2020-q2-update.win32_1.5.0.202011040924/tools/bin/../lib/gcc/arm-none-eabi/9.3.1/../../../../arm-none-eabi/lib/thumb/v7-m/nofp\libnosys.a
END GROUP
LOAD g:/stm/stm32cubeide_1.5.1/stm32cubeide/plugins/com.st.stm32cube.ide.mcu.externaltools.gnu-tools-for-stm32.9-2020-q2-update.win32_1.5.0.202011040924/tools/bin/../lib/gcc/arm-none-eabi/9.3.1/thumb/v7-m/nofp/crtend.o
LOAD g:/stm/stm32cubeide_1.5.1/stm32cubeide/plugins/com.st.stm32cube.ide.mcu.externaltools.gnu-tools-for-stm32.9-2020-q2-update.win32_1.5.0.202011040924/tools/bin/../lib/gcc/arm-none-eabi/9.3.1/thumb/v7-m/nofp/crtn.o
                0x0000000020005000                _estack = 0x20005000
                0x0000000000000200                _Min_Heap_Size = 0x200
                0x0000000000000400                _Min_Stack_Size = 0x400

.isr_vector     0x0000000008000000      0x10c
                0x0000000008000000                . = ALIGN (0x4)
 *(.isr_vector)
 .isr_vector    0x0000000008000000      0x10c startup/startup_stm32f103xb.o
                0x0000000008000000                g_pfnVectors
                0x000000000800010c                . = ALIGN (0x4)

.text           0x000000000800010c     0x2d30
                0x000000000800010c                . = ALIGN (0x4)
 *(.text)
 .text          0x000000000800010c       0x40 g:/stm/stm32cubeide_1.5.1/stm32cubeide/plugins/com.st.stm32cube.ide.mcu.externaltools.gnu-tools-for-stm32.9-2020-q2-update.win32_1.5.0.202011040924/tools/bin/../lib/gcc/arm-none-eabi/9.3.1/thumb/v7-m/nofp/crtbegin.o
 .text          0x000000000800014c      0x254 g:/stm/stm32cubeide_1.5.1/stm32cubeide/plugins/com.st.stm32cube.ide.mcu.externaltools.gnu-tools-for-stm32.9-2020-q2-update.win32_1.5.0.202011040924/tools/bin/../lib/gcc/arm-none-eabi/9.3.1/thumb/v7-m/nofp\libgcc.a(_arm_muldf3.o)
                0x000000000800014c                __muldf3
                0x000000000800014c                __aeabi_dmul
 .text          0x00000000080003a0      0x378 g:/stm/stm32cubeide_1.5.1/stm32cubeide/plugins/com.st.stm32cube.ide.mcu.externaltools.gnu-tools-for-stm32.9-2020-q2-update.win32_1.5.0.202011040924/tools/bin/../lib/gcc/arm-none-eabi/9.3.1/thumb/v7-m/nofp\libgcc.a(_arm_addsubdf3.o)
                0x00000000080003a0                __aeabi_drsub
                0x00000000080003a8                __aeabi_dsub
                0x00000000080003a8                __subdf3
                0x00000000080003ac                __aeabi_dadd
                0x00000000080003ac                __adddf3
                0x0000000008000624                __floatunsidf
                0x0000000008000624                __aeabi_ui2d
                0x0000000008000644                __floatsidf
                0x0000000008000644                __aeabi_i2d
                0x0000000008000668                __aeabi_f2d
                0x0000000008000668                __extendsfdf2
                0x00000000080006ac                __floatundidf
                0x00000000080006ac                __aeabi_ul2d
                0x00000000080006bc                __floatdidf
                0x00000000080006bc                __aeabi_l2d
 .text          0x0000000008000718       0x50 g:/stm/stm32cubeide_1.5.1/stm32cubeide/plugins/com.st.stm32cube.ide.mcu.externaltools.gnu-tools-for-stm32.9-2020-q2-update.win32_1.5.0.202011040924/tools/bin/../lib/gcc/arm-none-eabi/9.3.1/thumb/v7-m/nofp\libgcc.a(_arm_fixdfsi.o)
                0x0000000008000718                __aeabi_d2iz
                0x0000000008000718                __fixdfsi
 *(.text*)
 .text.HAL_InitTick
                0x0000000008000768       0x48 Drivers/STM32F1xx_HAL_Driver/Src/stm32f1xx_hal.o
                0x0000000008000768                HAL_InitTick
 .text.HAL_Init
                0x00000000080007b0       0x24 Drivers/STM32F1xx_HAL_Driver/Src/stm32f1xx_hal.o
                0x00000000080007b0                HAL_Init
 .text.HAL_IncTick
                0x00000000080007d4       0x18 Drivers/STM32F1xx_HAL_Driver/Src/stm32f1xx_hal.o
                0x00000000080007d4                HAL_IncTick
 .text.HAL_GetTick
                0x00000000080007ec        0xc Drivers/STM32F1xx_HAL_Driver/Src/stm32f1xx_hal.o
                0x00000000080007ec                HAL_GetTick
 .text.HAL_Delay
                0x00000000080007f8       0x28 Drivers/STM32F1xx_HAL_Driver/Src/stm32f1xx_hal.o
                0x00000000080007f8                HAL_Delay
 .text.HAL_CAN_Init
                0x0000000008000820      0x14c Drivers/STM32F1xx_HAL_Driver/Src/stm32f1xx_hal_can.o
                0x0000000008000820                HAL_CAN_Init
 .text.HAL_CAN_Start
                0x000000000800096c       0x5c Drivers/STM32F1xx_HAL_Driver/Src/stm32f1xx_hal_can.o
                0x000000000800096c                HAL_CAN_Start
 .text.HAL_CAN_AddTxMessage
                0x00000000080009c8       0xec Drivers/STM32F1xx_HAL_Driver/Src/stm32f1xx_hal_can.o
                0x00000000080009c8                HAL_CAN_AddTxMessage
 .text.HAL_CAN_ActivateNotification
                0x0000000008000ab4       0x24 Drivers/STM32F1xx_HAL_Driver/Src/stm32f1xx_hal_can.o
                0x0000000008000ab4                HAL_CAN_ActivateNotification
 .text.HAL_CAN_TxMailbox0CompleteCallback
                0x0000000008000ad8        0x2 Drivers/STM32F1xx_HAL_Driver/Src/stm32f1xx_hal_can.o
                0x0000000008000ad8                HAL_CAN_TxMailbox0CompleteCallback
 .text.HAL_CAN_TxMailbox1CompleteCallback
                0x0000000008000ada        0x2 Drivers/STM32F1xx_HAL_Driver/Src/stm32f1xx_hal_can.o
                0x0000000008000ada                HAL_CAN_TxMailbox1CompleteCallback
 .text.HAL_CAN_TxMailbox2CompleteCallback
                0x0000000008000adc        0x2 Drivers/STM32F1xx_HAL_Driver/Src/stm32f1xx_hal_can.o
                0x0000000008000adc                HAL_CAN_TxMailbox2CompleteCallback
 .text.HAL_CAN_TxMailbox0AbortCallback
                0x0000000008000ade        0x2 Drivers/STM32F1xx_HAL_Driver/Src/stm32f1xx_hal_can.o
                0x0000000008000ade                HAL_CAN_TxMailbox0AbortCallback
 .text.HAL_CAN_TxMailbox1AbortCallback
                0x0000000008000ae0        0x2 Drivers/STM32F1xx_HAL_Driver/Src/stm32f1xx_hal_can.o
                0x0000000008000ae0                HAL_CAN_TxMailbox1AbortCallback
 .text.HAL_CAN_TxMailbox2AbortCallback
                0x0000000008000ae2        0x2 Drivers/STM32F1xx_HAL_Driver/Src/stm32f1xx_hal_can.o
                0x0000000008000ae2                HAL_CAN_TxMailbox2AbortCallback
 .text.HAL_CAN_RxFifo0MsgPendingCallback
                0x0000000008000ae4        0x2 Drivers/STM32F1xx_HAL_Driver/Src/stm32f1xx_hal_can.o
                0x0000000008000ae4                HAL_CAN_RxFifo0MsgPendingCallback
 .text.HAL_CAN_RxFifo0FullCallback
                0x0000000008000ae6        0x2 Drivers/STM32F1xx_HAL_Driver/Src/stm32f1xx_hal_can.o
                0x0000000008000ae6                HAL_CAN_RxFifo0FullCallback
 .text.HAL_CAN_RxFifo1MsgPendingCallback
                0x0000000008000ae8        0x2 Drivers/STM32F1xx_HAL_Driver/Src/stm32f1xx_hal_can.o
                0x0000000008000ae8                HAL_CAN_RxFifo1MsgPendingCallback
 .text.HAL_CAN_RxFifo1FullCallback
                0x0000000008000aea        0x2 Drivers/STM32F1xx_HAL_Driver/Src/stm32f1xx_hal_can.o
                0x0000000008000aea                HAL_CAN_RxFifo1FullCallback
 .text.HAL_CAN_SleepCallback
                0x0000000008000aec        0x2 Drivers/STM32F1xx_HAL_Driver/Src/stm32f1xx_hal_can.o
                0x0000000008000aec                HAL_CAN_SleepCallback
 .text.HAL_CAN_WakeUpFromRxMsgCallback
                0x0000000008000aee        0x2 Drivers/STM32F1xx_HAL_Driver/Src/stm32f1xx_hal_can.o
                0x0000000008000aee                HAL_CAN_WakeUpFromRxMsgCallback
 .text.HAL_CAN_ErrorCallback
                0x0000000008000af0        0x2 Drivers/STM32F1xx_HAL_Driver/Src/stm32f1xx_hal_can.o
                0x0000000008000af0                HAL_CAN_ErrorCallback
 .text.HAL_CAN_IRQHandler
                0x0000000008000af2      0x24a Drivers/STM32F1xx_HAL_Driver/Src/stm32f1xx_hal_can.o
                0x0000000008000af2                HAL_CAN_IRQHandler
 .text.HAL_NVIC_SetPriorityGrouping
                0x0000000008000d3c       0x24 Drivers/STM32F1xx_HAL_Driver/Src/stm32f1xx_hal_cortex.o
                0x0000000008000d3c                HAL_NVIC_SetPriorityGrouping
 .text.HAL_NVIC_SetPriority
                0x0000000008000d60       0x68 Drivers/STM32F1xx_HAL_Driver/Src/stm32f1xx_hal_cortex.o
                0x0000000008000d60                HAL_NVIC_SetPriority
 .text.HAL_NVIC_EnableIRQ
                0x0000000008000dc8       0x1c Drivers/STM32F1xx_HAL_Driver/Src/stm32f1xx_hal_cortex.o
                0x0000000008000dc8                HAL_NVIC_EnableIRQ
 .text.HAL_SYSTICK_Config
                0x0000000008000de4       0x2c Drivers/STM32F1xx_HAL_Driver/Src/stm32f1xx_hal_cortex.o
                0x0000000008000de4                HAL_SYSTICK_Config
 .text.HAL_GPIO_Init
                0x0000000008000e10      0x220 Drivers/STM32F1xx_HAL_Driver/Src/stm32f1xx_hal_gpio.o
                0x0000000008000e10                HAL_GPIO_Init
 .text.HAL_GPIO_WritePin
                0x0000000008001030        0xc Drivers/STM32F1xx_HAL_Driver/Src/stm32f1xx_hal_gpio.o
                0x0000000008001030                HAL_GPIO_WritePin
 .text.HAL_GPIO_TogglePin
                0x000000000800103c       0x12 Drivers/STM32F1xx_HAL_Driver/Src/stm32f1xx_hal_gpio.o
                0x000000000800103c                HAL_GPIO_TogglePin
 .text.I2C_IsAcknowledgeFailed
                0x000000000800104e       0x32 Drivers/STM32F1xx_HAL_Driver/Src/stm32f1xx_hal_i2c.o
 .text.I2C_WaitOnFlagUntilTimeout
                0x0000000008001080       0x74 Drivers/STM32F1xx_HAL_Driver/Src/stm32f1xx_hal_i2c.o
 .text.I2C_WaitOnMasterAddressFlagUntilTimeout
                0x00000000080010f4       0xaa Drivers/STM32F1xx_HAL_Driver/Src/stm32f1xx_hal_i2c.o
 *fill*         0x000000000800119e        0x2 
 .text.I2C_MasterRequestWrite
                0x00000000080011a0       0xb4 Drivers/STM32F1xx_HAL_Driver/Src/stm32f1xx_hal_i2c.o
 .text.I2C_MasterRequestRead
                0x0000000008001254      0x120 Drivers/STM32F1xx_HAL_Driver/Src/stm32f1xx_hal_i2c.o
 .text.I2C_WaitOnTXEFlagUntilTimeout
                0x0000000008001374       0x54 Drivers/STM32F1xx_HAL_Driver/Src/stm32f1xx_hal_i2c.o
 .text.I2C_RequestMemoryWrite
                0x00000000080013c8       0xd8 Drivers/STM32F1xx_HAL_Driver/Src/stm32f1xx_hal_i2c.o
 .text.I2C_WaitOnBTFFlagUntilTimeout
                0x00000000080014a0       0x54 Drivers/STM32F1xx_HAL_Driver/Src/stm32f1xx_hal_i2c.o
 .text.I2C_WaitOnRXNEFlagUntilTimeout
                0x00000000080014f4       0x6a Drivers/STM32F1xx_HAL_Driver/Src/stm32f1xx_hal_i2c.o
 *fill*         0x000000000800155e        0x2 
 .text.HAL_I2C_Init
                0x0000000008001560      0x1bc Drivers/STM32F1xx_HAL_Driver/Src/stm32f1xx_hal_i2c.o
                0x0000000008001560                HAL_I2C_Init
 .text.HAL_I2C_Master_Transmit
                0x000000000800171c      0x178 Drivers/STM32F1xx_HAL_Driver/Src/stm32f1xx_hal_i2c.o
                0x000000000800171c                HAL_I2C_Master_Transmit
 .text.HAL_I2C_Master_Receive
                0x0000000008001894      0x340 Drivers/STM32F1xx_HAL_Driver/Src/stm32f1xx_hal_i2c.o
                0x0000000008001894                HAL_I2C_Master_Receive
 .text.HAL_I2C_Mem_Write
                0x0000000008001bd4      0x164 Drivers/STM32F1xx_HAL_Driver/Src/stm32f1xx_hal_i2c.o
                0x0000000008001bd4                HAL_I2C_Mem_Write
 .text.RCC_Delay
                0x0000000008001d38       0x2c Drivers/STM32F1xx_HAL_Driver/Src/stm32f1xx_hal_rcc.o
 .text.HAL_RCC_OscConfig
                0x0000000008001d64      0x410 Drivers/STM32F1xx_HAL_Driver/Src/stm32f1xx_hal_rcc.o
                0x0000000008001d64                HAL_RCC_OscConfig
 .text.HAL_RCC_GetSysClockFreq
                0x0000000008002174       0x6c Drivers/STM32F1xx_HAL_Driver/Src/stm32f1xx_hal_rcc.o
                0x0000000008002174                HAL_RCC_GetSysClockFreq
 .text.HAL_RCC_ClockConfig
                0x00000000080021e0      0x16c Drivers/STM32F1xx_HAL_Driver/Src/stm32f1xx_hal_rcc.o
                0x00000000080021e0                HAL_RCC_ClockConfig
 .text.HAL_RCC_GetHCLKFreq
                0x000000000800234c        0xc Drivers/STM32F1xx_HAL_Driver/Src/stm32f1xx_hal_rcc.o
                0x000000000800234c                HAL_RCC_GetHCLKFreq
 .text.HAL_RCC_GetPCLK1Freq
                0x0000000008002358       0x20 Drivers/STM32F1xx_HAL_Driver/Src/stm32f1xx_hal_rcc.o
                0x0000000008002358                HAL_RCC_GetPCLK1Freq
 .text.HAL_RCC_GetPCLK2Freq
                0x0000000008002378       0x20 Drivers/STM32F1xx_HAL_Driver/Src/stm32f1xx_hal_rcc.o
                0x0000000008002378                HAL_RCC_GetPCLK2Freq
 .text.UART_SetConfig
                0x0000000008002398       0x90 Drivers/STM32F1xx_HAL_Driver/Src/stm32f1xx_hal_uart.o
 .text.HAL_UART_Init
                0x0000000008002428       0x5e Drivers/STM32F1xx_HAL_Driver/Src/stm32f1xx_hal_uart.o
                0x0000000008002428                HAL_UART_Init
 *fill*         0x0000000008002486        0x2 
 .text.Evita_travamento
                0x0000000008002488       0x20 Src/IMU.o
                0x0000000008002488                Evita_travamento
 .text.SetupACEL
                0x00000000080024a8      0x110 Src/IMU.o
                0x00000000080024a8                SetupACEL
 .text.recordAccelRegisters
                0x00000000080025b8       0xf4 Src/IMU.o
                0x00000000080025b8                recordAccelRegisters
 .text.recordGyroRegisters
                0x00000000080026ac       0xc0 Src/IMU.o
                0x00000000080026ac                recordGyroRegisters
 .text.Pisca_SOS
                0x000000000800276c      0x148 Src/IMU.o
                0x000000000800276c                Pisca_SOS
 .text.Checa_leitura
                0x00000000080028b4        0xc Src/IMU.o
                0x00000000080028b4                Checa_leitura
 .text.CAN_Transmit
                0x00000000080028c0       0xcc Src/can.o
                0x00000000080028c0                CAN_Transmit
 .text.MX_CAN_Init
                0x000000000800298c       0x74 Src/can.o
                0x000000000800298c                MX_CAN_Init
 .text.HAL_CAN_MspInit
                0x0000000008002a00       0x98 Src/can.o
                0x0000000008002a00                HAL_CAN_MspInit
 .text.MX_GPIO_Init
                0x0000000008002a98       0x8c Src/gpio.o
                0x0000000008002a98                MX_GPIO_Init
 .text.MX_I2C1_Init
                0x0000000008002b24       0x3c Src/i2c.o
                0x0000000008002b24                MX_I2C1_Init
 .text.HAL_I2C_MspInit
                0x0000000008002b60       0x64 Src/i2c.o
                0x0000000008002b60                HAL_I2C_MspInit
 .text.SystemClock_Config
                0x0000000008002bc4       0x52 Src/main.o
                0x0000000008002bc4                SystemClock_Config
 .text.main     0x0000000008002c16       0x4c Src/main.o
                0x0000000008002c16                main
 .text.Error_Handler
                0x0000000008002c62        0x2 Src/main.o
                0x0000000008002c62                Error_Handler
 .text.HAL_MspInit
                0x0000000008002c64       0x44 Src/stm32f1xx_hal_msp.o
                0x0000000008002c64                HAL_MspInit
 .text.NMI_Handler
                0x0000000008002ca8        0x2 Src/stm32f1xx_it.o
                0x0000000008002ca8                NMI_Handler
 .text.HardFault_Handler
                0x0000000008002caa        0x2 Src/stm32f1xx_it.o
                0x0000000008002caa                HardFault_Handler
 .text.MemManage_Handler
                0x0000000008002cac        0x2 Src/stm32f1xx_it.o
                0x0000000008002cac                MemManage_Handler
 .text.BusFault_Handler
                0x0000000008002cae        0x2 Src/stm32f1xx_it.o
                0x0000000008002cae                BusFault_Handler
 .text.UsageFault_Handler
                0x0000000008002cb0        0x2 Src/stm32f1xx_it.o
                0x0000000008002cb0                UsageFault_Handler
 .text.SVC_Handler
                0x0000000008002cb2        0x2 Src/stm32f1xx_it.o
                0x0000000008002cb2                SVC_Handler
 .text.DebugMon_Handler
                0x0000000008002cb4        0x2 Src/stm32f1xx_it.o
                0x0000000008002cb4                DebugMon_Handler
 .text.PendSV_Handler
                0x0000000008002cb6        0x2 Src/stm32f1xx_it.o
                0x0000000008002cb6                PendSV_Handler
 .text.SysTick_Handler
                0x0000000008002cb8        0x8 Src/stm32f1xx_it.o
                0x0000000008002cb8                SysTick_Handler
 .text.USB_HP_CAN1_TX_IRQHandler
                0x0000000008002cc0       0x10 Src/stm32f1xx_it.o
                0x0000000008002cc0                USB_HP_CAN1_TX_IRQHandler
 .text.USB_LP_CAN1_RX0_IRQHandler
                0x0000000008002cd0       0x10 Src/stm32f1xx_it.o
                0x0000000008002cd0                USB_LP_CAN1_RX0_IRQHandler
 .text.SystemInit
                0x0000000008002ce0        0x2 Src/system_stm32f1xx.o
                0x0000000008002ce0                SystemInit
 *fill*         0x0000000008002ce2        0x2 
 .text.MX_USART1_UART_Init
                0x0000000008002ce4       0x34 Src/usart.o
                0x0000000008002ce4                MX_USART1_UART_Init
 .text.HAL_UART_MspInit
                0x0000000008002d18       0x78 Src/usart.o
                0x0000000008002d18                HAL_UART_MspInit
 .text.Reset_Handler
                0x0000000008002d90       0x48 startup/startup_stm32f103xb.o
                0x0000000008002d90                Reset_Handler
 .text.Default_Handler
                0x0000000008002dd8        0x2 startup/startup_stm32f103xb.o
                0x0000000008002dd8                RTC_Alarm_IRQHandler
                0x0000000008002dd8                EXTI2_IRQHandler
                0x0000000008002dd8                TIM1_CC_IRQHandler
                0x0000000008002dd8                PVD_IRQHandler
                0x0000000008002dd8                EXTI3_IRQHandler
                0x0000000008002dd8                EXTI0_IRQHandler
                0x0000000008002dd8                I2C2_EV_IRQHandler
                0x0000000008002dd8                ADC1_2_IRQHandler
                0x0000000008002dd8                SPI1_IRQHandler
                0x0000000008002dd8                TAMPER_IRQHandler
                0x0000000008002dd8                DMA1_Channel4_IRQHandler
                0x0000000008002dd8                USART3_IRQHandler
                0x0000000008002dd8                RTC_IRQHandler
                0x0000000008002dd8                DMA1_Channel7_IRQHandler
                0x0000000008002dd8                CAN1_RX1_IRQHandler
                0x0000000008002dd8                TIM4_IRQHandler
                0x0000000008002dd8                I2C1_EV_IRQHandler
                0x0000000008002dd8                DMA1_Channel6_IRQHandler
                0x0000000008002dd8                TIM3_IRQHandler
                0x0000000008002dd8                RCC_IRQHandler
                0x0000000008002dd8                TIM1_TRG_COM_IRQHandler
                0x0000000008002dd8                DMA1_Channel1_IRQHandler
                0x0000000008002dd8                Default_Handler
                0x0000000008002dd8                EXTI15_10_IRQHandler
                0x0000000008002dd8                EXTI9_5_IRQHandler
                0x0000000008002dd8                SPI2_IRQHandler
                0x0000000008002dd8                DMA1_Channel5_IRQHandler
                0x0000000008002dd8                EXTI4_IRQHandler
                0x0000000008002dd8                DMA1_Channel3_IRQHandler
                0x0000000008002dd8                TIM1_UP_IRQHandler
                0x0000000008002dd8                WWDG_IRQHandler
                0x0000000008002dd8                TIM2_IRQHandler
                0x0000000008002dd8                TIM1_BRK_IRQHandler
                0x0000000008002dd8                EXTI1_IRQHandler
                0x0000000008002dd8                USART2_IRQHandler
                0x0000000008002dd8                I2C2_ER_IRQHandler
                0x0000000008002dd8                DMA1_Channel2_IRQHandler
                0x0000000008002dd8                CAN1_SCE_IRQHandler
                0x0000000008002dd8                FLASH_IRQHandler
                0x0000000008002dd8                USART1_IRQHandler
                0x0000000008002dd8                I2C1_ER_IRQHandler
                0x0000000008002dd8                USBWakeUp_IRQHandler
 *fill*         0x0000000008002dda        0x2 
 .text.__libc_init_array
                0x0000000008002ddc       0x48 g:/stm/stm32cubeide_1.5.1/stm32cubeide/plugins/com.st.stm32cube.ide.mcu.externaltools.gnu-tools-for-stm32.9-2020-q2-update.win32_1.5.0.202011040924/tools/bin/../lib/gcc/arm-none-eabi/9.3.1/../../../../arm-none-eabi/lib/thumb/v7-m/nofp\libc_nano.a(lib_a-init.o)
                0x0000000008002ddc                __libc_init_array
 *(.glue_7)
 .glue_7        0x0000000008002e24        0x0 linker stubs
 *(.glue_7t)
 .glue_7t       0x0000000008002e24        0x0 linker stubs
 *(.eh_frame)
 .eh_frame      0x0000000008002e24        0x0 g:/stm/stm32cubeide_1.5.1/stm32cubeide/plugins/com.st.stm32cube.ide.mcu.externaltools.gnu-tools-for-stm32.9-2020-q2-update.win32_1.5.0.202011040924/tools/bin/../lib/gcc/arm-none-eabi/9.3.1/thumb/v7-m/nofp/crtbegin.o
 *(.init)
 .init          0x0000000008002e24        0x4 g:/stm/stm32cubeide_1.5.1/stm32cubeide/plugins/com.st.stm32cube.ide.mcu.externaltools.gnu-tools-for-stm32.9-2020-q2-update.win32_1.5.0.202011040924/tools/bin/../lib/gcc/arm-none-eabi/9.3.1/thumb/v7-m/nofp/crti.o
                0x0000000008002e24                _init
 .init          0x0000000008002e28        0x8 g:/stm/stm32cubeide_1.5.1/stm32cubeide/plugins/com.st.stm32cube.ide.mcu.externaltools.gnu-tools-for-stm32.9-2020-q2-update.win32_1.5.0.202011040924/tools/bin/../lib/gcc/arm-none-eabi/9.3.1/thumb/v7-m/nofp/crtn.o
 *(.fini)
 .fini          0x0000000008002e30        0x4 g:/stm/stm32cubeide_1.5.1/stm32cubeide/plugins/com.st.stm32cube.ide.mcu.externaltools.gnu-tools-for-stm32.9-2020-q2-update.win32_1.5.0.202011040924/tools/bin/../lib/gcc/arm-none-eabi/9.3.1/thumb/v7-m/nofp/crti.o
                0x0000000008002e30                _fini
 .fini          0x0000000008002e34        0x8 g:/stm/stm32cubeide_1.5.1/stm32cubeide/plugins/com.st.stm32cube.ide.mcu.externaltools.gnu-tools-for-stm32.9-2020-q2-update.win32_1.5.0.202011040924/tools/bin/../lib/gcc/arm-none-eabi/9.3.1/thumb/v7-m/nofp/crtn.o
                0x0000000008002e3c                . = ALIGN (0x4)
                0x0000000008002e3c                _etext = .

.vfp11_veneer   0x0000000008002e3c        0x0
 .vfp11_veneer  0x0000000008002e3c        0x0 linker stubs

.v4_bx          0x0000000008002e3c        0x0
 .v4_bx         0x0000000008002e3c        0x0 linker stubs

.iplt           0x0000000008002e3c        0x0
 .iplt          0x0000000008002e3c        0x0 g:/stm/stm32cubeide_1.5.1/stm32cubeide/plugins/com.st.stm32cube.ide.mcu.externaltools.gnu-tools-for-stm32.9-2020-q2-update.win32_1.5.0.202011040924/tools/bin/../lib/gcc/arm-none-eabi/9.3.1/thumb/v7-m/nofp/crtbegin.o

.rodata         0x0000000008002e3c       0x34
                0x0000000008002e3c                . = ALIGN (0x4)
 *(.rodata)
 .rodata        0x0000000008002e3c        0x8 Src/can.o
 .rodata        0x0000000008002e44       0x18 Src/system_stm32f1xx.o
                0x0000000008002e44                AHBPrescTable
                0x0000000008002e54                APBPrescTable
 *(.rodata*)
 .rodata.str1.4
                0x0000000008002e5c       0x11 Drivers/STM32F1xx_HAL_Driver/Src/stm32f1xx_hal_rcc.o
                0x0000000008002e70                . = ALIGN (0x4)
 *fill*         0x0000000008002e6d        0x3 

.rel.dyn        0x0000000008002e70        0x0
 .rel.iplt      0x0000000008002e70        0x0 g:/stm/stm32cubeide_1.5.1/stm32cubeide/plugins/com.st.stm32cube.ide.mcu.externaltools.gnu-tools-for-stm32.9-2020-q2-update.win32_1.5.0.202011040924/tools/bin/../lib/gcc/arm-none-eabi/9.3.1/thumb/v7-m/nofp/crtbegin.o

.ARM.extab
 *(.ARM.extab* .gnu.linkonce.armextab.*)

.ARM            0x0000000008002e70        0x0
                0x0000000008002e70                __exidx_start = .
 *(.ARM.exidx*)
                0x0000000008002e70                __exidx_end = .

.preinit_array  0x0000000008002e70        0x0
                0x0000000008002e70                PROVIDE (__preinit_array_start = .)
 *(.preinit_array*)
                0x0000000008002e70                PROVIDE (__preinit_array_end = .)

.init_array     0x0000000008002e70        0x4
                0x0000000008002e70                PROVIDE (__init_array_start = .)
 *(SORT_BY_NAME(.init_array.*))
 *(.init_array*)
 .init_array    0x0000000008002e70        0x4 g:/stm/stm32cubeide_1.5.1/stm32cubeide/plugins/com.st.stm32cube.ide.mcu.externaltools.gnu-tools-for-stm32.9-2020-q2-update.win32_1.5.0.202011040924/tools/bin/../lib/gcc/arm-none-eabi/9.3.1/thumb/v7-m/nofp/crtbegin.o
                0x0000000008002e74                PROVIDE (__init_array_end = .)

.fini_array     0x0000000008002e74        0x4
                [!provide]                        PROVIDE (__fini_array_start = .)
 *(SORT_BY_NAME(.fini_array.*))
 *(.fini_array*)
 .fini_array    0x0000000008002e74        0x4 g:/stm/stm32cubeide_1.5.1/stm32cubeide/plugins/com.st.stm32cube.ide.mcu.externaltools.gnu-tools-for-stm32.9-2020-q2-update.win32_1.5.0.202011040924/tools/bin/../lib/gcc/arm-none-eabi/9.3.1/thumb/v7-m/nofp/crtbegin.o
                [!provide]                        PROVIDE (__fini_array_end = .)
                0x0000000008002e78                _sidata = LOADADDR (.data)

.data           0x0000000020000000        0xc load address 0x0000000008002e78
                0x0000000020000000                . = ALIGN (0x4)
                0x0000000020000000                _sdata = .
 *(.data)
 .data          0x0000000020000000        0x8 Drivers/STM32F1xx_HAL_Driver/Src/stm32f1xx_hal.o
                0x0000000020000000                uwTickFreq
                0x0000000020000004                uwTickPrio
 .data          0x0000000020000008        0x4 Src/system_stm32f1xx.o
                0x0000000020000008                SystemCoreClock
 *(.data*)
                0x000000002000000c                . = ALIGN (0x4)
                0x000000002000000c                _edata = .

.igot.plt       0x000000002000000c        0x0 load address 0x0000000008002e84
 .igot.plt      0x000000002000000c        0x0 g:/stm/stm32cubeide_1.5.1/stm32cubeide/plugins/com.st.stm32cube.ide.mcu.externaltools.gnu-tools-for-stm32.9-2020-q2-update.win32_1.5.0.202011040924/tools/bin/../lib/gcc/arm-none-eabi/9.3.1/thumb/v7-m/nofp/crtbegin.o
                0x000000002000000c                . = ALIGN (0x4)

.bss            0x000000002000000c      0x188 load address 0x0000000008002e84
                0x000000002000000c                _sbss = .
                0x000000002000000c                __bss_start__ = _sbss
 *(.bss)
 .bss           0x000000002000000c       0x1c g:/stm/stm32cubeide_1.5.1/stm32cubeide/plugins/com.st.stm32cube.ide.mcu.externaltools.gnu-tools-for-stm32.9-2020-q2-update.win32_1.5.0.202011040924/tools/bin/../lib/gcc/arm-none-eabi/9.3.1/thumb/v7-m/nofp/crtbegin.o
 .bss           0x0000000020000028        0xc Src/IMU.o
                0x0000000020000028                buffer
                0x0000000020000030                timer
 *(.bss*)
 *(COMMON)
 COMMON         0x0000000020000034        0x4 Drivers/STM32F1xx_HAL_Driver/Src/stm32f1xx_hal.o
                0x0000000020000034                uwTick
 COMMON         0x0000000020000038       0x6a Src/IMU.o
                0x0000000020000038                accelY
                0x000000002000003a                accelX
                0x000000002000003c                hi2c1
                0x0000000020000090                gyroX
                0x0000000020000092                _accel_ok
                0x0000000020000094                temp
                0x0000000020000096                gyroZ
                0x0000000020000098                accelZ
                0x000000002000009c                timer1
                0x00000000200000a0                gyroY
 *fill*         0x00000000200000a2        0x2 
 COMMON         0x00000000200000a4       0xb0 Src/can.o
                0x00000000200000a4                sFilterConfig
                0x00000000200000cc                hcan
                0x00000000200000f4                TxGyro
                0x0000000020000104                TxMailbox
                0x0000000020000108                TxAccel
                0x0000000020000118                RxData
                0x0000000020000120                TxHeader
                0x0000000020000138                RxHeader
 COMMON         0x0000000020000154       0x40 Src/usart.o
                0x0000000020000154                huart1
                0x0000000020000194                . = ALIGN (0x4)
                0x0000000020000194                _ebss = .
                0x0000000020000194                __bss_end__ = _ebss

._user_heap_stack
                0x0000000020000194      0x604 load address 0x0000000008002e84
                0x0000000020000198                . = ALIGN (0x8)
 *fill*         0x0000000020000194        0x4 
                0x0000000020000198                PROVIDE (end = .)
                [!provide]                        PROVIDE (_end = .)
                0x0000000020000398                . = (. + _Min_Heap_Size)
 *fill*         0x0000000020000198      0x200 
                0x0000000020000798                . = (. + _Min_Stack_Size)
 *fill*         0x0000000020000398      0x400 
                0x0000000020000798                . = ALIGN (0x8)

/DISCARD/
 libc.a(*)
 libm.a(*)
 libgcc.a(*)

.ARM.attributes
                0x0000000000000000       0x29
 *(.ARM.attributes)
 .ARM.attributes
                0x0000000000000000       0x1d g:/stm/stm32cubeide_1.5.1/stm32cubeide/plugins/com.st.stm32cube.ide.mcu.externaltools.gnu-tools-for-stm32.9-2020-q2-update.win32_1.5.0.202011040924/tools/bin/../lib/gcc/arm-none-eabi/9.3.1/thumb/v7-m/nofp/crti.o
 .ARM.attributes
                0x000000000000001d       0x2d g:/stm/stm32cubeide_1.5.1/stm32cubeide/plugins/com.st.stm32cube.ide.mcu.externaltools.gnu-tools-for-stm32.9-2020-q2-update.win32_1.5.0.202011040924/tools/bin/../lib/gcc/arm-none-eabi/9.3.1/thumb/v7-m/nofp/crtbegin.o
 .ARM.attributes
                0x000000000000004a       0x2d Drivers/STM32F1xx_HAL_Driver/Src/stm32f1xx_hal.o
 .ARM.attributes
                0x0000000000000077       0x2d Drivers/STM32F1xx_HAL_Driver/Src/stm32f1xx_hal_can.o
 .ARM.attributes
                0x00000000000000a4       0x2d Drivers/STM32F1xx_HAL_Driver/Src/stm32f1xx_hal_cortex.o
 .ARM.attributes
                0x00000000000000d1       0x2d Drivers/STM32F1xx_HAL_Driver/Src/stm32f1xx_hal_gpio.o
 .ARM.attributes
                0x00000000000000fe       0x2d Drivers/STM32F1xx_HAL_Driver/Src/stm32f1xx_hal_i2c.o
 .ARM.attributes
                0x000000000000012b       0x2d Drivers/STM32F1xx_HAL_Driver/Src/stm32f1xx_hal_rcc.o
 .ARM.attributes
                0x0000000000000158       0x2d Drivers/STM32F1xx_HAL_Driver/Src/stm32f1xx_hal_uart.o
 .ARM.attributes
                0x0000000000000185       0x2d Src/IMU.o
 .ARM.attributes
                0x00000000000001b2       0x2d Src/can.o
 .ARM.attributes
                0x00000000000001df       0x2d Src/gpio.o
 .ARM.attributes
                0x000000000000020c       0x2d Src/i2c.o
 .ARM.attributes
                0x0000000000000239       0x2d Src/main.o
 .ARM.attributes
                0x0000000000000266       0x2d Src/stm32f1xx_hal_msp.o
 .ARM.attributes
                0x0000000000000293       0x2d Src/stm32f1xx_it.o
 .ARM.attributes
                0x00000000000002c0       0x2d Src/system_stm32f1xx.o
 .ARM.attributes
                0x00000000000002ed       0x2d Src/usart.o
 .ARM.attributes
                0x000000000000031a       0x21 startup/startup_stm32f103xb.o
 .ARM.attributes
                0x000000000000033b       0x2d g:/stm/stm32cubeide_1.5.1/stm32cubeide/plugins/com.st.stm32cube.ide.mcu.externaltools.gnu-tools-for-stm32.9-2020-q2-update.win32_1.5.0.202011040924/tools/bin/../lib/gcc/arm-none-eabi/9.3.1/../../../../arm-none-eabi/lib/thumb/v7-m/nofp\libc_nano.a(lib_a-init.o)
 .ARM.attributes
                0x0000000000000368       0x1d g:/stm/stm32cubeide_1.5.1/stm32cubeide/plugins/com.st.stm32cube.ide.mcu.externaltools.gnu-tools-for-stm32.9-2020-q2-update.win32_1.5.0.202011040924/tools/bin/../lib/gcc/arm-none-eabi/9.3.1/thumb/v7-m/nofp\libgcc.a(_arm_muldf3.o)
 .ARM.attributes
                0x0000000000000385       0x1d g:/stm/stm32cubeide_1.5.1/stm32cubeide/plugins/com.st.stm32cube.ide.mcu.externaltools.gnu-tools-for-stm32.9-2020-q2-update.win32_1.5.0.202011040924/tools/bin/../lib/gcc/arm-none-eabi/9.3.1/thumb/v7-m/nofp\libgcc.a(_arm_addsubdf3.o)
 .ARM.attributes
                0x00000000000003a2       0x1d g:/stm/stm32cubeide_1.5.1/stm32cubeide/plugins/com.st.stm32cube.ide.mcu.externaltools.gnu-tools-for-stm32.9-2020-q2-update.win32_1.5.0.202011040924/tools/bin/../lib/gcc/arm-none-eabi/9.3.1/thumb/v7-m/nofp\libgcc.a(_arm_fixdfsi.o)
 .ARM.attributes
                0x00000000000003bf       0x1d g:/stm/stm32cubeide_1.5.1/stm32cubeide/plugins/com.st.stm32cube.ide.mcu.externaltools.gnu-tools-for-stm32.9-2020-q2-update.win32_1.5.0.202011040924/tools/bin/../lib/gcc/arm-none-eabi/9.3.1/thumb/v7-m/nofp/crtn.o
OUTPUT(Conversor IMU 2.0.elf elf32-littlearm)
LOAD linker stubs
LOAD g:/stm/stm32cubeide_1.5.1/stm32cubeide/plugins/com.st.stm32cube.ide.mcu.externaltools.gnu-tools-for-stm32.9-2020-q2-update.win32_1.5.0.202011040924/tools/bin/../lib/gcc/arm-none-eabi/9.3.1/../../../../arm-none-eabi/lib/thumb/v7-m/nofp\libc.a
LOAD g:/stm/stm32cubeide_1.5.1/stm32cubeide/plugins/com.st.stm32cube.ide.mcu.externaltools.gnu-tools-for-stm32.9-2020-q2-update.win32_1.5.0.202011040924/tools/bin/../lib/gcc/arm-none-eabi/9.3.1/../../../../arm-none-eabi/lib/thumb/v7-m/nofp\libm.a
LOAD g:/stm/stm32cubeide_1.5.1/stm32cubeide/plugins/com.st.stm32cube.ide.mcu.externaltools.gnu-tools-for-stm32.9-2020-q2-update.win32_1.5.0.202011040924/tools/bin/../lib/gcc/arm-none-eabi/9.3.1/thumb/v7-m/nofp\libgcc.a

.debug_info     0x0000000000000000     0xe771
 .debug_info    0x0000000000000000      0x835 Drivers/STM32F1xx_HAL_Driver/Src/stm32f1xx_hal.o
 .debug_info    0x0000000000000835     0x1336 Drivers/STM32F1xx_HAL_Driver/Src/stm32f1xx_hal_can.o
 .debug_info    0x0000000000001b6b      0xe4a Drivers/STM32F1xx_HAL_Driver/Src/stm32f1xx_hal_cortex.o
 .debug_info    0x00000000000029b5      0x75f Drivers/STM32F1xx_HAL_Driver/Src/stm32f1xx_hal_gpio.o
 .debug_info    0x0000000000003114     0x3b04 Drivers/STM32F1xx_HAL_Driver/Src/stm32f1xx_hal_i2c.o
 .debug_info    0x0000000000006c18      0xaaf Drivers/STM32F1xx_HAL_Driver/Src/stm32f1xx_hal_rcc.o
 .debug_info    0x00000000000076c7     0x191d Drivers/STM32F1xx_HAL_Driver/Src/stm32f1xx_hal_uart.o
 .debug_info    0x0000000000008fe4      0xf3a Src/IMU.o
 .debug_info    0x0000000000009f1e     0x1344 Src/can.o
 .debug_info    0x000000000000b262      0x403 Src/gpio.o
 .debug_info    0x000000000000b665      0x977 Src/i2c.o
 .debug_info    0x000000000000bfdc     0x125e Src/main.o
 .debug_info    0x000000000000d23a      0x301 Src/stm32f1xx_hal_msp.o
 .debug_info    0x000000000000d53b      0x666 Src/stm32f1xx_it.o
 .debug_info    0x000000000000dba1      0x2cd Src/system_stm32f1xx.o
 .debug_info    0x000000000000de6e      0x8e1 Src/usart.o
 .debug_info    0x000000000000e74f       0x22 startup/startup_stm32f103xb.o

.debug_abbrev   0x0000000000000000     0x22d0
 .debug_abbrev  0x0000000000000000      0x21c Drivers/STM32F1xx_HAL_Driver/Src/stm32f1xx_hal.o
 .debug_abbrev  0x000000000000021c      0x286 Drivers/STM32F1xx_HAL_Driver/Src/stm32f1xx_hal_can.o
 .debug_abbrev  0x00000000000004a2      0x36a Drivers/STM32F1xx_HAL_Driver/Src/stm32f1xx_hal_cortex.o
 .debug_abbrev  0x000000000000080c      0x216 Drivers/STM32F1xx_HAL_Driver/Src/stm32f1xx_hal_gpio.o
 .debug_abbrev  0x0000000000000a22      0x2c2 Drivers/STM32F1xx_HAL_Driver/Src/stm32f1xx_hal_i2c.o
 .debug_abbrev  0x0000000000000ce4      0x290 Drivers/STM32F1xx_HAL_Driver/Src/stm32f1xx_hal_rcc.o
 .debug_abbrev  0x0000000000000f74      0x296 Drivers/STM32F1xx_HAL_Driver/Src/stm32f1xx_hal_uart.o
 .debug_abbrev  0x000000000000120a      0x258 Src/IMU.o
 .debug_abbrev  0x0000000000001462      0x279 Src/can.o
 .debug_abbrev  0x00000000000016db      0x17e Src/gpio.o
 .debug_abbrev  0x0000000000001859      0x1f0 Src/i2c.o
 .debug_abbrev  0x0000000000001a49      0x272 Src/main.o
 .debug_abbrev  0x0000000000001cbb      0x131 Src/stm32f1xx_hal_msp.o
 .debug_abbrev  0x0000000000001dec      0x18e Src/stm32f1xx_it.o
 .debug_abbrev  0x0000000000001f7a      0x154 Src/system_stm32f1xx.o
 .debug_abbrev  0x00000000000020ce      0x1f0 Src/usart.o
 .debug_abbrev  0x00000000000022be       0x12 startup/startup_stm32f103xb.o

.debug_loc      0x0000000000000000     0x7bb7
 .debug_loc     0x0000000000000000      0x141 Drivers/STM32F1xx_HAL_Driver/Src/stm32f1xx_hal.o
 .debug_loc     0x0000000000000141      0xda6 Drivers/STM32F1xx_HAL_Driver/Src/stm32f1xx_hal_can.o
 .debug_loc     0x0000000000000ee7      0x71f Drivers/STM32F1xx_HAL_Driver/Src/stm32f1xx_hal_cortex.o
 .debug_loc     0x0000000000001606      0x468 Drivers/STM32F1xx_HAL_Driver/Src/stm32f1xx_hal_gpio.o
 .debug_loc     0x0000000000001a6e     0x3eed Drivers/STM32F1xx_HAL_Driver/Src/stm32f1xx_hal_i2c.o
 .debug_loc     0x000000000000595b      0x610 Drivers/STM32F1xx_HAL_Driver/Src/stm32f1xx_hal_rcc.o
 .debug_loc     0x0000000000005f6b     0x1951 Drivers/STM32F1xx_HAL_Driver/Src/stm32f1xx_hal_uart.o
 .debug_loc     0x00000000000078bc       0x78 Src/IMU.o
 .debug_loc     0x0000000000007934       0x84 Src/can.o
 .debug_loc     0x00000000000079b8       0x67 Src/i2c.o
 .debug_loc     0x0000000000007a1f       0x15 Src/stm32f1xx_hal_msp.o
 .debug_loc     0x0000000000007a34       0xff Src/system_stm32f1xx.o
 .debug_loc     0x0000000000007b33       0x84 Src/usart.o

.debug_aranges  0x0000000000000000      0xa10
 .debug_aranges
                0x0000000000000000       0xe0 Drivers/STM32F1xx_HAL_Driver/Src/stm32f1xx_hal.o
 .debug_aranges
                0x00000000000000e0      0x138 Drivers/STM32F1xx_HAL_Driver/Src/stm32f1xx_hal_can.o
 .debug_aranges
                0x0000000000000218       0x90 Drivers/STM32F1xx_HAL_Driver/Src/stm32f1xx_hal_cortex.o
 .debug_aranges
                0x00000000000002a8       0x58 Drivers/STM32F1xx_HAL_Driver/Src/stm32f1xx_hal_gpio.o
 .debug_aranges
                0x0000000000000300      0x2a0 Drivers/STM32F1xx_HAL_Driver/Src/stm32f1xx_hal_i2c.o
 .debug_aranges
                0x00000000000005a0       0x90 Drivers/STM32F1xx_HAL_Driver/Src/stm32f1xx_hal_rcc.o
 .debug_aranges
                0x0000000000000630      0x1d0 Drivers/STM32F1xx_HAL_Driver/Src/stm32f1xx_hal_uart.o
 .debug_aranges
                0x0000000000000800       0x48 Src/IMU.o
 .debug_aranges
                0x0000000000000848       0x38 Src/can.o
 .debug_aranges
                0x0000000000000880       0x20 Src/gpio.o
 .debug_aranges
                0x00000000000008a0       0x30 Src/i2c.o
 .debug_aranges
                0x00000000000008d0       0x30 Src/main.o
 .debug_aranges
                0x0000000000000900       0x20 Src/stm32f1xx_hal_msp.o
 .debug_aranges
                0x0000000000000920       0x70 Src/stm32f1xx_it.o
 .debug_aranges
                0x0000000000000990       0x28 Src/system_stm32f1xx.o
 .debug_aranges
                0x00000000000009b8       0x30 Src/usart.o
 .debug_aranges
                0x00000000000009e8       0x28 startup/startup_stm32f103xb.o

.debug_ranges   0x0000000000000000      0x9b8
 .debug_ranges  0x0000000000000000       0xd0 Drivers/STM32F1xx_HAL_Driver/Src/stm32f1xx_hal.o
 .debug_ranges  0x00000000000000d0      0x128 Drivers/STM32F1xx_HAL_Driver/Src/stm32f1xx_hal_can.o
 .debug_ranges  0x00000000000001f8       0xe0 Drivers/STM32F1xx_HAL_Driver/Src/stm32f1xx_hal_cortex.o
 .debug_ranges  0x00000000000002d8       0x48 Drivers/STM32F1xx_HAL_Driver/Src/stm32f1xx_hal_gpio.o
 .debug_ranges  0x0000000000000320      0x2a8 Drivers/STM32F1xx_HAL_Driver/Src/stm32f1xx_hal_i2c.o
 .debug_ranges  0x00000000000005c8       0xa0 Drivers/STM32F1xx_HAL_Driver/Src/stm32f1xx_hal_rcc.o
 .debug_ranges  0x0000000000000668      0x1c0 Drivers/STM32F1xx_HAL_Driver/Src/stm32f1xx_hal_uart.o
 .debug_ranges  0x0000000000000828       0x38 Src/IMU.o
 .debug_ranges  0x0000000000000860       0x28 Src/can.o
 .debug_ranges  0x0000000000000888       0x10 Src/gpio.o
 .debug_ranges  0x0000000000000898       0x20 Src/i2c.o
 .debug_ranges  0x00000000000008b8       0x38 Src/main.o
 .debug_ranges  0x00000000000008f0       0x10 Src/stm32f1xx_hal_msp.o
 .debug_ranges  0x0000000000000900       0x60 Src/stm32f1xx_it.o
 .debug_ranges  0x0000000000000960       0x18 Src/system_stm32f1xx.o
 .debug_ranges  0x0000000000000978       0x20 Src/usart.o
 .debug_ranges  0x0000000000000998       0x20 startup/startup_stm32f103xb.o

.debug_macro    0x0000000000000000    0x176c1
 .debug_macro   0x0000000000000000      0x1c6 Drivers/STM32F1xx_HAL_Driver/Src/stm32f1xx_hal.o
 .debug_macro   0x00000000000001c6      0xa96 Drivers/STM32F1xx_HAL_Driver/Src/stm32f1xx_hal.o
 .debug_macro   0x0000000000000c5c      0x221 Drivers/STM32F1xx_HAL_Driver/Src/stm32f1xx_hal.o
 .debug_macro   0x0000000000000e7d       0x2e Drivers/STM32F1xx_HAL_Driver/Src/stm32f1xx_hal.o
 .debug_macro   0x0000000000000eab       0x22 Drivers/STM32F1xx_HAL_Driver/Src/stm32f1xx_hal.o
 .debug_macro   0x0000000000000ecd       0x22 Drivers/STM32F1xx_HAL_Driver/Src/stm32f1xx_hal.o
 .debug_macro   0x0000000000000eef       0x8e Drivers/STM32F1xx_HAL_Driver/Src/stm32f1xx_hal.o
 .debug_macro   0x0000000000000f7d       0x51 Drivers/STM32F1xx_HAL_Driver/Src/stm32f1xx_hal.o
 .debug_macro   0x0000000000000fce      0x103 Drivers/STM32F1xx_HAL_Driver/Src/stm32f1xx_hal.o
 .debug_macro   0x00000000000010d1       0x6a Drivers/STM32F1xx_HAL_Driver/Src/stm32f1xx_hal.o
 .debug_macro   0x000000000000113b      0x1df Drivers/STM32F1xx_HAL_Driver/Src/stm32f1xx_hal.o
 .debug_macro   0x000000000000131a       0x1c Drivers/STM32F1xx_HAL_Driver/Src/stm32f1xx_hal.o
 .debug_macro   0x0000000000001336       0x22 Drivers/STM32F1xx_HAL_Driver/Src/stm32f1xx_hal.o
 .debug_macro   0x0000000000001358       0xc3 Drivers/STM32F1xx_HAL_Driver/Src/stm32f1xx_hal.o
 .debug_macro   0x000000000000141b      0xd23 Drivers/STM32F1xx_HAL_Driver/Src/stm32f1xx_hal.o
 .debug_macro   0x000000000000213e     0xe097 Drivers/STM32F1xx_HAL_Driver/Src/stm32f1xx_hal.o
 .debug_macro   0x00000000000101d5       0x43 Drivers/STM32F1xx_HAL_Driver/Src/stm32f1xx_hal.o
 .debug_macro   0x0000000000010218     0x3468 Drivers/STM32F1xx_HAL_Driver/Src/stm32f1xx_hal.o
 .debug_macro   0x0000000000013680      0x174 Drivers/STM32F1xx_HAL_Driver/Src/stm32f1xx_hal.o
 .debug_macro   0x00000000000137f4       0x5c Drivers/STM32F1xx_HAL_Driver/Src/stm32f1xx_hal.o
 .debug_macro   0x0000000000013850      0x5be Drivers/STM32F1xx_HAL_Driver/Src/stm32f1xx_hal.o
 .debug_macro   0x0000000000013e0e      0x289 Drivers/STM32F1xx_HAL_Driver/Src/stm32f1xx_hal.o
 .debug_macro   0x0000000000014097      0x1cb Drivers/STM32F1xx_HAL_Driver/Src/stm32f1xx_hal.o
 .debug_macro   0x0000000000014262      0x114 Drivers/STM32F1xx_HAL_Driver/Src/stm32f1xx_hal.o
 .debug_macro   0x0000000000014376      0x1b2 Drivers/STM32F1xx_HAL_Driver/Src/stm32f1xx_hal.o
 .debug_macro   0x0000000000014528       0x27 Drivers/STM32F1xx_HAL_Driver/Src/stm32f1xx_hal.o
 .debug_macro   0x000000000001454f      0x136 Drivers/STM32F1xx_HAL_Driver/Src/stm32f1xx_hal.o
 .debug_macro   0x0000000000014685      0x1bc Drivers/STM32F1xx_HAL_Driver/Src/stm32f1xx_hal.o
 .debug_macro   0x0000000000014841       0x34 Drivers/STM32F1xx_HAL_Driver/Src/stm32f1xx_hal.o
 .debug_macro   0x0000000000014875       0x3c Drivers/STM32F1xx_HAL_Driver/Src/stm32f1xx_hal.o
 .debug_macro   0x00000000000148b1      0x408 Drivers/STM32F1xx_HAL_Driver/Src/stm32f1xx_hal.o
 .debug_macro   0x0000000000014cb9       0x57 Drivers/STM32F1xx_HAL_Driver/Src/stm32f1xx_hal.o
 .debug_macro   0x0000000000014d10       0x88 Drivers/STM32F1xx_HAL_Driver/Src/stm32f1xx_hal.o
 .debug_macro   0x0000000000014d98      0x241 Drivers/STM32F1xx_HAL_Driver/Src/stm32f1xx_hal.o
 .debug_macro   0x0000000000014fd9      0x287 Drivers/STM32F1xx_HAL_Driver/Src/stm32f1xx_hal.o
 .debug_macro   0x0000000000015260      0x141 Drivers/STM32F1xx_HAL_Driver/Src/stm32f1xx_hal.o
 .debug_macro   0x00000000000153a1      0x26b Drivers/STM32F1xx_HAL_Driver/Src/stm32f1xx_hal.o
 .debug_macro   0x000000000001560c       0x83 Drivers/STM32F1xx_HAL_Driver/Src/stm32f1xx_hal.o
 .debug_macro   0x000000000001568f      0x1aa Drivers/STM32F1xx_HAL_Driver/Src/stm32f1xx_hal_can.o
 .debug_macro   0x0000000000015839      0x1a2 Drivers/STM32F1xx_HAL_Driver/Src/stm32f1xx_hal_cortex.o
 .debug_macro   0x00000000000159db      0x20d Drivers/STM32F1xx_HAL_Driver/Src/stm32f1xx_hal_gpio.o
 .debug_macro   0x0000000000015be8      0x1e9 Drivers/STM32F1xx_HAL_Driver/Src/stm32f1xx_hal_i2c.o
 .debug_macro   0x0000000000015dd1      0x1b4 Drivers/STM32F1xx_HAL_Driver/Src/stm32f1xx_hal_rcc.o
 .debug_macro   0x0000000000015f85      0x1a3 Drivers/STM32F1xx_HAL_Driver/Src/stm32f1xx_hal_uart.o
 .debug_macro   0x0000000000016128      0x23e Src/IMU.o
 .debug_macro   0x0000000000016366       0x10 Src/IMU.o
 .debug_macro   0x0000000000016376      0x333 Src/IMU.o
 .debug_macro   0x00000000000166a9       0x16 Src/IMU.o
 .debug_macro   0x00000000000166bf       0x43 Src/IMU.o
 .debug_macro   0x0000000000016702       0x52 Src/IMU.o
 .debug_macro   0x0000000000016754       0x18 Src/IMU.o
 .debug_macro   0x000000000001676c       0x3c Src/IMU.o
 .debug_macro   0x00000000000167a8       0x34 Src/IMU.o
 .debug_macro   0x00000000000167dc      0x248 Src/can.o
 .debug_macro   0x0000000000016a24      0x1bb Src/gpio.o
 .debug_macro   0x0000000000016bdf      0x1bb Src/i2c.o
 .debug_macro   0x0000000000016d9a      0x25e Src/main.o
 .debug_macro   0x0000000000016ff8      0x1b1 Src/stm32f1xx_hal_msp.o
 .debug_macro   0x00000000000171a9      0x1bb Src/stm32f1xx_it.o
 .debug_macro   0x0000000000017364      0x1a2 Src/system_stm32f1xx.o
 .debug_macro   0x0000000000017506      0x1bb Src/usart.o

.debug_line     0x0000000000000000    0x104a2
 .debug_line    0x0000000000000000      0x992 Drivers/STM32F1xx_HAL_Driver/Src/stm32f1xx_hal.o
 .debug_line    0x0000000000000992     0x1579 Drivers/STM32F1xx_HAL_Driver/Src/stm32f1xx_hal_can.o
 .debug_line    0x0000000000001f0b      0xb0a Drivers/STM32F1xx_HAL_Driver/Src/stm32f1xx_hal_cortex.o
 .debug_line    0x0000000000002a15      0xa96 Drivers/STM32F1xx_HAL_Driver/Src/stm32f1xx_hal_gpio.o
 .debug_line    0x00000000000034ab     0x5729 Drivers/STM32F1xx_HAL_Driver/Src/stm32f1xx_hal_i2c.o
 .debug_line    0x0000000000008bd4     0x1071 Drivers/STM32F1xx_HAL_Driver/Src/stm32f1xx_hal_rcc.o
 .debug_line    0x0000000000009c45     0x2019 Drivers/STM32F1xx_HAL_Driver/Src/stm32f1xx_hal_uart.o
 .debug_line    0x000000000000bc5e      0xb1f Src/IMU.o
 .debug_line    0x000000000000c77d      0x992 Src/can.o
 .debug_line    0x000000000000d10f      0x6b1 Src/gpio.o
 .debug_line    0x000000000000d7c0      0x750 Src/i2c.o
 .debug_line    0x000000000000df10      0x875 Src/main.o
 .debug_line    0x000000000000e785      0x685 Src/stm32f1xx_hal_msp.o
 .debug_line    0x000000000000ee0a      0x793 Src/stm32f1xx_it.o
 .debug_line    0x000000000000f59d      0x71f Src/system_stm32f1xx.o
 .debug_line    0x000000000000fcbc      0x769 Src/usart.o
 .debug_line    0x0000000000010425       0x7d startup/startup_stm32f103xb.o

.debug_str      0x0000000000000000    0x84268
 .debug_str     0x0000000000000000    0x7ffea Drivers/STM32F1xx_HAL_Driver/Src/stm32f1xx_hal.o
                                      0x80478 (size before relaxing)
 .debug_str     0x000000000007ffea      0x80c Drivers/STM32F1xx_HAL_Driver/Src/stm32f1xx_hal_can.o
                                      0x805ce (size before relaxing)
 .debug_str     0x00000000000807f6      0x293 Drivers/STM32F1xx_HAL_Driver/Src/stm32f1xx_hal_cortex.o
                                      0x8043b (size before relaxing)
 .debug_str     0x0000000000080a89      0x3a3 Drivers/STM32F1xx_HAL_Driver/Src/stm32f1xx_hal_gpio.o
                                      0x80166 (size before relaxing)
 .debug_str     0x0000000000080e2c      0xf87 Drivers/STM32F1xx_HAL_Driver/Src/stm32f1xx_hal_i2c.o
                                      0x80e32 (size before relaxing)
 .debug_str     0x0000000000081db3      0x33f Drivers/STM32F1xx_HAL_Driver/Src/stm32f1xx_hal_rcc.o
                                      0x801c6 (size before relaxing)
 .debug_str     0x00000000000820f2      0x6fc Drivers/STM32F1xx_HAL_Driver/Src/stm32f1xx_hal_uart.o
                                      0x8071c (size before relaxing)
 .debug_str     0x00000000000827ee     0x1803 Src/IMU.o
                                      0x81a5a (size before relaxing)
 .debug_str     0x0000000000083ff1       0x81 Src/can.o
                                      0x82174 (size before relaxing)
 .debug_str     0x0000000000084072       0x1b Src/gpio.o
                                      0x7fe4e (size before relaxing)
 .debug_str     0x000000000008408d       0x24 Src/i2c.o
                                      0x802f2 (size before relaxing)
 .debug_str     0x00000000000840b1       0x4e Src/main.o
                                      0x820b7 (size before relaxing)
 .debug_str     0x00000000000840ff       0x1b Src/stm32f1xx_hal_msp.o
                                      0x7fde4 (size before relaxing)
 .debug_str     0x000000000008411a       0xb8 Src/stm32f1xx_it.o
                                      0x800f4 (size before relaxing)
 .debug_str     0x00000000000841d2       0x4d Src/system_stm32f1xx.o
                                      0x7fd9d (size before relaxing)
 .debug_str     0x000000000008421f       0x1a Src/usart.o
                                      0x80233 (size before relaxing)
 .debug_str     0x0000000000084239       0x2f startup/startup_stm32f103xb.o
                                         0x75 (size before relaxing)

.comment        0x0000000000000000       0x53
 .comment       0x0000000000000000       0x53 Drivers/STM32F1xx_HAL_Driver/Src/stm32f1xx_hal.o
                                         0x54 (size before relaxing)
 .comment       0x0000000000000053       0x54 Drivers/STM32F1xx_HAL_Driver/Src/stm32f1xx_hal_can.o
 .comment       0x0000000000000053       0x54 Drivers/STM32F1xx_HAL_Driver/Src/stm32f1xx_hal_cortex.o
 .comment       0x0000000000000053       0x54 Drivers/STM32F1xx_HAL_Driver/Src/stm32f1xx_hal_gpio.o
 .comment       0x0000000000000053       0x54 Drivers/STM32F1xx_HAL_Driver/Src/stm32f1xx_hal_i2c.o
 .comment       0x0000000000000053       0x54 Drivers/STM32F1xx_HAL_Driver/Src/stm32f1xx_hal_rcc.o
 .comment       0x0000000000000053       0x54 Drivers/STM32F1xx_HAL_Driver/Src/stm32f1xx_hal_uart.o
 .comment       0x0000000000000053       0x54 Src/IMU.o
 .comment       0x0000000000000053       0x54 Src/can.o
 .comment       0x0000000000000053       0x54 Src/gpio.o
 .comment       0x0000000000000053       0x54 Src/i2c.o
 .comment       0x0000000000000053       0x54 Src/main.o
 .comment       0x0000000000000053       0x54 Src/stm32f1xx_hal_msp.o
 .comment       0x0000000000000053       0x54 Src/stm32f1xx_it.o
 .comment       0x0000000000000053       0x54 Src/system_stm32f1xx.o
 .comment       0x0000000000000053       0x54 Src/usart.o

.debug_frame    0x0000000000000000     0x1b74
 .debug_frame   0x0000000000000000      0x1cc Drivers/STM32F1xx_HAL_Driver/Src/stm32f1xx_hal.o
 .debug_frame   0x00000000000001cc      0x2dc Drivers/STM32F1xx_HAL_Driver/Src/stm32f1xx_hal_can.o
 .debug_frame   0x00000000000004a8      0x12c Drivers/STM32F1xx_HAL_Driver/Src/stm32f1xx_hal_cortex.o
 .debug_frame   0x00000000000005d4       0xe8 Drivers/STM32F1xx_HAL_Driver/Src/stm32f1xx_hal_gpio.o
 .debug_frame   0x00000000000006bc      0x968 Drivers/STM32F1xx_HAL_Driver/Src/stm32f1xx_hal_i2c.o
 .debug_frame   0x0000000000001024      0x190 Drivers/STM32F1xx_HAL_Driver/Src/stm32f1xx_hal_rcc.o
 .debug_frame   0x00000000000011b4      0x4e8 Drivers/STM32F1xx_HAL_Driver/Src/stm32f1xx_hal_uart.o
 .debug_frame   0x000000000000169c       0xb0 Src/IMU.o
 .debug_frame   0x000000000000174c       0x84 Src/can.o
 .debug_frame   0x00000000000017d0       0x30 Src/gpio.o
 .debug_frame   0x0000000000001800       0x60 Src/i2c.o
 .debug_frame   0x0000000000001860       0x58 Src/main.o
 .debug_frame   0x00000000000018b8       0x28 Src/stm32f1xx_hal_msp.o
 .debug_frame   0x00000000000018e0       0xd8 Src/stm32f1xx_it.o
 .debug_frame   0x00000000000019b8       0x30 Src/system_stm32f1xx.o
 .debug_frame   0x00000000000019e8       0x60 Src/usart.o
 .debug_frame   0x0000000000001a48       0x2c g:/stm/stm32cubeide_1.5.1/stm32cubeide/plugins/com.st.stm32cube.ide.mcu.externaltools.gnu-tools-for-stm32.9-2020-q2-update.win32_1.5.0.202011040924/tools/bin/../lib/gcc/arm-none-eabi/9.3.1/../../../../arm-none-eabi/lib/thumb/v7-m/nofp\libc_nano.a(lib_a-init.o)
 .debug_frame   0x0000000000001a74       0x30 g:/stm/stm32cubeide_1.5.1/stm32cubeide/plugins/com.st.stm32cube.ide.mcu.externaltools.gnu-tools-for-stm32.9-2020-q2-update.win32_1.5.0.202011040924/tools/bin/../lib/gcc/arm-none-eabi/9.3.1/thumb/v7-m/nofp\libgcc.a(_arm_muldf3.o)
 .debug_frame   0x0000000000001aa4       0xac g:/stm/stm32cubeide_1.5.1/stm32cubeide/plugins/com.st.stm32cube.ide.mcu.externaltools.gnu-tools-for-stm32.9-2020-q2-update.win32_1.5.0.202011040924/tools/bin/../lib/gcc/arm-none-eabi/9.3.1/thumb/v7-m/nofp\libgcc.a(_arm_addsubdf3.o)
 .debug_frame   0x0000000000001b50       0x24 g:/stm/stm32cubeide_1.5.1/stm32cubeide/plugins/com.st.stm32cube.ide.mcu.externaltools.gnu-tools-for-stm32.9-2020-q2-update.win32_1.5.0.202011040924/tools/bin/../lib/gcc/arm-none-eabi/9.3.1/thumb/v7-m/nofp\libgcc.a(_arm_fixdfsi.o)
