Archive member included to satisfy reference by file (symbol)

c:/ac6/systemworkbench/plugins/fr.ac6.mcu.externaltools.arm-none.win32_1.17.0.201812190825/tools/compiler/bin/../lib/gcc/arm-none-eabi/7.3.1/thumb/v7-m\libgcc.a(_arm_addsubdf3.o)
                              Src/IMU.o (__aeabi_dsub)
c:/ac6/systemworkbench/plugins/fr.ac6.mcu.externaltools.arm-none.win32_1.17.0.201812190825/tools/compiler/bin/../lib/gcc/arm-none-eabi/7.3.1/thumb/v7-m\libgcc.a(_arm_muldivdf3.o)
                              Src/IMU.o (__aeabi_dmul)
c:/ac6/systemworkbench/plugins/fr.ac6.mcu.externaltools.arm-none.win32_1.17.0.201812190825/tools/compiler/bin/../lib/gcc/arm-none-eabi/7.3.1/thumb/v7-m\libgcc.a(_arm_fixdfsi.o)
                              Src/IMU.o (__aeabi_d2iz)
c:/ac6/systemworkbench/plugins/fr.ac6.mcu.externaltools.arm-none.win32_1.17.0.201812190825/tools/compiler/bin/../lib/gcc/arm-none-eabi/7.3.1/../../../../arm-none-eabi/lib/thumb/v7-m\libc_nano.a(lib_a-errno.o)
                              Src/syscalls.o (__errno)
c:/ac6/systemworkbench/plugins/fr.ac6.mcu.externaltools.arm-none.win32_1.17.0.201812190825/tools/compiler/bin/../lib/gcc/arm-none-eabi/7.3.1/../../../../arm-none-eabi/lib/thumb/v7-m\libc_nano.a(lib_a-exit.o)
                              c:/ac6/systemworkbench/plugins/fr.ac6.mcu.externaltools.arm-none.win32_1.17.0.201812190825/tools/compiler/bin/../lib/gcc/arm-none-eabi/7.3.1/../../../../arm-none-eabi/lib/thumb/v7-m/crt0.o (exit)
c:/ac6/systemworkbench/plugins/fr.ac6.mcu.externaltools.arm-none.win32_1.17.0.201812190825/tools/compiler/bin/../lib/gcc/arm-none-eabi/7.3.1/../../../../arm-none-eabi/lib/thumb/v7-m\libc_nano.a(lib_a-impure.o)
                              c:/ac6/systemworkbench/plugins/fr.ac6.mcu.externaltools.arm-none.win32_1.17.0.201812190825/tools/compiler/bin/../lib/gcc/arm-none-eabi/7.3.1/../../../../arm-none-eabi/lib/thumb/v7-m\libc_nano.a(lib_a-exit.o) (_global_impure_ptr)
c:/ac6/systemworkbench/plugins/fr.ac6.mcu.externaltools.arm-none.win32_1.17.0.201812190825/tools/compiler/bin/../lib/gcc/arm-none-eabi/7.3.1/../../../../arm-none-eabi/lib/thumb/v7-m\libc_nano.a(lib_a-init.o)
                              c:/ac6/systemworkbench/plugins/fr.ac6.mcu.externaltools.arm-none.win32_1.17.0.201812190825/tools/compiler/bin/../lib/gcc/arm-none-eabi/7.3.1/../../../../arm-none-eabi/lib/thumb/v7-m/crt0.o (__libc_init_array)
c:/ac6/systemworkbench/plugins/fr.ac6.mcu.externaltools.arm-none.win32_1.17.0.201812190825/tools/compiler/bin/../lib/gcc/arm-none-eabi/7.3.1/../../../../arm-none-eabi/lib/thumb/v7-m\libc_nano.a(lib_a-memset.o)
                              c:/ac6/systemworkbench/plugins/fr.ac6.mcu.externaltools.arm-none.win32_1.17.0.201812190825/tools/compiler/bin/../lib/gcc/arm-none-eabi/7.3.1/../../../../arm-none-eabi/lib/thumb/v7-m/crt0.o (memset)

Allocating common symbols
Common symbol       size              file

sFilterConfig       0x28              Src/can.o
accelY              0x2               Src/IMU.o
accelX              0x2               Src/IMU.o
hi2c1               0x54              Src/IMU.o
gyroX               0x2               Src/IMU.o
hcan                0x28              Src/can.o
uwTick              0x4               Drivers/STM32F1xx_HAL_Driver/Src/stm32f1xx_hal.o
temp                0x2               Src/IMU.o
pFlash              0x20              Drivers/STM32F1xx_HAL_Driver/Src/stm32f1xx_hal_flash.o
gyroZ               0x2               Src/IMU.o
TxData              0x8               Src/can.o
hdma_i2c1_rx        0x44              Src/i2c.o
TxMailbox           0x4               Src/can.o
accelZ              0x2               Src/IMU.o
timer1              0x4               Src/IMU.o
RxData              0x8               Src/can.o
TxHeader            0x18              Src/can.o
gyroY               0x2               Src/IMU.o
RxHeader            0x1c              Src/can.o

Discarded input sections

 .text          0x00000000        0x0 c:/ac6/systemworkbench/plugins/fr.ac6.mcu.externaltools.arm-none.win32_1.17.0.201812190825/tools/compiler/bin/../lib/gcc/arm-none-eabi/7.3.1/thumb/v7-m/crti.o
 .data          0x00000000        0x0 c:/ac6/systemworkbench/plugins/fr.ac6.mcu.externaltools.arm-none.win32_1.17.0.201812190825/tools/compiler/bin/../lib/gcc/arm-none-eabi/7.3.1/thumb/v7-m/crti.o
 .bss           0x00000000        0x0 c:/ac6/systemworkbench/plugins/fr.ac6.mcu.externaltools.arm-none.win32_1.17.0.201812190825/tools/compiler/bin/../lib/gcc/arm-none-eabi/7.3.1/thumb/v7-m/crti.o
 .data          0x00000000        0x4 c:/ac6/systemworkbench/plugins/fr.ac6.mcu.externaltools.arm-none.win32_1.17.0.201812190825/tools/compiler/bin/../lib/gcc/arm-none-eabi/7.3.1/thumb/v7-m/crtbegin.o
 .text          0x00000000       0x74 c:/ac6/systemworkbench/plugins/fr.ac6.mcu.externaltools.arm-none.win32_1.17.0.201812190825/tools/compiler/bin/../lib/gcc/arm-none-eabi/7.3.1/../../../../arm-none-eabi/lib/thumb/v7-m/crt0.o
[...]
Memory Configuration

Name             Origin             Length             Attributes
RAM              0x20000000         0x00005000         xrw
FLASH            0x08000000         0x00010000         xr
*default*        0x00000000         0xffffffff

Linker script and memory map

LOAD c:/ac6/systemworkbench/plugins/fr.ac6.mcu.externaltools.arm-none.win32_1.17.0.201812190825/tools/compiler/bin/../lib/gcc/arm-none-eabi/7.3.1/thumb/v7-m/crti.o
LOAD c:/ac6/systemworkbench/plugins/fr.ac6.mcu.externaltools.arm-none.win32_1.17.0.201812190825/tools/compiler/bin/../lib/gcc/arm-none-eabi/7.3.1/thumb/v7-m/crtbegin.o
LOAD c:/ac6/systemworkbench/plugins/fr.ac6.mcu.externaltools.arm-none.win32_1.17.0.201812190825/tools/compiler/bin/../lib/gcc/arm-none-eabi/7.3.1/../../../../arm-none-eabi/lib/thumb/v7-m/crt0.o
LOAD Drivers/STM32F1xx_HAL_Driver/Src/stm32f1xx_hal.o
LOAD Drivers/STM32F1xx_HAL_Driver/Src/stm32f1xx_hal_can.o
LOAD Drivers/STM32F1xx_HAL_Driver/Src/stm32f1xx_hal_cortex.o
LOAD Drivers/STM32F1xx_HAL_Driver/Src/stm32f1xx_hal_dma.o
LOAD Drivers/STM32F1xx_HAL_Driver/Src/stm32f1xx_hal_exti.o
LOAD Drivers/STM32F1xx_HAL_Driver/Src/stm32f1xx_hal_flash.o
LOAD Drivers/STM32F1xx_HAL_Driver/Src/stm32f1xx_hal_flash_ex.o
LOAD Drivers/STM32F1xx_HAL_Driver/Src/stm32f1xx_hal_gpio.o
LOAD Drivers/STM32F1xx_HAL_Driver/Src/stm32f1xx_hal_gpio_ex.o
LOAD Drivers/STM32F1xx_HAL_Driver/Src/stm32f1xx_hal_i2c.o
LOAD Drivers/STM32F1xx_HAL_Driver/Src/stm32f1xx_hal_pwr.o
LOAD Drivers/STM32F1xx_HAL_Driver/Src/stm32f1xx_hal_rcc.o
LOAD Drivers/STM32F1xx_HAL_Driver/Src/stm32f1xx_hal_rcc_ex.o
LOAD Drivers/STM32F1xx_HAL_Driver/Src/stm32f1xx_hal_tim.o
LOAD Drivers/STM32F1xx_HAL_Driver/Src/stm32f1xx_hal_tim_ex.o
LOAD Src/IMU.o
LOAD Src/can.o
LOAD Src/can_log.o
LOAD Src/dma.o
LOAD Src/gpio.o
LOAD Src/i2c.o
LOAD Src/main.o
LOAD Src/stm32f1xx_hal_msp.o
LOAD Src/stm32f1xx_it.o
LOAD Src/syscalls.o
LOAD Src/system_stm32f1xx.o
LOAD startup/startup_stm32f103xb.o
LOAD c:/ac6/systemworkbench/plugins/fr.ac6.mcu.externaltools.arm-none.win32_1.17.0.201812190825/tools/compiler/bin/../lib/gcc/arm-none-eabi/7.3.1/../../../../arm-none-eabi/lib/thumb/v7-m\libm.a
START GROUP
LOAD c:/ac6/systemworkbench/plugins/fr.ac6.mcu.externaltools.arm-none.win32_1.17.0.201812190825/tools/compiler/bin/../lib/gcc/arm-none-eabi/7.3.1/thumb/v7-m\libgcc.a
LOAD c:/ac6/systemworkbench/plugins/fr.ac6.mcu.externaltools.arm-none.win32_1.17.0.201812190825/tools/compiler/bin/../lib/gcc/arm-none-eabi/7.3.1/../../../../arm-none-eabi/lib/thumb/v7-m\libc_nano.a
END GROUP
START GROUP
LOAD c:/ac6/systemworkbench/plugins/fr.ac6.mcu.externaltools.arm-none.win32_1.17.0.201812190825/tools/compiler/bin/../lib/gcc/arm-none-eabi/7.3.1/thumb/v7-m\libgcc.a
LOAD c:/ac6/systemworkbench/plugins/fr.ac6.mcu.externaltools.arm-none.win32_1.17.0.201812190825/tools/compiler/bin/../lib/gcc/arm-none-eabi/7.3.1/../../../../arm-none-eabi/lib/thumb/v7-m\libc_nano.a
LOAD c:/ac6/systemworkbench/plugins/fr.ac6.mcu.externaltools.arm-none.win32_1.17.0.201812190825/tools/compiler/bin/../lib/gcc/arm-none-eabi/7.3.1/../../../../arm-none-eabi/lib/thumb/v7-m\libnosys.a
END GROUP
START GROUP
LOAD c:/ac6/systemworkbench/plugins/fr.ac6.mcu.externaltools.arm-none.win32_1.17.0.201812190825/tools/compiler/bin/../lib/gcc/arm-none-eabi/7.3.1/thumb/v7-m\libgcc.a
LOAD c:/ac6/systemworkbench/plugins/fr.ac6.mcu.externaltools.arm-none.win32_1.17.0.201812190825/tools/compiler/bin/../lib/gcc/arm-none-eabi/7.3.1/../../../../arm-none-eabi/lib/thumb/v7-m\libc_nano.a
LOAD c:/ac6/systemworkbench/plugins/fr.ac6.mcu.externaltools.arm-none.win32_1.17.0.201812190825/tools/compiler/bin/../lib/gcc/arm-none-eabi/7.3.1/../../../../arm-none-eabi/lib/thumb/v7-m\libnosys.a
END GROUP
LOAD c:/ac6/systemworkbench/plugins/fr.ac6.mcu.externaltools.arm-none.win32_1.17.0.201812190825/tools/compiler/bin/../lib/gcc/arm-none-eabi/7.3.1/thumb/v7-m/crtend.o
LOAD c:/ac6/systemworkbench/plugins/fr.ac6.mcu.externaltools.arm-none.win32_1.17.0.201812190825/tools/compiler/bin/../lib/gcc/arm-none-eabi/7.3.1/thumb/v7-m/crtn.o
                0x20005000                _estack = 0x20005000
                0x00000200                _Min_Heap_Size = 0x200
                0x00000400                _Min_Stack_Size = 0x400

.isr_vector     0x08000000      0x10c
                0x08000000                . = ALIGN (0x4)
 *(.isr_vector)
 .isr_vector    0x08000000      0x10c startup/startup_stm32f103xb.o
                0x08000000                g_pfnVectors
                0x0800010c                . = ALIGN (0x4)

.text           0x0800010c     0x19fc
                0x0800010c                . = ALIGN (0x4)
 *(.text)
 .text          0x0800010c       0x40 c:/ac6/systemworkbench/plugins/fr.ac6.mcu.externaltools.arm-none.win32_1.17.0.201812190825/tools/compiler/bin/../lib/gcc/arm-none-eabi/7.3.1/thumb/v7-m/crtbegin.o
 *(.text*)
 .text.HAL_InitTick
                0x0800014c       0x48 Drivers/STM32F1xx_HAL_Driver/Src/stm32f1xx_hal.o
                0x0800014c                HAL_InitTick
 .text.HAL_Init
                0x08000194       0x24 Drivers/STM32F1xx_HAL_Driver/Src/stm32f1xx_hal.o
                0x08000194                HAL_Init
 .text.HAL_IncTick
                0x080001b8       0x18 Drivers/STM32F1xx_HAL_Driver/Src/stm32f1xx_hal.o
                0x080001b8                HAL_IncTick
 .text.HAL_GetTick
                0x080001d0        0xc Drivers/STM32F1xx_HAL_Driver/Src/stm32f1xx_hal.o
                0x080001d0                HAL_GetTick
 .text.HAL_CAN_Init
                0x080001dc      0x14c Drivers/STM32F1xx_HAL_Driver/Src/stm32f1xx_hal_can.o
                0x080001dc                HAL_CAN_Init
 .text.HAL_CAN_TxMailbox0CompleteCallback
                0x08000328        0x2 Drivers/STM32F1xx_HAL_Driver/Src/stm32f1xx_hal_can.o
                0x08000328                HAL_CAN_TxMailbox0CompleteCallback
 .text.HAL_CAN_TxMailbox1CompleteCallback
                0x0800032a        0x2 Drivers/STM32F1xx_HAL_Driver/Src/stm32f1xx_hal_can.o
                0x0800032a                HAL_CAN_TxMailbox1CompleteCallback
 .text.HAL_CAN_TxMailbox2CompleteCallback
                0x0800032c        0x2 Drivers/STM32F1xx_HAL_Driver/Src/stm32f1xx_hal_can.o
                0x0800032c                HAL_CAN_TxMailbox2CompleteCallback
 .text.HAL_CAN_TxMailbox0AbortCallback
                0x0800032e        0x2 Drivers/STM32F1xx_HAL_Driver/Src/stm32f1xx_hal_can.o
                0x0800032e                HAL_CAN_TxMailbox0AbortCallback
 .text.HAL_CAN_TxMailbox1AbortCallback
                0x08000330        0x2 Drivers/STM32F1xx_HAL_Driver/Src/stm32f1xx_hal_can.o
                0x08000330                HAL_CAN_TxMailbox1AbortCallback
 .text.HAL_CAN_TxMailbox2AbortCallback
                0x08000332        0x2 Drivers/STM32F1xx_HAL_Driver/Src/stm32f1xx_hal_can.o
                0x08000332                HAL_CAN_TxMailbox2AbortCallback
 .text.HAL_CAN_RxFifo0MsgPendingCallback
                0x08000334        0x2 Drivers/STM32F1xx_HAL_Driver/Src/stm32f1xx_hal_can.o
                0x08000334                HAL_CAN_RxFifo0MsgPendingCallback
 .text.HAL_CAN_RxFifo0FullCallback
                0x08000336        0x2 Drivers/STM32F1xx_HAL_Driver/Src/stm32f1xx_hal_can.o
                0x08000336                HAL_CAN_RxFifo0FullCallback
 .text.HAL_CAN_RxFifo1MsgPendingCallback
                0x08000338        0x2 Drivers/STM32F1xx_HAL_Driver/Src/stm32f1xx_hal_can.o
                0x08000338                HAL_CAN_RxFifo1MsgPendingCallback
 .text.HAL_CAN_RxFifo1FullCallback
                0x0800033a        0x2 Drivers/STM32F1xx_HAL_Driver/Src/stm32f1xx_hal_can.o
                0x0800033a                HAL_CAN_RxFifo1FullCallback
 .text.HAL_CAN_SleepCallback
                0x0800033c        0x2 Drivers/STM32F1xx_HAL_Driver/Src/stm32f1xx_hal_can.o
                0x0800033c                HAL_CAN_SleepCallback
 .text.HAL_CAN_WakeUpFromRxMsgCallback
                0x0800033e        0x2 Drivers/STM32F1xx_HAL_Driver/Src/stm32f1xx_hal_can.o
                0x0800033e                HAL_CAN_WakeUpFromRxMsgCallback
 .text.HAL_CAN_ErrorCallback
                0x08000340        0x2 Drivers/STM32F1xx_HAL_Driver/Src/stm32f1xx_hal_can.o
                0x08000340                HAL_CAN_ErrorCallback
 .text.HAL_CAN_IRQHandler
                0x08000342      0x258 Drivers/STM32F1xx_HAL_Driver/Src/stm32f1xx_hal_can.o
                0x08000342                HAL_CAN_IRQHandler
 *fill*         0x0800059a        0x2 
 .text.HAL_NVIC_SetPriorityGrouping
                0x0800059c       0x24 Drivers/STM32F1xx_HAL_Driver/Src/stm32f1xx_hal_cortex.o
                0x0800059c                HAL_NVIC_SetPriorityGrouping
 .text.HAL_NVIC_SetPriority
                0x080005c0       0x68 Drivers/STM32F1xx_HAL_Driver/Src/stm32f1xx_hal_cortex.o
                0x080005c0                HAL_NVIC_SetPriority
 .text.HAL_NVIC_EnableIRQ
                0x08000628       0x1c Drivers/STM32F1xx_HAL_Driver/Src/stm32f1xx_hal_cortex.o
                0x08000628                HAL_NVIC_EnableIRQ
 .text.HAL_SYSTICK_Config
                0x08000644       0x2c Drivers/STM32F1xx_HAL_Driver/Src/stm32f1xx_hal_cortex.o
                0x08000644                HAL_SYSTICK_Config
 .text.HAL_DMA_Init
                0x08000670       0x6c Drivers/STM32F1xx_HAL_Driver/Src/stm32f1xx_hal_dma.o
                0x08000670                HAL_DMA_Init
 .text.HAL_DMA_IRQHandler
                0x080006dc      0x144 Drivers/STM32F1xx_HAL_Driver/Src/stm32f1xx_hal_dma.o
                0x080006dc                HAL_DMA_IRQHandler
 .text.HAL_GPIO_Init
                0x08000820      0x1d8 Drivers/STM32F1xx_HAL_Driver/Src/stm32f1xx_hal_gpio.o
                0x08000820                HAL_GPIO_Init
 .text.I2C_IsAcknowledgeFailed
                0x080009f8       0x32 Drivers/STM32F1xx_HAL_Driver/Src/stm32f1xx_hal_i2c.o
 .text.I2C_WaitOnFlagUntilTimeout
                0x08000a2a       0x70 Drivers/STM32F1xx_HAL_Driver/Src/stm32f1xx_hal_i2c.o
 .text.I2C_WaitOnMasterAddressFlagUntilTimeout
                0x08000a9a       0xa4 Drivers/STM32F1xx_HAL_Driver/Src/stm32f1xx_hal_i2c.o
 .text.I2C_WaitOnTXEFlagUntilTimeout
                0x08000b3e       0x54 Drivers/STM32F1xx_HAL_Driver/Src/stm32f1xx_hal_i2c.o
 *fill*         0x08000b92        0x2 
 .text.I2C_RequestMemoryWrite
                0x08000b94       0xc8 Drivers/STM32F1xx_HAL_Driver/Src/stm32f1xx_hal_i2c.o
 .text.I2C_WaitOnBTFFlagUntilTimeout
                0x08000c5c       0x54 Drivers/STM32F1xx_HAL_Driver/Src/stm32f1xx_hal_i2c.o
 .text.HAL_I2C_Init
                0x08000cb0      0x1a0 Drivers/STM32F1xx_HAL_Driver/Src/stm32f1xx_hal_i2c.o
                0x08000cb0                HAL_I2C_Init
 .text.HAL_I2C_Mem_Write
                0x08000e50      0x168 Drivers/STM32F1xx_HAL_Driver/Src/stm32f1xx_hal_i2c.o
                0x08000e50                HAL_I2C_Mem_Write
 .text.RCC_Delay
                0x08000fb8       0x2c Drivers/STM32F1xx_HAL_Driver/Src/stm32f1xx_hal_rcc.o
 .text.HAL_RCC_OscConfig
                0x08000fe4      0x410 Drivers/STM32F1xx_HAL_Driver/Src/stm32f1xx_hal_rcc.o
                0x08000fe4                HAL_RCC_OscConfig
 .text.HAL_RCC_GetSysClockFreq
                0x080013f4       0x70 Drivers/STM32F1xx_HAL_Driver/Src/stm32f1xx_hal_rcc.o
                0x080013f4                HAL_RCC_GetSysClockFreq
 .text.HAL_RCC_ClockConfig
                0x08001464      0x168 Drivers/STM32F1xx_HAL_Driver/Src/stm32f1xx_hal_rcc.o
                0x08001464                HAL_RCC_ClockConfig
 .text.HAL_RCC_GetHCLKFreq
                0x080015cc        0xc Drivers/STM32F1xx_HAL_Driver/Src/stm32f1xx_hal_rcc.o
                0x080015cc                HAL_RCC_GetHCLKFreq
 .text.HAL_RCC_GetPCLK1Freq
                0x080015d8       0x20 Drivers/STM32F1xx_HAL_Driver/Src/stm32f1xx_hal_rcc.o
                0x080015d8                HAL_RCC_GetPCLK1Freq
 .text.Evita_travamento
                0x080015f8       0x20 Src/IMU.o
                0x080015f8                Evita_travamento
 .text.SetupACEL
                0x08001618       0xd0 Src/IMU.o
                0x08001618                SetupACEL
 .text.MX_CAN_Init
                0x080016e8       0x40 Src/can.o
                0x080016e8                MX_CAN_Init
 .text.HAL_CAN_MspInit
                0x08001728       0x98 Src/can.o
                0x08001728                HAL_CAN_MspInit
 .text.MX_DMA_Init
                0x080017c0       0x34 Src/dma.o
                0x080017c0                MX_DMA_Init
 .text.MX_GPIO_Init
                0x080017f4       0x44 Src/gpio.o
                0x080017f4                MX_GPIO_Init
 .text.MX_I2C1_Init
                0x08001838       0x3c Src/i2c.o
                0x08001838                MX_I2C1_Init
 .text.HAL_I2C_MspInit
                0x08001874       0x9c Src/i2c.o
                0x08001874                HAL_I2C_MspInit
 .text.SystemClock_Config
                0x08001910       0x52 Src/main.o
                0x08001910                SystemClock_Config
 .text.main     0x08001962       0x20 Src/main.o
                0x08001962                main
 .text.Error_Handler
                0x08001982        0x2 Src/main.o
                0x08001982                Error_Handler
 .text.HAL_MspInit
                0x08001984       0x44 Src/stm32f1xx_hal_msp.o
                0x08001984                HAL_MspInit
 .text.NMI_Handler
                0x080019c8        0x2 Src/stm32f1xx_it.o
                0x080019c8                NMI_Handler
 .text.HardFault_Handler
                0x080019ca        0x2 Src/stm32f1xx_it.o
                0x080019ca                HardFault_Handler
 .text.MemManage_Handler
                0x080019cc        0x2 Src/stm32f1xx_it.o
                0x080019cc                MemManage_Handler
 .text.BusFault_Handler
                0x080019ce        0x2 Src/stm32f1xx_it.o
                0x080019ce                BusFault_Handler
 .text.UsageFault_Handler
                0x080019d0        0x2 Src/stm32f1xx_it.o
                0x080019d0                UsageFault_Handler
 .text.SVC_Handler
                0x080019d2        0x2 Src/stm32f1xx_it.o
                0x080019d2                SVC_Handler
 .text.DebugMon_Handler
                0x080019d4        0x2 Src/stm32f1xx_it.o
                0x080019d4                DebugMon_Handler
 .text.PendSV_Handler
                0x080019d6        0x2 Src/stm32f1xx_it.o
                0x080019d6                PendSV_Handler
 .text.SysTick_Handler
                0x080019d8        0x8 Src/stm32f1xx_it.o
                0x080019d8                SysTick_Handler
 .text.DMA1_Channel7_IRQHandler
                0x080019e0       0x10 Src/stm32f1xx_it.o
                0x080019e0                DMA1_Channel7_IRQHandler
 .text.USB_HP_CAN1_TX_IRQHandler
                0x080019f0       0x10 Src/stm32f1xx_it.o
                0x080019f0                USB_HP_CAN1_TX_IRQHandler
 .text.USB_LP_CAN1_RX0_IRQHandler
                0x08001a00       0x10 Src/stm32f1xx_it.o
                0x08001a00                USB_LP_CAN1_RX0_IRQHandler
 .text.SystemInit
                0x08001a10       0x4c Src/system_stm32f1xx.o
                0x08001a10                SystemInit
 .text.Reset_Handler
                0x08001a5c       0x48 startup/startup_stm32f103xb.o
                0x08001a5c                Reset_Handler
 .text.Default_Handler
                0x08001aa4        0x2 startup/startup_stm32f103xb.o
                0x08001aa4                RTC_Alarm_IRQHandler
                0x08001aa4                EXTI2_IRQHandler
                0x08001aa4                TIM1_CC_IRQHandler
                0x08001aa4                PVD_IRQHandler
                0x08001aa4                EXTI3_IRQHandler
                0x08001aa4                EXTI0_IRQHandler
                0x08001aa4                I2C2_EV_IRQHandler
                0x08001aa4                ADC1_2_IRQHandler
                0x08001aa4                SPI1_IRQHandler
                0x08001aa4                TAMPER_IRQHandler
                0x08001aa4                DMA1_Channel4_IRQHandler
                0x08001aa4                USART3_IRQHandler
                0x08001aa4                RTC_IRQHandler
                0x08001aa4                CAN1_RX1_IRQHandler
                0x08001aa4                TIM4_IRQHandler
                0x08001aa4                I2C1_EV_IRQHandler
                0x08001aa4                DMA1_Channel6_IRQHandler
                0x08001aa4                TIM3_IRQHandler
                0x08001aa4                RCC_IRQHandler
                0x08001aa4                TIM1_TRG_COM_IRQHandler
                0x08001aa4                DMA1_Channel1_IRQHandler
                0x08001aa4                Default_Handler
                0x08001aa4                EXTI15_10_IRQHandler
                0x08001aa4                EXTI9_5_IRQHandler
                0x08001aa4                SPI2_IRQHandler
                0x08001aa4                DMA1_Channel5_IRQHandler
                0x08001aa4                EXTI4_IRQHandler
                0x08001aa4                DMA1_Channel3_IRQHandler
                0x08001aa4                TIM1_UP_IRQHandler
                0x08001aa4                WWDG_IRQHandler
                0x08001aa4                TIM2_IRQHandler
                0x08001aa4                TIM1_BRK_IRQHandler
                0x08001aa4                EXTI1_IRQHandler
                0x08001aa4                USART2_IRQHandler
                0x08001aa4                I2C2_ER_IRQHandler
                0x08001aa4                DMA1_Channel2_IRQHandler
                0x08001aa4                CAN1_SCE_IRQHandler
                0x08001aa4                FLASH_IRQHandler
                0x08001aa4                USART1_IRQHandler
                0x08001aa4                I2C1_ER_IRQHandler
                0x08001aa4                USBWakeUp_IRQHandler
 *fill*         0x08001aa6        0x2 
 .text.__libc_init_array
                0x08001aa8       0x48 c:/ac6/systemworkbench/plugins/fr.ac6.mcu.externaltools.arm-none.win32_1.17.0.201812190825/tools/compiler/bin/../lib/gcc/arm-none-eabi/7.3.1/../../../../arm-none-eabi/lib/thumb/v7-m\libc_nano.a(lib_a-init.o)
                0x08001aa8                __libc_init_array
 *(.glue_7)
 .glue_7        0x08001af0        0x0 linker stubs
 *(.glue_7t)
 .glue_7t       0x08001af0        0x0 linker stubs
 *(.eh_frame)
 .eh_frame      0x08001af0        0x0 c:/ac6/systemworkbench/plugins/fr.ac6.mcu.externaltools.arm-none.win32_1.17.0.201812190825/tools/compiler/bin/../lib/gcc/arm-none-eabi/7.3.1/thumb/v7-m/crtbegin.o
 *(.init)
 .init          0x08001af0        0x4 c:/ac6/systemworkbench/plugins/fr.ac6.mcu.externaltools.arm-none.win32_1.17.0.201812190825/tools/compiler/bin/../lib/gcc/arm-none-eabi/7.3.1/thumb/v7-m/crti.o
                0x08001af0                _init
 .init          0x08001af4        0x8 c:/ac6/systemworkbench/plugins/fr.ac6.mcu.externaltools.arm-none.win32_1.17.0.201812190825/tools/compiler/bin/../lib/gcc/arm-none-eabi/7.3.1/thumb/v7-m/crtn.o
 *(.fini)
 .fini          0x08001afc        0x4 c:/ac6/systemworkbench/plugins/fr.ac6.mcu.externaltools.arm-none.win32_1.17.0.201812190825/tools/compiler/bin/../lib/gcc/arm-none-eabi/7.3.1/thumb/v7-m/crti.o
                0x08001afc                _fini
 .fini          0x08001b00        0x8 c:/ac6/systemworkbench/plugins/fr.ac6.mcu.externaltools.arm-none.win32_1.17.0.201812190825/tools/compiler/bin/../lib/gcc/arm-none-eabi/7.3.1/thumb/v7-m/crtn.o
                0x08001b08                . = ALIGN (0x4)
                0x08001b08                _etext = .

.vfp11_veneer   0x08001b08        0x0
 .vfp11_veneer  0x08001b08        0x0 linker stubs

.v4_bx          0x08001b08        0x0
 .v4_bx         0x08001b08        0x0 linker stubs

.iplt           0x08001b08        0x0
 .iplt          0x08001b08        0x0 c:/ac6/systemworkbench/plugins/fr.ac6.mcu.externaltools.arm-none.win32_1.17.0.201812190825/tools/compiler/bin/../lib/gcc/arm-none-eabi/7.3.1/thumb/v7-m/crtbegin.o

.rodata         0x08001b08       0x2c
                0x08001b08                . = ALIGN (0x4)
 *(.rodata)
 .rodata        0x08001b08       0x12 Drivers/STM32F1xx_HAL_Driver/Src/stm32f1xx_hal_rcc.o
 *fill*         0x08001b1a        0x2 
 .rodata        0x08001b1c       0x18 Src/system_stm32f1xx.o
                0x08001b1c                AHBPrescTable
                0x08001b2c                APBPrescTable
 *(.rodata*)
                0x08001b34                . = ALIGN (0x4)

.rel.dyn        0x08001b34        0x0
 .rel.iplt      0x08001b34        0x0 c:/ac6/systemworkbench/plugins/fr.ac6.mcu.externaltools.arm-none.win32_1.17.0.201812190825/tools/compiler/bin/../lib/gcc/arm-none-eabi/7.3.1/thumb/v7-m/crtbegin.o

.ARM.extab
 *(.ARM.extab* .gnu.linkonce.armextab.*)

.ARM            0x08001b34        0x0
                0x08001b34                __exidx_start = .
 *(.ARM.exidx*)
                0x08001b34                __exidx_end = .

.preinit_array  0x08001b34        0x0
                0x08001b34                PROVIDE (__preinit_array_start = .)
 *(.preinit_array*)
                0x08001b34                PROVIDE (__preinit_array_end = .)

.init_array     0x08001b34        0x4
                0x08001b34                PROVIDE (__init_array_start = .)
 *(SORT_BY_NAME(.init_array.*))
 *(.init_array*)
 .init_array    0x08001b34        0x4 c:/ac6/systemworkbench/plugins/fr.ac6.mcu.externaltools.arm-none.win32_1.17.0.201812190825/tools/compiler/bin/../lib/gcc/arm-none-eabi/7.3.1/thumb/v7-m/crtbegin.o
                0x08001b38                PROVIDE (__init_array_end = .)

.fini_array     0x08001b38        0x4
                [!provide]                PROVIDE (__fini_array_start = .)
 *(SORT_BY_NAME(.fini_array.*))
 *(.fini_array*)
 .fini_array    0x08001b38        0x4 c:/ac6/systemworkbench/plugins/fr.ac6.mcu.externaltools.arm-none.win32_1.17.0.201812190825/tools/compiler/bin/../lib/gcc/arm-none-eabi/7.3.1/thumb/v7-m/crtbegin.o
                [!provide]                PROVIDE (__fini_array_end = .)
                0x08001b3c                _sidata = LOADADDR (.data)

.data           0x20000000       0x10 load address 0x08001b3c
                0x20000000                . = ALIGN (0x4)
                0x20000000                _sdata = .
 *(.data)
 .data          0x20000000        0x8 Drivers/STM32F1xx_HAL_Driver/Src/stm32f1xx_hal.o
                0x20000000                uwTickFreq
                0x20000004                uwTickPrio
 .data          0x20000008        0x1 Src/IMU.o
                0x20000008                _accel_ok
 *fill*         0x20000009        0x3 
 .data          0x2000000c        0x4 Src/system_stm32f1xx.o
                0x2000000c                SystemCoreClock
 *(.data*)
                0x20000010                . = ALIGN (0x4)
                0x20000010                _edata = .

.igot.plt       0x20000010        0x0 load address 0x08001b4c
 .igot.plt      0x20000010        0x0 c:/ac6/systemworkbench/plugins/fr.ac6.mcu.externaltools.arm-none.win32_1.17.0.201812190825/tools/compiler/bin/../lib/gcc/arm-none-eabi/7.3.1/thumb/v7-m/crtbegin.o
                0x20000010                . = ALIGN (0x4)

.bss            0x20000010      0x170 load address 0x08001b4c
                0x20000010                _sbss = .
                0x20000010                __bss_start__ = _sbss
 *(.bss)
 .bss           0x20000010       0x1c c:/ac6/systemworkbench/plugins/fr.ac6.mcu.externaltools.arm-none.win32_1.17.0.201812190825/tools/compiler/bin/../lib/gcc/arm-none-eabi/7.3.1/thumb/v7-m/crtbegin.o
 .bss           0x2000002c        0xc Src/IMU.o
                0x2000002c                buffer
                0x20000034                timer
 *(.bss*)
 *(COMMON)
 COMMON         0x20000038        0x4 Drivers/STM32F1xx_HAL_Driver/Src/stm32f1xx_hal.o
                0x20000038                uwTick
 COMMON         0x2000003c       0x66 Src/IMU.o
                0x2000003c                accelY
                0x2000003e                accelX
                0x20000040                hi2c1
                0x20000094                gyroX
                0x20000096                temp
                0x20000098                gyroZ
                0x2000009a                accelZ
                0x2000009c                timer1
                0x200000a0                gyroY
 *fill*         0x200000a2        0x2 
 COMMON         0x200000a4       0x98 Src/can.o
                0x200000a4                sFilterConfig
                0x200000cc                hcan
                0x200000f4                TxData
                0x200000fc                TxMailbox
                0x20000100                RxData
                0x20000108                TxHeader
                0x20000120                RxHeader
 COMMON         0x2000013c       0x44 Src/i2c.o
                0x2000013c                hdma_i2c1_rx
                0x20000180                . = ALIGN (0x4)
                0x20000180                _ebss = .
                0x20000180                __bss_end__ = _ebss

._user_heap_stack
                0x20000180      0x600 load address 0x08001b4c
                0x20000180                . = ALIGN (0x8)
                0x20000180                PROVIDE (end = .)
                [!provide]                PROVIDE (_end = .)
                0x20000380                . = (. + _Min_Heap_Size)
 *fill*         0x20000180      0x200 
                0x20000780                . = (. + _Min_Stack_Size)
 *fill*         0x20000380      0x400 
                0x20000780                . = ALIGN (0x8)

/DISCARD/
 libc.a(*)
 libm.a(*)
 libgcc.a(*)

.ARM.attributes
                0x00000000       0x29
 *(.ARM.attributes)
 .ARM.attributes
                0x00000000       0x1d c:/ac6/systemworkbench/plugins/fr.ac6.mcu.externaltools.arm-none.win32_1.17.0.201812190825/tools/compiler/bin/../lib/gcc/arm-none-eabi/7.3.1/thumb/v7-m/crti.o
 .ARM.attributes
                0x0000001d       0x2d c:/ac6/systemworkbench/plugins/fr.ac6.mcu.externaltools.arm-none.win32_1.17.0.201812190825/tools/compiler/bin/../lib/gcc/arm-none-eabi/7.3.1/thumb/v7-m/crtbegin.o
 .ARM.attributes
                0x0000004a       0x33 Drivers/STM32F1xx_HAL_Driver/Src/stm32f1xx_hal.o
 .ARM.attributes
                0x0000007d       0x33 Drivers/STM32F1xx_HAL_Driver/Src/stm32f1xx_hal_can.o
 .ARM.attributes
                0x000000b0       0x33 Drivers/STM32F1xx_HAL_Driver/Src/stm32f1xx_hal_cortex.o
 .ARM.attributes
                0x000000e3       0x33 Drivers/STM32F1xx_HAL_Driver/Src/stm32f1xx_hal_dma.o
 .ARM.attributes
                0x00000116       0x33 Drivers/STM32F1xx_HAL_Driver/Src/stm32f1xx_hal_gpio.o
 .ARM.attributes
                0x00000149       0x33 Drivers/STM32F1xx_HAL_Driver/Src/stm32f1xx_hal_i2c.o
 .ARM.attributes
                0x0000017c       0x33 Drivers/STM32F1xx_HAL_Driver/Src/stm32f1xx_hal_rcc.o
 .ARM.attributes
                0x000001af       0x33 Src/IMU.o
 .ARM.attributes
                0x000001e2       0x33 Src/can.o
 .ARM.attributes
                0x00000215       0x33 Src/dma.o
 .ARM.attributes
                0x00000248       0x33 Src/gpio.o
 .ARM.attributes
                0x0000027b       0x33 Src/i2c.o
 .ARM.attributes
                0x000002ae       0x33 Src/main.o
 .ARM.attributes
                0x000002e1       0x33 Src/stm32f1xx_hal_msp.o
 .ARM.attributes
                0x00000314       0x33 Src/stm32f1xx_it.o
 .ARM.attributes
                0x00000347       0x33 Src/system_stm32f1xx.o
 .ARM.attributes
                0x0000037a       0x21 startup/startup_stm32f103xb.o
 .ARM.attributes
                0x0000039b       0x2d c:/ac6/systemworkbench/plugins/fr.ac6.mcu.externaltools.arm-none.win32_1.17.0.201812190825/tools/compiler/bin/../lib/gcc/arm-none-eabi/7.3.1/../../../../arm-none-eabi/lib/thumb/v7-m\libc_nano.a(lib_a-init.o)
 .ARM.attributes
                0x000003c8       0x1d c:/ac6/systemworkbench/plugins/fr.ac6.mcu.externaltools.arm-none.win32_1.17.0.201812190825/tools/compiler/bin/../lib/gcc/arm-none-eabi/7.3.1/thumb/v7-m/crtn.o
OUTPUT(Conversor IMU 2.0.elf elf32-littlearm)

.debug_info     0x00000000     0xbc5b
 .debug_info    0x00000000      0x7a9 Drivers/STM32F1xx_HAL_Driver/Src/stm32f1xx_hal.o
 .debug_info    0x000007a9     0x1123 Drivers/STM32F1xx_HAL_Driver/Src/stm32f1xx_hal_can.o
 .debug_info    0x000018cc      0xcaa Drivers/STM32F1xx_HAL_Driver/Src/stm32f1xx_hal_cortex.o
 .debug_info    0x00002576      0x83b Drivers/STM32F1xx_HAL_Driver/Src/stm32f1xx_hal_dma.o
 .debug_info    0x00002db1      0x690 Drivers/STM32F1xx_HAL_Driver/Src/stm32f1xx_hal_gpio.o
 .debug_info    0x00003441     0x3386 Drivers/STM32F1xx_HAL_Driver/Src/stm32f1xx_hal_i2c.o
 .debug_info    0x000067c7      0x9e4 Drivers/STM32F1xx_HAL_Driver/Src/stm32f1xx_hal_rcc.o
 .debug_info    0x000071ab     0x124a Src/IMU.o
 .debug_info    0x000083f5      0xbfe Src/can.o
 .debug_info    0x00008ff3      0x3b9 Src/dma.o
 .debug_info    0x000093ac      0x25f Src/gpio.o
 .debug_info    0x0000960b      0x91f Src/i2c.o
 .debug_info    0x00009f2a      0xdd5 Src/main.o
 .debug_info    0x0000acff      0x2ca Src/stm32f1xx_hal_msp.o
 .debug_info    0x0000afc9      0x83a Src/stm32f1xx_it.o
 .debug_info    0x0000b803      0x436 Src/system_stm32f1xx.o
 .debug_info    0x0000bc39       0x22 startup/startup_stm32f103xb.o

.debug_abbrev   0x00000000     0x1f21
 .debug_abbrev  0x00000000      0x1fe Drivers/STM32F1xx_HAL_Driver/Src/stm32f1xx_hal.o
 .debug_abbrev  0x000001fe      0x245 Drivers/STM32F1xx_HAL_Driver/Src/stm32f1xx_hal_can.o
 .debug_abbrev  0x00000443      0x303 Drivers/STM32F1xx_HAL_Driver/Src/stm32f1xx_hal_cortex.o
 .debug_abbrev  0x00000746      0x23c Drivers/STM32F1xx_HAL_Driver/Src/stm32f1xx_hal_dma.o
 .debug_abbrev  0x00000982      0x1de Drivers/STM32F1xx_HAL_Driver/Src/stm32f1xx_hal_gpio.o
 .debug_abbrev  0x00000b60      0x282 Drivers/STM32F1xx_HAL_Driver/Src/stm32f1xx_hal_i2c.o
 .debug_abbrev  0x00000de2      0x257 Drivers/STM32F1xx_HAL_Driver/Src/stm32f1xx_hal_rcc.o
 .debug_abbrev  0x00001039      0x283 Src/IMU.o
 .debug_abbrev  0x000012bc      0x215 Src/can.o
 .debug_abbrev  0x000014d1      0x140 Src/dma.o
 .debug_abbrev  0x00001611      0x109 Src/gpio.o
 .debug_abbrev  0x0000171a      0x1cf Src/i2c.o
 .debug_abbrev  0x000018e9      0x239 Src/main.o
 .debug_abbrev  0x00001b22      0x109 Src/stm32f1xx_hal_msp.o
 .debug_abbrev  0x00001c2b      0x1b0 Src/stm32f1xx_it.o
 .debug_abbrev  0x00001ddb      0x134 Src/system_stm32f1xx.o
 .debug_abbrev  0x00001f0f       0x12 startup/startup_stm32f103xb.o

.debug_loc      0x00000000     0x5cb6
 .debug_loc     0x00000000      0x104 Drivers/STM32F1xx_HAL_Driver/Src/stm32f1xx_hal.o
 .debug_loc     0x00000104      0xc41 Drivers/STM32F1xx_HAL_Driver/Src/stm32f1xx_hal_can.o
 .debug_loc     0x00000d45      0x5ad Drivers/STM32F1xx_HAL_Driver/Src/stm32f1xx_hal_cortex.o
 .debug_loc     0x000012f2      0x7c6 Drivers/STM32F1xx_HAL_Driver/Src/stm32f1xx_hal_dma.o
 .debug_loc     0x00001ab8      0x3b7 Drivers/STM32F1xx_HAL_Driver/Src/stm32f1xx_hal_gpio.o
 .debug_loc     0x00001e6f     0x3710 Drivers/STM32F1xx_HAL_Driver/Src/stm32f1xx_hal_i2c.o
 .debug_loc     0x0000557f      0x4bb Drivers/STM32F1xx_HAL_Driver/Src/stm32f1xx_hal_rcc.o
 .debug_loc     0x00005a3a       0x6a Src/IMU.o
 .debug_loc     0x00005aa4       0xd0 Src/can.o
 .debug_loc     0x00005b74       0x63 Src/i2c.o
 .debug_loc     0x00005bd7       0xdf Src/system_stm32f1xx.o

.debug_aranges  0x00000000      0x898
 .debug_aranges
                0x00000000       0xe0 Drivers/STM32F1xx_HAL_Driver/Src/stm32f1xx_hal.o
 .debug_aranges
                0x000000e0      0x138 Drivers/STM32F1xx_HAL_Driver/Src/stm32f1xx_hal_can.o
 .debug_aranges
                0x00000218       0x90 Drivers/STM32F1xx_HAL_Driver/Src/stm32f1xx_hal_cortex.o
 .debug_aranges
                0x000002a8       0x80 Drivers/STM32F1xx_HAL_Driver/Src/stm32f1xx_hal_dma.o
 .debug_aranges
                0x00000328       0x58 Drivers/STM32F1xx_HAL_Driver/Src/stm32f1xx_hal_gpio.o
 .debug_aranges
                0x00000380      0x290 Drivers/STM32F1xx_HAL_Driver/Src/stm32f1xx_hal_i2c.o
 .debug_aranges
                0x00000610       0x90 Drivers/STM32F1xx_HAL_Driver/Src/stm32f1xx_hal_rcc.o
 .debug_aranges
                0x000006a0       0x38 Src/IMU.o
 .debug_aranges
                0x000006d8       0x38 Src/can.o
 .debug_aranges
                0x00000710       0x20 Src/dma.o
 .debug_aranges
                0x00000730       0x20 Src/gpio.o
 .debug_aranges
                0x00000750       0x30 Src/i2c.o
 .debug_aranges
                0x00000780       0x30 Src/main.o
 .debug_aranges
                0x000007b0       0x20 Src/stm32f1xx_hal_msp.o
 .debug_aranges
                0x000007d0       0x78 Src/stm32f1xx_it.o
 .debug_aranges
                0x00000848       0x28 Src/system_stm32f1xx.o
 .debug_aranges
                0x00000870       0x28 startup/startup_stm32f103xb.o

.debug_ranges   0x00000000      0x828
 .debug_ranges  0x00000000       0xd0 Drivers/STM32F1xx_HAL_Driver/Src/stm32f1xx_hal.o
 .debug_ranges  0x000000d0      0x128 Drivers/STM32F1xx_HAL_Driver/Src/stm32f1xx_hal_can.o
 .debug_ranges  0x000001f8       0xe0 Drivers/STM32F1xx_HAL_Driver/Src/stm32f1xx_hal_cortex.o
 .debug_ranges  0x000002d8       0x70 Drivers/STM32F1xx_HAL_Driver/Src/stm32f1xx_hal_dma.o
 .debug_ranges  0x00000348       0x48 Drivers/STM32F1xx_HAL_Driver/Src/stm32f1xx_hal_gpio.o
 .debug_ranges  0x00000390      0x298 Drivers/STM32F1xx_HAL_Driver/Src/stm32f1xx_hal_i2c.o
 .debug_ranges  0x00000628       0xa0 Drivers/STM32F1xx_HAL_Driver/Src/stm32f1xx_hal_rcc.o
 .debug_ranges  0x000006c8       0x28 Src/IMU.o
 .debug_ranges  0x000006f0       0x28 Src/can.o
 .debug_ranges  0x00000718       0x10 Src/dma.o
 .debug_ranges  0x00000728       0x10 Src/gpio.o
 .debug_ranges  0x00000738       0x20 Src/i2c.o
 .debug_ranges  0x00000758       0x20 Src/main.o
 .debug_ranges  0x00000778       0x10 Src/stm32f1xx_hal_msp.o
 .debug_ranges  0x00000788       0x68 Src/stm32f1xx_it.o
 .debug_ranges  0x000007f0       0x18 Src/system_stm32f1xx.o
 .debug_ranges  0x00000808       0x20 startup/startup_stm32f103xb.o

.debug_macro    0x00000000    0x13fbb
 .debug_macro   0x00000000      0x1b3 Drivers/STM32F1xx_HAL_Driver/Src/stm32f1xx_hal.o
 .debug_macro   0x000001b3      0xa54 Drivers/STM32F1xx_HAL_Driver/Src/stm32f1xx_hal.o
 .debug_macro   0x00000c07      0x221 Drivers/STM32F1xx_HAL_Driver/Src/stm32f1xx_hal.o
 .debug_macro   0x00000e28       0x2e Drivers/STM32F1xx_HAL_Driver/Src/stm32f1xx_hal.o
 .debug_macro   0x00000e56       0x22 Drivers/STM32F1xx_HAL_Driver/Src/stm32f1xx_hal.o
 .debug_macro   0x00000e78       0x22 Drivers/STM32F1xx_HAL_Driver/Src/stm32f1xx_hal.o
 .debug_macro   0x00000e9a       0x8e Drivers/STM32F1xx_HAL_Driver/Src/stm32f1xx_hal.o
 .debug_macro   0x00000f28       0x51 Drivers/STM32F1xx_HAL_Driver/Src/stm32f1xx_hal.o
 .debug_macro   0x00000f79       0xef Drivers/STM32F1xx_HAL_Driver/Src/stm32f1xx_hal.o
 .debug_macro   0x00001068       0x6a Drivers/STM32F1xx_HAL_Driver/Src/stm32f1xx_hal.o
 .debug_macro   0x000010d2      0x1df Drivers/STM32F1xx_HAL_Driver/Src/stm32f1xx_hal.o
 .debug_macro   0x000012b1       0x1c Drivers/STM32F1xx_HAL_Driver/Src/stm32f1xx_hal.o
 .debug_macro   0x000012cd       0x22 Drivers/STM32F1xx_HAL_Driver/Src/stm32f1xx_hal.o
 .debug_macro   0x000012ef       0xc3 Drivers/STM32F1xx_HAL_Driver/Src/stm32f1xx_hal.o
 .debug_macro   0x000013b2      0xd23 Drivers/STM32F1xx_HAL_Driver/Src/stm32f1xx_hal.o
 .debug_macro   0x000020d5     0xe09e Drivers/STM32F1xx_HAL_Driver/Src/stm32f1xx_hal.o
 .debug_macro   0x00010173       0x43 Drivers/STM32F1xx_HAL_Driver/Src/stm32f1xx_hal.o
 .debug_macro   0x000101b6      0x174 Drivers/STM32F1xx_HAL_Driver/Src/stm32f1xx_hal.o
 .debug_macro   0x0001032a       0x5a Drivers/STM32F1xx_HAL_Driver/Src/stm32f1xx_hal.o
 .debug_macro   0x00010384      0x5be Drivers/STM32F1xx_HAL_Driver/Src/stm32f1xx_hal.o
 .debug_macro   0x00010942      0x289 Drivers/STM32F1xx_HAL_Driver/Src/stm32f1xx_hal.o
 .debug_macro   0x00010bcb      0x1cb Drivers/STM32F1xx_HAL_Driver/Src/stm32f1xx_hal.o
 .debug_macro   0x00010d96      0x114 Drivers/STM32F1xx_HAL_Driver/Src/stm32f1xx_hal.o
 .debug_macro   0x00010eaa      0x1b2 Drivers/STM32F1xx_HAL_Driver/Src/stm32f1xx_hal.o
 .debug_macro   0x0001105c       0x27 Drivers/STM32F1xx_HAL_Driver/Src/stm32f1xx_hal.o
 .debug_macro   0x00011083      0x136 Drivers/STM32F1xx_HAL_Driver/Src/stm32f1xx_hal.o
 .debug_macro   0x000111b9      0x1bc Drivers/STM32F1xx_HAL_Driver/Src/stm32f1xx_hal.o
 .debug_macro   0x00011375       0x34 Drivers/STM32F1xx_HAL_Driver/Src/stm32f1xx_hal.o
 .debug_macro   0x000113a9       0x3c Drivers/STM32F1xx_HAL_Driver/Src/stm32f1xx_hal.o
 .debug_macro   0x000113e5      0x408 Drivers/STM32F1xx_HAL_Driver/Src/stm32f1xx_hal.o
 .debug_macro   0x000117ed       0x57 Drivers/STM32F1xx_HAL_Driver/Src/stm32f1xx_hal.o
 .debug_macro   0x00011844       0x88 Drivers/STM32F1xx_HAL_Driver/Src/stm32f1xx_hal.o
 .debug_macro   0x000118cc      0x241 Drivers/STM32F1xx_HAL_Driver/Src/stm32f1xx_hal.o
 .debug_macro   0x00011b0d      0x280 Drivers/STM32F1xx_HAL_Driver/Src/stm32f1xx_hal.o
 .debug_macro   0x00011d8d      0x141 Drivers/STM32F1xx_HAL_Driver/Src/stm32f1xx_hal.o
 .debug_macro   0x00011ece       0x83 Drivers/STM32F1xx_HAL_Driver/Src/stm32f1xx_hal.o
 .debug_macro   0x00011f51      0x197 Drivers/STM32F1xx_HAL_Driver/Src/stm32f1xx_hal_can.o
 .debug_macro   0x000120e8      0x18f Drivers/STM32F1xx_HAL_Driver/Src/stm32f1xx_hal_cortex.o
 .debug_macro   0x00012277      0x18f Drivers/STM32F1xx_HAL_Driver/Src/stm32f1xx_hal_dma.o
 .debug_macro   0x00012406      0x1fa Drivers/STM32F1xx_HAL_Driver/Src/stm32f1xx_hal_gpio.o
 .debug_macro   0x00012600      0x1cf Drivers/STM32F1xx_HAL_Driver/Src/stm32f1xx_hal_i2c.o
 .debug_macro   0x000127cf      0x1a1 Drivers/STM32F1xx_HAL_Driver/Src/stm32f1xx_hal_rcc.o
 .debug_macro   0x00012970      0x273 Src/IMU.o
 .debug_macro   0x00012be3      0x32a Src/IMU.o
 .debug_macro   0x00012f0d       0x5e Src/IMU.o
 .debug_macro   0x00012f6b       0x18 Src/IMU.o
 .debug_macro   0x00012f83       0x35 Src/IMU.o
 .debug_macro   0x00012fb8       0x3a Src/IMU.o
 .debug_macro   0x00012ff2       0x52 Src/IMU.o
 .debug_macro   0x00013044       0x1f Src/IMU.o
 .debug_macro   0x00013063       0x43 Src/IMU.o
 .debug_macro   0x000130a6       0x20 Src/IMU.o
 .debug_macro   0x000130c6      0x18e Src/IMU.o
 .debug_macro   0x00013254       0x10 Src/IMU.o
 .debug_macro   0x00013264       0x35 Src/IMU.o
 .debug_macro   0x00013299      0x1a3 Src/can.o
 .debug_macro   0x0001343c      0x1a3 Src/dma.o
 .debug_macro   0x000135df      0x1a3 Src/gpio.o
 .debug_macro   0x00013782      0x1a3 Src/i2c.o
 .debug_macro   0x00013925      0x1c5 Src/main.o
 .debug_macro   0x00013aea      0x199 Src/stm32f1xx_hal_msp.o
 .debug_macro   0x00013c83      0x1a3 Src/stm32f1xx_it.o
 .debug_macro   0x00013e26      0x195 Src/system_stm32f1xx.o

.debug_line     0x00000000     0x8ed5
 .debug_line    0x00000000      0x827 Drivers/STM32F1xx_HAL_Driver/Src/stm32f1xx_hal.o
 .debug_line    0x00000827      0xb39 Drivers/STM32F1xx_HAL_Driver/Src/stm32f1xx_hal_can.o
 .debug_line    0x00001360      0x835 Drivers/STM32F1xx_HAL_Driver/Src/stm32f1xx_hal_cortex.o
 .debug_line    0x00001b95      0x9d1 Drivers/STM32F1xx_HAL_Driver/Src/stm32f1xx_hal_dma.o
 .debug_line    0x00002566      0x7fa Drivers/STM32F1xx_HAL_Driver/Src/stm32f1xx_hal_gpio.o
 .debug_line    0x00002d60     0x1c31 Drivers/STM32F1xx_HAL_Driver/Src/stm32f1xx_hal_i2c.o
 .debug_line    0x00004991      0x930 Drivers/STM32F1xx_HAL_Driver/Src/stm32f1xx_hal_rcc.o
 .debug_line    0x000052c1      0x753 Src/IMU.o
 .debug_line    0x00005a14      0x6a4 Src/can.o
 .debug_line    0x000060b8      0x648 Src/dma.o
 .debug_line    0x00006700      0x64a Src/gpio.o
 .debug_line    0x00006d4a      0x691 Src/i2c.o
 .debug_line    0x000073db      0x69c Src/main.o
 .debug_line    0x00007a77      0x64e Src/stm32f1xx_hal_msp.o
 .debug_line    0x000080c5      0x713 Src/stm32f1xx_it.o
 .debug_line    0x000087d8      0x680 Src/system_stm32f1xx.o
 .debug_line    0x00008e58       0x7d startup/startup_stm32f103xb.o

.debug_str      0x00000000    0x6bcb1
 .debug_str     0x00000000    0x66aa0 Drivers/STM32F1xx_HAL_Driver/Src/stm32f1xx_hal.o
                              0x66dda (size before relaxing)
 .debug_str     0x00066aa0      0x800 Drivers/STM32F1xx_HAL_Driver/Src/stm32f1xx_hal_can.o
                              0x66f36 (size before relaxing)
 .debug_str     0x000672a0      0x2af Drivers/STM32F1xx_HAL_Driver/Src/stm32f1xx_hal_cortex.o
                              0x66da3 (size before relaxing)
 .debug_str     0x0006754f      0x3c9 Drivers/STM32F1xx_HAL_Driver/Src/stm32f1xx_hal_dma.o
                              0x66af1 (size before relaxing)
 .debug_str     0x00067918      0x39e Drivers/STM32F1xx_HAL_Driver/Src/stm32f1xx_hal_gpio.o
                              0x66ace (size before relaxing)
 .debug_str     0x00067cb6      0xe1e Drivers/STM32F1xx_HAL_Driver/Src/stm32f1xx_hal_i2c.o
                              0x6774e (size before relaxing)
 .debug_str     0x00068ad4      0x353 Drivers/STM32F1xx_HAL_Driver/Src/stm32f1xx_hal_rcc.o
                              0x66b2e (size before relaxing)
 .debug_str     0x00068e27     0x2bfb Src/IMU.o
                              0x697ad (size before relaxing)
 .debug_str     0x0006ba22       0x77 Src/can.o
                              0x66edc (size before relaxing)
 .debug_str     0x0006ba99       0x22 Src/dma.o
                              0x669e2 (size before relaxing)
 .debug_str     0x0006babb       0x1b Src/gpio.o
                              0x666e8 (size before relaxing)
 .debug_str     0x0006bad6       0x31 Src/i2c.o
                              0x66c61 (size before relaxing)
 .debug_str     0x0006bb07       0x26 Src/main.o
                              0x670ba (size before relaxing)
 .debug_str     0x0006bb2d       0x1b Src/stm32f1xx_hal_msp.o
                              0x66718 (size before relaxing)
 .debug_str     0x0006bb48       0xd1 Src/stm32f1xx_it.o
                              0x66c15 (size before relaxing)
 .debug_str     0x0006bc19       0x69 Src/system_stm32f1xx.o
                              0x6677f (size before relaxing)
 .debug_str     0x0006bc82       0x2f startup/startup_stm32f103xb.o
                                 0x76 (size before relaxing)

.comment        0x00000000       0x7f
 .comment       0x00000000       0x7f Drivers/STM32F1xx_HAL_Driver/Src/stm32f1xx_hal.o
                                 0x80 (size before relaxing)
 .comment       0x0000007f       0x80 Drivers/STM32F1xx_HAL_Driver/Src/stm32f1xx_hal_can.o
 .comment       0x0000007f       0x80 Drivers/STM32F1xx_HAL_Driver/Src/stm32f1xx_hal_cortex.o
 .comment       0x0000007f       0x80 Drivers/STM32F1xx_HAL_Driver/Src/stm32f1xx_hal_dma.o
 .comment       0x0000007f       0x80 Drivers/STM32F1xx_HAL_Driver/Src/stm32f1xx_hal_gpio.o
 .comment       0x0000007f       0x80 Drivers/STM32F1xx_HAL_Driver/Src/stm32f1xx_hal_i2c.o
 .comment       0x0000007f       0x80 Drivers/STM32F1xx_HAL_Driver/Src/stm32f1xx_hal_rcc.o
 .comment       0x0000007f       0x80 Src/IMU.o
 .comment       0x0000007f       0x80 Src/can.o
 .comment       0x0000007f       0x80 Src/dma.o
 .comment       0x0000007f       0x80 Src/gpio.o
 .comment       0x0000007f       0x80 Src/i2c.o
 .comment       0x0000007f       0x80 Src/main.o
 .comment       0x0000007f       0x80 Src/stm32f1xx_hal_msp.o
 .comment       0x0000007f       0x80 Src/stm32f1xx_it.o
 .comment       0x0000007f       0x80 Src/system_stm32f1xx.o

.debug_frame    0x00000000     0x1640
 .debug_frame   0x00000000      0x1d0 Drivers/STM32F1xx_HAL_Driver/Src/stm32f1xx_hal.o
 .debug_frame   0x000001d0      0x2e4 Drivers/STM32F1xx_HAL_Driver/Src/stm32f1xx_hal_can.o
 .debug_frame   0x000004b4      0x12c Drivers/STM32F1xx_HAL_Driver/Src/stm32f1xx_hal_cortex.o
 .debug_frame   0x000005e0      0x148 Drivers/STM32F1xx_HAL_Driver/Src/stm32f1xx_hal_dma.o
 .debug_frame   0x00000728       0xe8 Drivers/STM32F1xx_HAL_Driver/Src/stm32f1xx_hal_gpio.o
 .debug_frame   0x00000810      0x910 Drivers/STM32F1xx_HAL_Driver/Src/stm32f1xx_hal_i2c.o
 .debug_frame   0x00001120      0x198 Drivers/STM32F1xx_HAL_Driver/Src/stm32f1xx_hal_rcc.o
 .debug_frame   0x000012b8       0x88 Src/IMU.o
 .debug_frame   0x00001340       0x7c Src/can.o
 .debug_frame   0x000013bc       0x2c Src/dma.o
 .debug_frame   0x000013e8       0x28 Src/gpio.o
 .debug_frame   0x00001410       0x64 Src/i2c.o
 .debug_frame   0x00001474       0x58 Src/main.o
 .debug_frame   0x000014cc       0x28 Src/stm32f1xx_hal_msp.o
 .debug_frame   0x000014f4       0xf0 Src/stm32f1xx_it.o
 .debug_frame   0x000015e4       0x30 Src/system_stm32f1xx.o
 .debug_frame   0x00001614       0x2c c:/ac6/systemworkbench/plugins/fr.ac6.mcu.externaltools.arm-none.win32_1.17.0.201812190825/tools/compiler/bin/../lib/gcc/arm-none-eabi/7.3.1/../../../../arm-none-eabi/lib/thumb/v7-m\libc_nano.a(lib_a-init.o)
