stm32f1xx_hal_i2c.c:5711:13:I2C_Master_SB	0	static
stm32f1xx_hal_i2c.c:5772:13:I2C_Master_ADD10	0	static
stm32f1xx_hal_i2c.c:5793:13:I2C_Master_ADDR	56	static
stm32f1xx_hal_i2c.c:5982:13:I2C_SlaveTransmit_BTF	0	static
stm32f1xx_hal_i2c.c:6044:13:I2C_SlaveReceive_BTF	0	static
stm32f1xx_hal_i2c.c:7347:26:I2C_WaitOnSTOPRequestThroughIT	8	static
stm32f1xx_hal_i2c.c:7421:26:I2C_IsAcknowledgeFailed	0	static
stm32f1xx_hal_i2c.c:7446:13:I2C_ConvertOtherXferOptions	0	static
stm32f1xx_hal_i2c.c:7153:26:I2C_WaitOnFlagUntilTimeout	24	static
stm32f1xx_hal_i2c.c:7187:26:I2C_WaitOnMasterAddressFlagUntilTimeout	24	static
stm32f1xx_hal_i2c.c:6518:26:I2C_MasterRequestWrite	32	static
stm32f1xx_hal_i2c.c:6588:26:I2C_MasterRequestRead	40	static
stm32f1xx_hal_i2c.c:7238:26:I2C_WaitOnTXEFlagUntilTimeout	16	static
stm32f1xx_hal_i2c.c:6688:26:I2C_RequestMemoryWrite	48	static
stm32f1xx_hal_i2c.c:6768:26:I2C_RequestMemoryRead	48	static
stm32f1xx_hal_i2c.c:7276:26:I2C_WaitOnBTFFlagUntilTimeout	16	static
stm32f1xx_hal_i2c.c:7376:26:I2C_WaitOnRXNEFlagUntilTimeout	16	static
stm32f1xx_hal_i2c.c:7314:26:I2C_WaitOnSTOPFlagUntilTimeout	16	static
stm32f1xx_hal_i2c.c:615:13:HAL_I2C_MspInit	0	static
stm32f1xx_hal_i2c.c:454:19:HAL_I2C_Init	24	static
stm32f1xx_hal_i2c.c:631:13:HAL_I2C_MspDeInit	0	static
stm32f1xx_hal_i2c.c:569:19:HAL_I2C_DeInit	8	static
stm32f1xx_hal_i2c.c:1051:19:HAL_I2C_Master_Transmit	48	static
stm32f1xx_hal_i2c.c:1172:19:HAL_I2C_Master_Receive	64	static,ignoring_inline_asm
stm32f1xx_hal_i2c.c:1463:19:HAL_I2C_Slave_Transmit	40	static
stm32f1xx_hal_i2c.c:1593:19:HAL_I2C_Slave_Receive	40	static
stm32f1xx_hal_i2c.c:1714:19:HAL_I2C_Master_Transmit_IT	16	static
stm32f1xx_hal_i2c.c:1794:19:HAL_I2C_Master_Receive_IT	16	static
stm32f1xx_hal_i2c.c:1876:19:HAL_I2C_Slave_Transmit_IT	4	static
stm32f1xx_hal_i2c.c:1938:19:HAL_I2C_Slave_Receive_IT	4	static
stm32f1xx_hal_i2c.c:2002:19:HAL_I2C_Master_Transmit_DMA	24	static
stm32f1xx_hal_i2c.c:2141:19:HAL_I2C_Master_Receive_DMA	24	static
stm32f1xx_hal_i2c.c:2278:19:HAL_I2C_Slave_Transmit_DMA	8	static
stm32f1xx_hal_i2c.c:2373:19:HAL_I2C_Slave_Receive_DMA	8	static
stm32f1xx_hal_i2c.c:2473:19:HAL_I2C_Mem_Write	40	static
stm32f1xx_hal_i2c.c:2637:19:HAL_I2C_Mem_Read	64	static,ignoring_inline_asm
stm32f1xx_hal_i2c.c:2933:19:HAL_I2C_Mem_Write_IT	16	static
stm32f1xx_hal_i2c.c:3021:19:HAL_I2C_Mem_Read_IT	16	static
stm32f1xx_hal_i2c.c:3115:19:HAL_I2C_Mem_Write_DMA	48	static
stm32f1xx_hal_i2c.c:3280:19:HAL_I2C_Mem_Read_DMA	56	static
stm32f1xx_hal_i2c.c:3459:19:HAL_I2C_IsDeviceReady	48	static
stm32f1xx_hal_i2c.c:3595:19:HAL_I2C_Master_Seq_Transmit_IT	24	static
stm32f1xx_hal_i2c.c:3693:19:HAL_I2C_Master_Seq_Transmit_DMA	32	static
stm32f1xx_hal_i2c.c:3859:19:HAL_I2C_Master_Seq_Receive_IT	24	static
stm32f1xx_hal_i2c.c:3983:19:HAL_I2C_Master_Seq_Receive_DMA	32	static
stm32f1xx_hal_i2c.c:4186:19:HAL_I2C_Slave_Seq_Transmit_IT	16	static
stm32f1xx_hal_i2c.c:4252:19:HAL_I2C_Slave_Seq_Transmit_DMA	32	static
stm32f1xx_hal_i2c.c:4409:19:HAL_I2C_Slave_Seq_Receive_IT	16	static
stm32f1xx_hal_i2c.c:4475:19:HAL_I2C_Slave_Seq_Receive_DMA	32	static
stm32f1xx_hal_i2c.c:4628:19:HAL_I2C_EnableListen_IT	0	static
stm32f1xx_hal_i2c.c:4661:19:HAL_I2C_DisableListen_IT	0	static
stm32f1xx_hal_i2c.c:5004:13:HAL_I2C_MasterTxCpltCallback	0	static
stm32f1xx_hal_i2c.c:5326:13:I2C_MasterTransmit_BTF	8	static
stm32f1xx_hal_i2c.c:5020:13:HAL_I2C_MasterRxCpltCallback	0	static
stm32f1xx_hal_i2c.c:5035:13:HAL_I2C_SlaveTxCpltCallback	0	static
stm32f1xx_hal_i2c.c:5941:13:I2C_SlaveTransmit_TXE	8	static
stm32f1xx_hal_i2c.c:5051:13:HAL_I2C_SlaveRxCpltCallback	0	static
stm32f1xx_hal_i2c.c:6003:13:I2C_SlaveReceive_RXNE	8	static
stm32f1xx_hal_i2c.c:5069:13:HAL_I2C_AddrCallback	0	static
stm32f1xx_hal_i2c.c:6066:13:I2C_Slave_ADDR	8	static
stm32f1xx_hal_i2c.c:5087:13:HAL_I2C_ListenCpltCallback	0	static
stm32f1xx_hal_i2c.c:6286:13:I2C_Slave_AF	8	static
stm32f1xx_hal_i2c.c:5103:13:HAL_I2C_MemTxCpltCallback	0	static
stm32f1xx_hal_i2c.c:5393:13:I2C_MemoryTransmit_TXE_BTF	8	static
stm32f1xx_hal_i2c.c:5232:13:I2C_MasterTransmit_TXE	8	static
stm32f1xx_hal_i2c.c:5119:13:HAL_I2C_MemRxCpltCallback	0	static
stm32f1xx_hal_i2c.c:5585:13:I2C_MasterReceive_BTF	8	static
stm32f1xx_hal_i2c.c:5135:13:HAL_I2C_ErrorCallback	0	static
stm32f1xx_hal_i2c.c:7015:13:I2C_DMAError	8	static
stm32f1xx_hal_i2c.c:6877:13:I2C_DMAXferCplt	16	static
stm32f1xx_hal_i2c.c:5477:13:I2C_MasterReceive_RXNE	8	static
stm32f1xx_hal_i2c.c:5151:13:HAL_I2C_AbortCpltCallback	0	static
stm32f1xx_hal_i2c.c:7050:13:I2C_DMAAbort	16	static
stm32f1xx_hal_i2c.c:6352:13:I2C_ITError	8	static
stm32f1xx_hal_i2c.c:4696:19:HAL_I2C_Master_Abort_IT	8	static
stm32f1xx_hal_i2c.c:6117:13:I2C_Slave_STOPF	24	static
stm32f1xx_hal_i2c.c:4755:6:HAL_I2C_EV_IRQHandler	24	static
stm32f1xx_hal_i2c.c:4921:6:HAL_I2C_ER_IRQHandler	24	static
stm32f1xx_hal_i2c.c:5186:22:HAL_I2C_GetState	0	static
stm32f1xx_hal_i2c.c:5198:21:HAL_I2C_GetMode	0	static
stm32f1xx_hal_i2c.c:5209:10:HAL_I2C_GetError	0	static
